loading app allocation_app.py
loading app ryu.app.ofctl_rest
loading app ryu.controller.ofp_handler
instantiating app None of DPSet
creating context dpset
creating context wsgi
instantiating app allocation_app.py of SimpleMonitor13
instantiating app ryu.app.ofctl_rest of RestStatsApi
instantiating app ryu.controller.ofp_handler of OFPHandler
(21663) wsgi starting up on http://0.0.0.0:8080
packet in 1 00:00:00:00:00:21 ff:ff:ff:ff:ff:ff 1
packet in 1 00:00:00:00:00:22 00:00:00:00:00:21 2
packet in 2 00:00:00:00:00:21 ff:ff:ff:ff:ff:ff 1
packet in 1 00:00:00:00:00:21 00:00:00:00:00:22 1
packet in 3 00:00:00:00:00:21 ff:ff:ff:ff:ff:ff 1
packet in 4 00:00:00:00:00:21 ff:ff:ff:ff:ff:ff 5
packet in 1 00:00:00:00:00:21 ff:ff:ff:ff:ff:ff 1
packet in 1 00:00:00:00:00:23 00:00:00:00:00:21 3
packet in 2 00:00:00:00:00:21 ff:ff:ff:ff:ff:ff 1
packet in 1 00:00:00:00:00:21 00:00:00:00:00:23 1
packet in 3 00:00:00:00:00:21 ff:ff:ff:ff:ff:ff 1
packet in 4 00:00:00:00:00:21 ff:ff:ff:ff:ff:ff 5
packet in 1 00:00:00:00:00:21 ff:ff:ff:ff:ff:ff 1
packet in 1 00:00:00:00:00:24 00:00:00:00:00:21 4
packet in 2 00:00:00:00:00:21 ff:ff:ff:ff:ff:ff 1
packet in 1 00:00:00:00:00:21 00:00:00:00:00:24 1
packet in 3 00:00:00:00:00:21 ff:ff:ff:ff:ff:ff 1
packet in 1 00:00:00:00:00:21 ff:ff:ff:ff:ff:ff 1
packet in 4 00:00:00:00:00:21 ff:ff:ff:ff:ff:ff 5
packet in 2 00:00:00:00:00:21 ff:ff:ff:ff:ff:ff 1
packet in 3 00:00:00:00:00:21 ff:ff:ff:ff:ff:ff 1
packet in 4 00:00:00:00:00:21 ff:ff:ff:ff:ff:ff 5
packet in 4 00:00:00:00:00:31 00:00:00:00:00:21 1
packet in 3 00:00:00:00:00:31 00:00:00:00:00:21 2
packet in 2 00:00:00:00:00:31 00:00:00:00:00:21 2
packet in 1 00:00:00:00:00:31 00:00:00:00:00:21 5
packet in 1 00:00:00:00:00:21 00:00:00:00:00:31 1
packet in 2 00:00:00:00:00:21 00:00:00:00:00:31 1
packet in 3 00:00:00:00:00:21 00:00:00:00:00:31 1
packet in 4 00:00:00:00:00:21 00:00:00:00:00:31 5
packet in 1 00:00:00:00:00:21 ff:ff:ff:ff:ff:ff 1
packet in 2 00:00:00:00:00:21 ff:ff:ff:ff:ff:ff 1
packet in 3 00:00:00:00:00:21 ff:ff:ff:ff:ff:ff 1
packet in 4 00:00:00:00:00:21 ff:ff:ff:ff:ff:ff 5
packet in 4 00:00:00:00:00:32 00:00:00:00:00:21 2
packet in 3 00:00:00:00:00:32 00:00:00:00:00:21 2
packet in 2 00:00:00:00:00:32 00:00:00:00:00:21 2
packet in 1 00:00:00:00:00:32 00:00:00:00:00:21 5
packet in 1 00:00:00:00:00:21 00:00:00:00:00:32 1
packet in 2 00:00:00:00:00:21 00:00:00:00:00:32 1
packet in 3 00:00:00:00:00:21 00:00:00:00:00:32 1
packet in 4 00:00:00:00:00:21 00:00:00:00:00:32 5
packet in 1 00:00:00:00:00:21 ff:ff:ff:ff:ff:ff 1
packet in 2 00:00:00:00:00:21 ff:ff:ff:ff:ff:ff 1
packet in 3 00:00:00:00:00:21 ff:ff:ff:ff:ff:ff 1
packet in 4 00:00:00:00:00:21 ff:ff:ff:ff:ff:ff 5
packet in 4 00:00:00:00:00:33 00:00:00:00:00:21 3
packet in 3 00:00:00:00:00:33 00:00:00:00:00:21 2
packet in 2 00:00:00:00:00:33 00:00:00:00:00:21 2
packet in 1 00:00:00:00:00:33 00:00:00:00:00:21 5
packet in 1 00:00:00:00:00:21 00:00:00:00:00:33 1
packet in 2 00:00:00:00:00:21 00:00:00:00:00:33 1
packet in 3 00:00:00:00:00:21 00:00:00:00:00:33 1
packet in 4 00:00:00:00:00:21 00:00:00:00:00:33 5
packet in 1 00:00:00:00:00:21 ff:ff:ff:ff:ff:ff 1
packet in 2 00:00:00:00:00:21 ff:ff:ff:ff:ff:ff 1
packet in 3 00:00:00:00:00:21 ff:ff:ff:ff:ff:ff 1
packet in 4 00:00:00:00:00:21 ff:ff:ff:ff:ff:ff 5
packet in 4 00:00:00:00:00:34 00:00:00:00:00:21 4
packet in 3 00:00:00:00:00:34 00:00:00:00:00:21 2
packet in 2 00:00:00:00:00:34 00:00:00:00:00:21 2
packet in 1 00:00:00:00:00:34 00:00:00:00:00:21 5
packet in 1 00:00:00:00:00:21 00:00:00:00:00:34 1
packet in 2 00:00:00:00:00:21 00:00:00:00:00:34 1
packet in 3 00:00:00:00:00:21 00:00:00:00:00:34 1
packet in 4 00:00:00:00:00:21 00:00:00:00:00:34 5
packet in 1 00:00:00:00:00:22 ff:ff:ff:ff:ff:ff 2
packet in 1 00:00:00:00:00:23 00:00:00:00:00:22 3
packet in 2 00:00:00:00:00:22 ff:ff:ff:ff:ff:ff 1
packet in 1 00:00:00:00:00:22 00:00:00:00:00:23 2
packet in 3 00:00:00:00:00:22 ff:ff:ff:ff:ff:ff 1
packet in 4 00:00:00:00:00:22 ff:ff:ff:ff:ff:ff 5
packet in 1 00:00:00:00:00:22 ff:ff:ff:ff:ff:ff 2
packet in 1 00:00:00:00:00:24 00:00:00:00:00:22 4
packet in 2 00:00:00:00:00:22 ff:ff:ff:ff:ff:ff 1
packet in 1 00:00:00:00:00:22 00:00:00:00:00:24 2
packet in 3 00:00:00:00:00:22 ff:ff:ff:ff:ff:ff 1
packet in 1 00:00:00:00:00:22 ff:ff:ff:ff:ff:ff 2
packet in 4 00:00:00:00:00:22 ff:ff:ff:ff:ff:ff 5
packet in 2 00:00:00:00:00:22 ff:ff:ff:ff:ff:ff 1
packet in 3 00:00:00:00:00:22 ff:ff:ff:ff:ff:ff 1
packet in 4 00:00:00:00:00:22 ff:ff:ff:ff:ff:ff 5
packet in 4 00:00:00:00:00:31 00:00:00:00:00:22 1
packet in 3 00:00:00:00:00:31 00:00:00:00:00:22 2
packet in 2 00:00:00:00:00:31 00:00:00:00:00:22 2
packet in 1 00:00:00:00:00:31 00:00:00:00:00:22 5
packet in 1 00:00:00:00:00:22 00:00:00:00:00:31 2
packet in 2 00:00:00:00:00:22 00:00:00:00:00:31 1
packet in 3 00:00:00:00:00:22 00:00:00:00:00:31 1
packet in 4 00:00:00:00:00:22 00:00:00:00:00:31 5
packet in 1 00:00:00:00:00:22 ff:ff:ff:ff:ff:ff 2
packet in 2 00:00:00:00:00:22 ff:ff:ff:ff:ff:ff 1
packet in 3 00:00:00:00:00:22 ff:ff:ff:ff:ff:ff 1
packet in 4 00:00:00:00:00:22 ff:ff:ff:ff:ff:ff 5
packet in 4 00:00:00:00:00:32 00:00:00:00:00:22 2
packet in 3 00:00:00:00:00:32 00:00:00:00:00:22 2
packet in 2 00:00:00:00:00:32 00:00:00:00:00:22 2
packet in 1 00:00:00:00:00:32 00:00:00:00:00:22 5
packet in 1 00:00:00:00:00:22 00:00:00:00:00:32 2
packet in 2 00:00:00:00:00:22 00:00:00:00:00:32 1
packet in 3 00:00:00:00:00:22 00:00:00:00:00:32 1
packet in 4 00:00:00:00:00:22 00:00:00:00:00:32 5
packet in 1 00:00:00:00:00:22 ff:ff:ff:ff:ff:ff 2
packet in 2 00:00:00:00:00:22 ff:ff:ff:ff:ff:ff 1
packet in 3 00:00:00:00:00:22 ff:ff:ff:ff:ff:ff 1
packet in 4 00:00:00:00:00:22 ff:ff:ff:ff:ff:ff 5
packet in 4 00:00:00:00:00:33 00:00:00:00:00:22 3
packet in 3 00:00:00:00:00:33 00:00:00:00:00:22 2
packet in 2 00:00:00:00:00:33 00:00:00:00:00:22 2
packet in 1 00:00:00:00:00:33 00:00:00:00:00:22 5
packet in 1 00:00:00:00:00:22 00:00:00:00:00:33 2
packet in 2 00:00:00:00:00:22 00:00:00:00:00:33 1
packet in 3 00:00:00:00:00:22 00:00:00:00:00:33 1
packet in 4 00:00:00:00:00:22 00:00:00:00:00:33 5
packet in 1 00:00:00:00:00:22 ff:ff:ff:ff:ff:ff 2
packet in 2 00:00:00:00:00:22 ff:ff:ff:ff:ff:ff 1
packet in 3 00:00:00:00:00:22 ff:ff:ff:ff:ff:ff 1
packet in 4 00:00:00:00:00:22 ff:ff:ff:ff:ff:ff 5
packet in 4 00:00:00:00:00:34 00:00:00:00:00:22 4
packet in 3 00:00:00:00:00:34 00:00:00:00:00:22 2
packet in 2 00:00:00:00:00:34 00:00:00:00:00:22 2
packet in 1 00:00:00:00:00:34 00:00:00:00:00:22 5
packet in 1 00:00:00:00:00:22 00:00:00:00:00:34 2
packet in 2 00:00:00:00:00:22 00:00:00:00:00:34 1
packet in 3 00:00:00:00:00:22 00:00:00:00:00:34 1
packet in 4 00:00:00:00:00:22 00:00:00:00:00:34 5
packet in 1 00:00:00:00:00:23 ff:ff:ff:ff:ff:ff 3
packet in 1 00:00:00:00:00:24 00:00:00:00:00:23 4
packet in 2 00:00:00:00:00:23 ff:ff:ff:ff:ff:ff 1
packet in 1 00:00:00:00:00:23 00:00:00:00:00:24 3
packet in 3 00:00:00:00:00:23 ff:ff:ff:ff:ff:ff 1
packet in 1 00:00:00:00:00:23 ff:ff:ff:ff:ff:ff 3
packet in 4 00:00:00:00:00:23 ff:ff:ff:ff:ff:ff 5
packet in 2 00:00:00:00:00:23 ff:ff:ff:ff:ff:ff 1
packet in 3 00:00:00:00:00:23 ff:ff:ff:ff:ff:ff 1
packet in 4 00:00:00:00:00:23 ff:ff:ff:ff:ff:ff 5
packet in 4 00:00:00:00:00:31 00:00:00:00:00:23 1
packet in 3 00:00:00:00:00:31 00:00:00:00:00:23 2
packet in 2 00:00:00:00:00:31 00:00:00:00:00:23 2
packet in 1 00:00:00:00:00:31 00:00:00:00:00:23 5
packet in 1 00:00:00:00:00:23 00:00:00:00:00:31 3
packet in 2 00:00:00:00:00:23 00:00:00:00:00:31 1
packet in 3 00:00:00:00:00:23 00:00:00:00:00:31 1
packet in 4 00:00:00:00:00:23 00:00:00:00:00:31 5
packet in 1 00:00:00:00:00:23 ff:ff:ff:ff:ff:ff 3
packet in 2 00:00:00:00:00:23 ff:ff:ff:ff:ff:ff 1
packet in 3 00:00:00:00:00:23 ff:ff:ff:ff:ff:ff 1
packet in 4 00:00:00:00:00:23 ff:ff:ff:ff:ff:ff 5
packet in 4 00:00:00:00:00:32 00:00:00:00:00:23 2
packet in 3 00:00:00:00:00:32 00:00:00:00:00:23 2
packet in 2 00:00:00:00:00:32 00:00:00:00:00:23 2
packet in 1 00:00:00:00:00:32 00:00:00:00:00:23 5
packet in 1 00:00:00:00:00:23 00:00:00:00:00:32 3
packet in 2 00:00:00:00:00:23 00:00:00:00:00:32 1
packet in 3 00:00:00:00:00:23 00:00:00:00:00:32 1
packet in 4 00:00:00:00:00:23 00:00:00:00:00:32 5
packet in 1 00:00:00:00:00:23 ff:ff:ff:ff:ff:ff 3
packet in 2 00:00:00:00:00:23 ff:ff:ff:ff:ff:ff 1
packet in 3 00:00:00:00:00:23 ff:ff:ff:ff:ff:ff 1
packet in 4 00:00:00:00:00:23 ff:ff:ff:ff:ff:ff 5
packet in 4 00:00:00:00:00:33 00:00:00:00:00:23 3
packet in 3 00:00:00:00:00:33 00:00:00:00:00:23 2
packet in 2 00:00:00:00:00:33 00:00:00:00:00:23 2
packet in 1 00:00:00:00:00:33 00:00:00:00:00:23 5
packet in 1 00:00:00:00:00:23 00:00:00:00:00:33 3
packet in 2 00:00:00:00:00:23 00:00:00:00:00:33 1
packet in 3 00:00:00:00:00:23 00:00:00:00:00:33 1
packet in 4 00:00:00:00:00:23 00:00:00:00:00:33 5
packet in 1 00:00:00:00:00:23 ff:ff:ff:ff:ff:ff 3
packet in 2 00:00:00:00:00:23 ff:ff:ff:ff:ff:ff 1
packet in 3 00:00:00:00:00:23 ff:ff:ff:ff:ff:ff 1
packet in 4 00:00:00:00:00:23 ff:ff:ff:ff:ff:ff 5
packet in 4 00:00:00:00:00:34 00:00:00:00:00:23 4
packet in 3 00:00:00:00:00:34 00:00:00:00:00:23 2
packet in 2 00:00:00:00:00:34 00:00:00:00:00:23 2
packet in 1 00:00:00:00:00:34 00:00:00:00:00:23 5
packet in 1 00:00:00:00:00:23 00:00:00:00:00:34 3
packet in 2 00:00:00:00:00:23 00:00:00:00:00:34 1
packet in 3 00:00:00:00:00:23 00:00:00:00:00:34 1
packet in 4 00:00:00:00:00:23 00:00:00:00:00:34 5
packet in 1 00:00:00:00:00:24 ff:ff:ff:ff:ff:ff 4
packet in 2 00:00:00:00:00:24 ff:ff:ff:ff:ff:ff 1
packet in 3 00:00:00:00:00:24 ff:ff:ff:ff:ff:ff 1
packet in 4 00:00:00:00:00:24 ff:ff:ff:ff:ff:ff 5
packet in 4 00:00:00:00:00:31 00:00:00:00:00:24 1
packet in 3 00:00:00:00:00:31 00:00:00:00:00:24 2
packet in 2 00:00:00:00:00:31 00:00:00:00:00:24 2
packet in 1 00:00:00:00:00:31 00:00:00:00:00:24 5
packet in 1 00:00:00:00:00:24 00:00:00:00:00:31 4
packet in 2 00:00:00:00:00:24 00:00:00:00:00:31 1
packet in 3 00:00:00:00:00:24 00:00:00:00:00:31 1
packet in 4 00:00:00:00:00:24 00:00:00:00:00:31 5
packet in 1 00:00:00:00:00:24 ff:ff:ff:ff:ff:ff 4
packet in 2 00:00:00:00:00:24 ff:ff:ff:ff:ff:ff 1
packet in 3 00:00:00:00:00:24 ff:ff:ff:ff:ff:ff 1
packet in 4 00:00:00:00:00:24 ff:ff:ff:ff:ff:ff 5
packet in 4 00:00:00:00:00:32 00:00:00:00:00:24 2
packet in 3 00:00:00:00:00:32 00:00:00:00:00:24 2
packet in 2 00:00:00:00:00:32 00:00:00:00:00:24 2
packet in 1 00:00:00:00:00:32 00:00:00:00:00:24 5
packet in 1 00:00:00:00:00:24 00:00:00:00:00:32 4
packet in 2 00:00:00:00:00:24 00:00:00:00:00:32 1
packet in 3 00:00:00:00:00:24 00:00:00:00:00:32 1
packet in 4 00:00:00:00:00:24 00:00:00:00:00:32 5
packet in 1 00:00:00:00:00:24 ff:ff:ff:ff:ff:ff 4
packet in 2 00:00:00:00:00:24 ff:ff:ff:ff:ff:ff 1
packet in 3 00:00:00:00:00:24 ff:ff:ff:ff:ff:ff 1
packet in 4 00:00:00:00:00:24 ff:ff:ff:ff:ff:ff 5
packet in 4 00:00:00:00:00:33 00:00:00:00:00:24 3
packet in 3 00:00:00:00:00:33 00:00:00:00:00:24 2
packet in 2 00:00:00:00:00:33 00:00:00:00:00:24 2
packet in 1 00:00:00:00:00:33 00:00:00:00:00:24 5
packet in 1 00:00:00:00:00:24 00:00:00:00:00:33 4
packet in 2 00:00:00:00:00:24 00:00:00:00:00:33 1
packet in 3 00:00:00:00:00:24 00:00:00:00:00:33 1
packet in 4 00:00:00:00:00:24 00:00:00:00:00:33 5
packet in 1 00:00:00:00:00:24 ff:ff:ff:ff:ff:ff 4
packet in 2 00:00:00:00:00:24 ff:ff:ff:ff:ff:ff 1
packet in 3 00:00:00:00:00:24 ff:ff:ff:ff:ff:ff 1
packet in 4 00:00:00:00:00:24 ff:ff:ff:ff:ff:ff 5
packet in 4 00:00:00:00:00:34 00:00:00:00:00:24 4
packet in 3 00:00:00:00:00:34 00:00:00:00:00:24 2
packet in 2 00:00:00:00:00:34 00:00:00:00:00:24 2
packet in 1 00:00:00:00:00:34 00:00:00:00:00:24 5
packet in 1 00:00:00:00:00:24 00:00:00:00:00:34 4
packet in 2 00:00:00:00:00:24 00:00:00:00:00:34 1
packet in 3 00:00:00:00:00:24 00:00:00:00:00:34 1
packet in 4 00:00:00:00:00:24 00:00:00:00:00:34 5
packet in 4 00:00:00:00:00:31 ff:ff:ff:ff:ff:ff 1
packet in 4 00:00:00:00:00:32 00:00:00:00:00:31 2
packet in 3 00:00:00:00:00:31 ff:ff:ff:ff:ff:ff 2
packet in 4 00:00:00:00:00:31 00:00:00:00:00:32 1
packet in 2 00:00:00:00:00:31 ff:ff:ff:ff:ff:ff 2
packet in 1 00:00:00:00:00:31 ff:ff:ff:ff:ff:ff 5
packet in 4 00:00:00:00:00:31 ff:ff:ff:ff:ff:ff 1
packet in 4 00:00:00:00:00:33 00:00:00:00:00:31 3
packet in 3 00:00:00:00:00:31 ff:ff:ff:ff:ff:ff 2
packet in 4 00:00:00:00:00:31 00:00:00:00:00:33 1
packet in 2 00:00:00:00:00:31 ff:ff:ff:ff:ff:ff 2
packet in 1 00:00:00:00:00:31 ff:ff:ff:ff:ff:ff 5
packet in 4 00:00:00:00:00:31 ff:ff:ff:ff:ff:ff 1
packet in 4 00:00:00:00:00:34 00:00:00:00:00:31 4
packet in 3 00:00:00:00:00:31 ff:ff:ff:ff:ff:ff 2
packet in 4 00:00:00:00:00:31 00:00:00:00:00:34 1
packet in 2 00:00:00:00:00:31 ff:ff:ff:ff:ff:ff 2
packet in 1 00:00:00:00:00:31 ff:ff:ff:ff:ff:ff 5
packet in 4 00:00:00:00:00:32 ff:ff:ff:ff:ff:ff 2
packet in 4 00:00:00:00:00:33 00:00:00:00:00:32 3
packet in 3 00:00:00:00:00:32 ff:ff:ff:ff:ff:ff 2
packet in 4 00:00:00:00:00:32 00:00:00:00:00:33 2
packet in 2 00:00:00:00:00:32 ff:ff:ff:ff:ff:ff 2
packet in 1 00:00:00:00:00:32 ff:ff:ff:ff:ff:ff 5
packet in 4 00:00:00:00:00:32 ff:ff:ff:ff:ff:ff 2
packet in 4 00:00:00:00:00:34 00:00:00:00:00:32 4
packet in 3 00:00:00:00:00:32 ff:ff:ff:ff:ff:ff 2
packet in 4 00:00:00:00:00:32 00:00:00:00:00:34 2
packet in 2 00:00:00:00:00:32 ff:ff:ff:ff:ff:ff 2
packet in 1 00:00:00:00:00:32 ff:ff:ff:ff:ff:ff 5
packet in 4 00:00:00:00:00:33 ff:ff:ff:ff:ff:ff 3
packet in 4 00:00:00:00:00:34 00:00:00:00:00:33 4
packet in 3 00:00:00:00:00:33 ff:ff:ff:ff:ff:ff 2
packet in 4 00:00:00:00:00:33 00:00:00:00:00:34 3
packet in 2 00:00:00:00:00:33 ff:ff:ff:ff:ff:ff 2
packet in 1 00:00:00:00:00:33 ff:ff:ff:ff:ff:ff 5
(21663) accepted ('127.0.0.1', 43366)
127.0.0.1 - - [16/Jun/2025 03:40:40] "POST /stats/meterentry/add HTTP/1.1" 200 139 0.005624
(21663) accepted ('127.0.0.1', 43374)
127.0.0.1 - - [16/Jun/2025 03:40:40] "POST /stats/meterentry/add HTTP/1.1" 200 139 0.000474
(21663) accepted ('127.0.0.1', 43388)
127.0.0.1 - - [16/Jun/2025 03:40:40] "POST /stats/meterentry/add HTTP/1.1" 200 139 0.000535
(21663) accepted ('127.0.0.1', 43400)
127.0.0.1 - - [16/Jun/2025 03:40:40] "POST /stats/meterentry/add HTTP/1.1" 200 139 0.000522
(21663) accepted ('127.0.0.1', 43414)
127.0.0.1 - - [16/Jun/2025 03:40:40] "POST /stats/meterentry/add HTTP/1.1" 200 139 0.000973
(21663) accepted ('127.0.0.1', 43422)
127.0.0.1 - - [16/Jun/2025 03:40:40] "POST /stats/meterentry/add HTTP/1.1" 200 139 0.000558
(21663) accepted ('127.0.0.1', 43432)
127.0.0.1 - - [16/Jun/2025 03:40:40] "POST /stats/meterentry/add HTTP/1.1" 200 139 0.000539
(21663) accepted ('127.0.0.1', 43434)
127.0.0.1 - - [16/Jun/2025 03:40:40] "POST /stats/meterentry/add HTTP/1.1" 200 139 0.000541
(21663) accepted ('127.0.0.1', 43450)
127.0.0.1 - - [16/Jun/2025 03:40:40] "POST /stats/flowentry/add HTTP/1.1" 200 139 0.001142
(21663) accepted ('127.0.0.1', 43464)
127.0.0.1 - - [16/Jun/2025 03:40:40] "POST /stats/flowentry/add HTTP/1.1" 200 139 0.000685
(21663) accepted ('127.0.0.1', 43480)
127.0.0.1 - - [16/Jun/2025 03:40:40] "POST /stats/flowentry/add HTTP/1.1" 200 139 0.000767
(21663) accepted ('127.0.0.1', 43484)
127.0.0.1 - - [16/Jun/2025 03:40:40] "POST /stats/flowentry/add HTTP/1.1" 200 139 0.000669
(21663) accepted ('127.0.0.1', 43498)
127.0.0.1 - - [16/Jun/2025 03:40:40] "POST /stats/flowentry/add HTTP/1.1" 200 139 0.000711
(21663) accepted ('127.0.0.1', 43500)
127.0.0.1 - - [16/Jun/2025 03:40:40] "POST /stats/flowentry/add HTTP/1.1" 200 139 0.000642
(21663) accepted ('127.0.0.1', 43516)
127.0.0.1 - - [16/Jun/2025 03:40:40] "POST /stats/flowentry/add HTTP/1.1" 200 139 0.000665
(21663) accepted ('127.0.0.1', 43530)
127.0.0.1 - - [16/Jun/2025 03:40:40] "POST /stats/flowentry/add HTTP/1.1" 200 139 0.000635
>>> t=2.00 s; Pushed new meters: {1: 37157.499999999956, 2: 39560.06250000003, 3: 18214.875000000015, 4: 5067.562500000001}
>>> t=3.00 s; Pushed new meters: {1: 37133.89465997419, 2: 39567.925704538924, 3: 18222.746067743436, 4: 5075.433567743452}
>>> t=4.00 s; Pushed new meters: {1: 37133.89465997419, 2: 39567.925704538924, 3: 18222.746067743436, 4: 5075.433567743452}
>>> t=5.00 s; Pushed new meters: {1: 37133.89465997419, 2: 39567.925704538924, 3: 18222.746067743436, 4: 5075.433567743452}
>>> t=6.00 s; Pushed new meters: {1: 37027.566449299324, 2: 39634.87499082181, 3: 18250.312496066395, 4: 5087.246063812474}
>>> t=7.00 s; Pushed new meters: {1: 36988.21953885438, 2: 39662.43749999997, 3: 18262.125000000466, 4: 5087.217961145192}
>>> t=8.00 s; Pushed new meters: {1: 36988.21953885438, 2: 39662.43749999997, 3: 18262.125000000466, 4: 5087.217961145192}
>>> t=9.00 s; Pushed new meters: {1: 36988.21953885438, 2: 39662.43749999997, 3: 18262.125000000466, 4: 5087.217961145192}
>>> t=10.00 s; Pushed new meters: {1: 36988.21953885438, 2: 39662.43749999997, 3: 18262.125000000466, 4: 5087.217961145192}
>>> t=11.00 s; Pushed new meters: {1: 36988.21953885438, 2: 39662.43749999997, 3: 18262.125000000466, 4: 5087.217961145192}
>>> t=12.00 s; Pushed new meters: {1: 32232.92506946709, 2: 42593.654930388584, 3: 19707.942056195552, 4: 5465.4779439487775}
>>> t=13.00 s; Pushed new meters: {1: 29726.133522081123, 2: 45193.58885105286, 3: 20724.375587112183, 4: 4355.902043948778}
>>> t=14.00 s; Pushed new meters: {1: 29586.068758399342, 2: 44984.076896091625, 3: 20630.041849703917, 4: 4799.812500000062}
>>> t=15.00 s; Pushed new meters: {1: 29514.814478973683, 2: 44877.960649579945, 3: 20583.002419775334, 4: 5024.222455865982}
>>> t=16.00 s; Pushed new meters: {1: 29507.306440125318, 2: 44866.81246322217, 3: 20578.006098224807, 4: 5047.875002622644}
>>> t=17.00 s; Pushed new meters: {1: 29494.77085498001, 2: 44848.21447232234, 3: 20569.748968793414, 4: 5087.2657080991785}
>>> t=18.00 s; Pushed new meters: {1: 29491.009506723065, 2: 44842.62647328868, 3: 20567.266145674806, 4: 5099.097878508389}
>>> t=19.00 s; Pushed new meters: {1: 29491.009506723065, 2: 44842.62647328868, 3: 20567.266145674806, 4: 5099.097878508389}
>>> t=20.00 s; Pushed new meters: {1: 29491.009506723065, 2: 44842.62647328868, 3: 20567.266145674806, 4: 5099.097878508389}
>>> t=21.00 s; Pushed new meters: {1: 29491.009506723065, 2: 44842.62647328868, 3: 20567.266145674806, 4: 5099.097878508389}
>>> t=22.00 s; Pushed new meters: {1: 29491.009506723065, 2: 44842.62647328868, 3: 20567.266145674806, 4: 5099.097878508389}
>>> t=23.00 s; Pushed new meters: {1: 29491.009506723065, 2: 44842.62647328868, 3: 20567.266145674806, 4: 5099.097878508389}
>>> t=24.00 s; Pushed new meters: {1: 29491.009506723065, 2: 44842.62647328868, 3: 20567.266145674806, 4: 5099.097878508389}
>>> t=25.00 s; Pushed new meters: {1: 29491.009506723065, 2: 44842.62647328868, 3: 20567.266145674806, 4: 5099.097878508389}
>>> t=26.00 s; Pushed new meters: {1: 29491.009506723065, 2: 44842.62647328868, 3: 20567.266145674806, 4: 5099.097878508389}
>>> t=27.00 s; Pushed new meters: {1: 29491.009506723065, 2: 44842.62647328868, 3: 20567.266145674806, 4: 5099.097878508389}
>>> t=28.00 s; Pushed new meters: {1: 29491.009506723065, 2: 44842.62647328868, 3: 20567.266145674806, 4: 5099.097878508389}
>>> t=29.00 s; Pushed new meters: {1: 29491.009506723065, 2: 44842.62647328868, 3: 20567.266145674806, 4: 5099.097878508389}
>>> t=30.00 s; Pushed new meters: {1: 29491.009506723065, 2: 44842.62647328868, 3: 20567.266145674806, 4: 5099.097878508389}
>>> t=31.00 s; Pushed new meters: {1: 29491.009506723065, 2: 44842.62647328868, 3: 20567.266145674806, 4: 5099.097878508389}
>>> t=32.00 s; Pushed new meters: {1: 29491.009506723065, 2: 44842.62647328868, 3: 20567.266145674806, 4: 5099.097878508389}
>>> t=33.00 s; Pushed new meters: {1: 30948.75000000623, 2: 41391.000000005355, 3: 23058.00000000489, 4: 4602.250008508389}
>>> t=34.00 s; Pushed new meters: {1: 32435.460840006228, 2: 43395.74010000536, 3: 24168.79906000489, 4: 0}
>>> t=35.00 s; Pushed new meters: {1: 30272.952895578455, 2: 40526.378606595215, 3: 22562.04349784168, 4: 6638.62500000112}
>>> t=36.00 s; Pushed new meters: {1: 30272.952895578455, 2: 40526.378606595215, 3: 22562.04349784168, 4: 6638.62500000112}
>>> t=37.00 s; Pushed new meters: {1: 30272.952895578455, 2: 40526.378606595215, 3: 22562.04349784168, 4: 6638.62500000112}
>>> t=38.00 s; Pushed new meters: {1: 30272.952895578455, 2: 40526.378606595215, 3: 22562.04349784168, 4: 6638.62500000112}
>>> t=39.00 s; Pushed new meters: {1: 30272.952895578455, 2: 40526.378606595215, 3: 22562.04349784168, 4: 6638.62500000112}
>>> t=40.00 s; Pushed new meters: {1: 30272.952895578455, 2: 40526.378606595215, 3: 22562.04349784168, 4: 6638.62500000112}
>>> t=41.00 s; Pushed new meters: {1: 30272.952895578455, 2: 40526.378606595215, 3: 22562.04349784168, 4: 6638.62500000112}
>>> t=42.00 s; Pushed new meters: {1: 30272.952895578455, 2: 40526.378606595215, 3: 22562.04349784168, 4: 6638.62500000112}
>>> t=43.00 s; Pushed new meters: {1: 30272.952895578455, 2: 40526.378606595215, 3: 22562.04349784168, 4: 6638.62500000112}
>>> t=44.00 s; Pushed new meters: {1: 30272.952895578455, 2: 40526.378606595215, 3: 22562.04349784168, 4: 6638.62500000112}
>>> t=45.00 s; Pushed new meters: {1: 30272.952895578455, 2: 40526.378606595215, 3: 22562.04349784168, 4: 6638.62500000112}
>>> t=46.00 s; Pushed new meters: {1: 30272.952895578455, 2: 40526.378606595215, 3: 22562.04349784168, 4: 6638.62500000112}
>>> t=47.00 s; Pushed new meters: {1: 30272.952895578455, 2: 40526.378606595215, 3: 22562.04349784168, 4: 6638.62500000112}
>>> t=48.00 s; Pushed new meters: {1: 30272.952895578455, 2: 40526.378606595215, 3: 22562.04349784168, 4: 6638.62500000112}
>>> t=49.00 s; Pushed new meters: {1: 30272.952895578455, 2: 40526.378606595215, 3: 22562.04349784168, 4: 6638.62500000112}
>>> t=50.00 s; Pushed new meters: {1: 30185.893468855207, 2: 40410.55937000866, 3: 22497.278366108996, 4: 6906.268795043606}
>>> t=51.00 s; Pushed new meters: {1: 30185.893468855207, 2: 40410.55937000866, 3: 22497.278366108996, 4: 6906.268795043606}
>>> t=52.00 s; Pushed new meters: {1: 30185.893468855207, 2: 40410.55937000866, 3: 22497.278366108996, 4: 6906.268795043606}
>>> t=53.00 s; Pushed new meters: {1: 30185.893468855207, 2: 40410.55937000866, 3: 22497.278366108996, 4: 6906.268795043606}
>>> t=54.00 s; Pushed new meters: {1: 30185.893468855207, 2: 40410.55937000866, 3: 22497.278366108996, 4: 6906.268795043606}
>>> t=55.00 s; Pushed new meters: {1: 30185.893468855207, 2: 40410.55937000866, 3: 22497.278366108996, 4: 6906.268795043606}
>>> t=56.00 s; Pushed new meters: {1: 30185.893468855207, 2: 40410.55937000866, 3: 22497.278366108996, 4: 6906.268795043606}
>>> t=57.00 s; Pushed new meters: {1: 30185.893468855207, 2: 40410.55937000866, 3: 22497.278366108996, 4: 6906.268795043606}
>>> t=58.00 s; Pushed new meters: {1: 30185.893468855207, 2: 40410.55937000866, 3: 22497.278366108996, 4: 6906.268795043606}
>>> t=59.00 s; Pushed new meters: {1: 30185.893468855207, 2: 40410.55937000866, 3: 22497.278366108996, 4: 6906.268795043606}
>>> t=60.00 s; Pushed new meters: {1: 30185.893468855207, 2: 40410.55937000866, 3: 22497.278366108996, 4: 6906.268795043606}
>>> t=61.00 s; Pushed new meters: {1: 30185.893468855207, 2: 40410.55937000866, 3: 22497.278366108996, 4: 6906.268795043606}
>>> t=62.00 s; Pushed new meters: {1: 30185.893468855207, 2: 40410.55937000866, 3: 22497.278366108996, 4: 6906.268795043606}
>>> t=63.00 s; Pushed new meters: {1: 30185.893468855207, 2: 40410.55937000866, 3: 22497.278366108996, 4: 6906.268795043606}
>>> t=64.00 s; Pushed new meters: {1: 30185.893468855207, 2: 40410.55937000866, 3: 22497.278366108996, 4: 6906.268795043606}
>>> t=65.00 s; Pushed new meters: {1: 30185.893468855207, 2: 40410.55937000866, 3: 22497.278366108996, 4: 6906.268795043606}
>>> t=66.00 s; Pushed new meters: {1: 32758.078698855206, 2: 45207.68777000866, 3: 22034.233523803414, 4: 0}
>>> t=67.00 s; Pushed new meters: {1: 32758.078698855206, 2: 45207.68777000866, 3: 22034.233523803414, 4: 0}
>>> t=68.00 s; Pushed new meters: {1: 31265.970551552353, 2: 43977.76128144816, 3: 19968.27996954448, 4: 4787.988190122285}
>>> t=69.00 s; Pushed new meters: {1: 31265.970551552353, 2: 43977.76128144816, 3: 19968.27996954448, 4: 4787.988190122285}
>>> t=70.00 s; Pushed new meters: {1: 31265.970551552353, 2: 43977.76128144816, 3: 19968.27996954448, 4: 4787.988190122285}
>>> t=71.00 s; Pushed new meters: {1: 31265.970551552353, 2: 43977.76128144816, 3: 19968.27996954448, 4: 4787.988190122285}
>>> t=72.00 s; Pushed new meters: {1: 31265.970551552353, 2: 43977.76128144816, 3: 19968.27996954448, 4: 4787.988190122285}
>>> t=73.00 s; Pushed new meters: {1: 31265.970551552353, 2: 43977.76128144816, 3: 19968.27996954448, 4: 4787.988190122285}
>>> t=74.00 s; Pushed new meters: {1: 31265.970551552353, 2: 43977.76128144816, 3: 19968.27996954448, 4: 4787.988190122285}
>>> t=75.00 s; Pushed new meters: {1: 31265.970551552353, 2: 43977.76128144816, 3: 19968.27996954448, 4: 4787.988190122285}
>>> t=76.00 s; Pushed new meters: {1: 31265.970551552353, 2: 43977.76128144816, 3: 19968.27996954448, 4: 4787.988190122285}
>>> t=77.00 s; Pushed new meters: {1: 31265.970551552353, 2: 43977.76128144816, 3: 19968.27996954448, 4: 4787.988190122285}
>>> t=78.00 s; Pushed new meters: {1: 31265.970551552353, 2: 43977.76128144816, 3: 19968.27996954448, 4: 4787.988190122285}
>>> t=79.00 s; Pushed new meters: {1: 31265.970551552353, 2: 43977.76128144816, 3: 19968.27996954448, 4: 4787.988190122285}
>>> t=80.00 s; Pushed new meters: {1: 31265.970551552353, 2: 43977.76128144816, 3: 19968.27996954448, 4: 4787.988190122285}
>>> t=81.00 s; Pushed new meters: {1: 31265.970551552353, 2: 43977.76128144816, 3: 19968.27996954448, 4: 4787.988190122285}
>>> t=82.00 s; Pushed new meters: {1: 31265.970551552353, 2: 43977.76128144816, 3: 19968.27996954448, 4: 4787.988190122285}
>>> t=83.00 s; Pushed new meters: {1: 31265.970551552353, 2: 43977.76128144816, 3: 19968.27996954448, 4: 4787.988190122285}
>>> t=84.00 s; Pushed new meters: {1: 31242.77642967676, 2: 43966.89996833144, 3: 19923.640524264774, 4: 4866.683070394305}
>>> t=85.00 s; Pushed new meters: {1: 31100.6171554076, 2: 44453.119483390474, 3: 19445.7485579403, 4: 5000.514795928904}
>>> t=86.00 s; Pushed new meters: {1: 31100.6171554076, 2: 44453.119483390474, 3: 19445.7485579403, 4: 5000.514795928904}
>>> t=87.00 s; Pushed new meters: {1: 31100.6171554076, 2: 44453.119483390474, 3: 19445.7485579403, 4: 5000.514795928904}
>>> t=88.00 s; Pushed new meters: {1: 31100.6171554076, 2: 44453.119483390474, 3: 19445.7485579403, 4: 5000.514795928904}
>>> t=89.00 s; Pushed new meters: {1: 31100.6171554076, 2: 44453.119483390474, 3: 19445.7485579403, 4: 5000.514795928904}
>>> t=90.00 s; Pushed new meters: {1: 31100.6171554076, 2: 44453.119483390474, 3: 19445.7485579403, 4: 5000.514795928904}
>>> t=91.00 s; Pushed new meters: {1: 31100.6171554076, 2: 44453.119483390474, 3: 19445.7485579403, 4: 5000.514795928904}
>>> t=92.00 s; Pushed new meters: {1: 31100.6171554076, 2: 44453.119483390474, 3: 19445.7485579403, 4: 5000.514795928904}
>>> t=93.00 s; Pushed new meters: {1: 31100.6171554076, 2: 44453.119483390474, 3: 19445.7485579403, 4: 5000.514795928904}
>>> t=94.00 s; Pushed new meters: {1: 31100.6171554076, 2: 44453.119483390474, 3: 19445.7485579403, 4: 5000.514795928904}
>>> t=95.00 s; Pushed new meters: {1: 31100.6171554076, 2: 44453.119483390474, 3: 19445.7485579403, 4: 5000.514795928904}
>>> t=96.00 s; Pushed new meters: {1: 31100.6171554076, 2: 44453.119483390474, 3: 19445.7485579403, 4: 5000.514795928904}
>>> t=97.00 s; Pushed new meters: {1: 31100.6171554076, 2: 44453.119483390474, 3: 19445.7485579403, 4: 5000.514795928904}
>>> t=98.00 s; Pushed new meters: {1: 31100.6171554076, 2: 44453.119483390474, 3: 19445.7485579403, 4: 5000.514795928904}
>>> t=99.00 s; Pushed new meters: {1: 25247.2500000461, 2: 43596.000000086846, 3: 29216.250000054948, 4: 1940.4999959289044}
>>> t=100.00 s; Pushed new meters: {1: 25744.1344300461, 2: 44460.25989008685, 3: 29795.60568005495, 4: 0}
>>> t=101.00 s; Pushed new meters: {1: 24068.747942097936, 2: 41590.84969024575, 3: 27879.004191721473, 4: 6461.398176122738}
>>> t=102.00 s; Pushed new meters: {1: 24068.747942097936, 2: 41590.84969024575, 3: 27879.004191721473, 4: 6461.398176122738}
>>> t=103.00 s; Pushed new meters: {1: 24068.747942097936, 2: 41590.84969024575, 3: 27879.004191721473, 4: 6461.398176122738}
>>> t=104.00 s; Pushed new meters: {1: 24068.747942097936, 2: 41590.84969024575, 3: 27879.004191721473, 4: 6461.398176122738}
>>> t=105.00 s; Pushed new meters: {1: 24068.747942097936, 2: 41590.84969024575, 3: 27879.004191721473, 4: 6461.398176122738}
>>> t=106.00 s; Pushed new meters: {1: 24068.747942097936, 2: 41590.84969024575, 3: 27879.004191721473, 4: 6461.398176122738}
>>> t=107.00 s; Pushed new meters: {1: 24068.747942097936, 2: 41590.84969024575, 3: 27879.004191721473, 4: 6461.398176122738}
>>> t=108.00 s; Pushed new meters: {1: 24068.747942097936, 2: 41590.84969024575, 3: 27879.004191721473, 4: 6461.398176122738}
>>> t=109.00 s; Pushed new meters: {1: 24068.747942097936, 2: 41590.84969024575, 3: 27879.004191721473, 4: 6461.398176122738}
>>> t=110.00 s; Pushed new meters: {1: 24068.747942097936, 2: 41590.84969024575, 3: 27879.004191721473, 4: 6461.398176122738}
>>> t=111.00 s; Pushed new meters: {1: 24068.747942097936, 2: 41590.84969024575, 3: 27879.004191721473, 4: 6461.398176122738}
>>> t=112.00 s; Pushed new meters: {1: 24068.747942097936, 2: 41590.84969024575, 3: 27879.004191721473, 4: 6461.398176122738}
>>> t=113.00 s; Pushed new meters: {1: 24068.747942097936, 2: 41590.84969024575, 3: 27879.004191721473, 4: 6461.398176122738}
>>> t=114.00 s; Pushed new meters: {1: 24068.747942097936, 2: 41590.84969024575, 3: 27879.004191721473, 4: 6461.398176122738}
>>> t=115.00 s; Pushed new meters: {1: 24068.747942097936, 2: 41590.84969024575, 3: 27879.004191721473, 4: 6461.398176122738}
>>> t=116.00 s; Pushed new meters: {1: 24068.747942097936, 2: 41590.84969024575, 3: 27879.004191721473, 4: 6461.398176122738}
>>> t=117.00 s; Pushed new meters: {1: 24068.747942097936, 2: 41590.84969024575, 3: 27879.004191721473, 4: 6461.398176122738}
>>> t=118.00 s; Pushed new meters: {1: 24068.747942097936, 2: 41590.84969024575, 3: 27879.004191721473, 4: 6461.398176122738}
>>> t=119.00 s; Pushed new meters: {1: 24068.747942097936, 2: 41590.84969024575, 3: 27879.004191721473, 4: 6461.398176122738}
>>> t=120.00 s; Pushed new meters: {1: 24068.747942097936, 2: 41590.84969024575, 3: 27879.004191721473, 4: 6461.398176122738}
>>> t=121.00 s; Pushed new meters: {1: 24068.747942097936, 2: 41590.84969024575, 3: 27879.004191721473, 4: 6461.398176122738}
>>> t=122.00 s; Pushed new meters: {1: 24068.747942097936, 2: 41590.84969024575, 3: 27879.004191721473, 4: 6461.398176122738}
>>> t=123.00 s; Pushed new meters: {1: 24068.747942097936, 2: 41590.84969024575, 3: 27879.004191721473, 4: 6461.398176122738}
>>> t=124.00 s; Pushed new meters: {1: 24068.747942097936, 2: 41590.84969024575, 3: 27879.004191721473, 4: 6461.398176122738}
>>> t=125.00 s; Pushed new meters: {1: 24068.747942097936, 2: 41590.84969024575, 3: 27879.004191721473, 4: 6461.398176122738}
>>> t=126.00 s; Pushed new meters: {1: 24068.747942097936, 2: 41590.84969024575, 3: 27879.004191721473, 4: 6461.398176122738}
>>> t=127.00 s; Pushed new meters: {1: 24068.747942097936, 2: 41590.84969024575, 3: 27879.004191721473, 4: 6461.398176122738}
>>> t=128.00 s; Pushed new meters: {1: 24068.747942097936, 2: 41590.84969024575, 3: 27879.004191721473, 4: 6461.398176122738}
>>> t=129.00 s; Pushed new meters: {1: 24068.747942097936, 2: 41590.84969024575, 3: 27879.004191721473, 4: 6461.398176122738}
>>> t=130.00 s; Pushed new meters: {1: 24068.747942097936, 2: 41590.84969024575, 3: 27879.004191721473, 4: 6461.398176122738}
>>> t=131.00 s; Pushed new meters: {1: 24068.747942097936, 2: 41590.84969024575, 3: 27879.004191721473, 4: 6461.398176122738}
>>> t=132.00 s; Pushed new meters: {1: 32961.82840209793, 2: 47067.17326024575, 3: 19970.99834080483, 4: 0}
>>> t=133.00 s; Pushed new meters: {1: 32961.82840209793, 2: 47067.17326024575, 3: 19970.99834080483, 4: 0}
>>> t=134.00 s; Pushed new meters: {1: 32101.912964749405, 2: 44109.94528110857, 3: 18181.141757286823, 4: 5607.000000003713}
>>> t=135.00 s; Pushed new meters: {1: 32101.912964749405, 2: 44109.94528110857, 3: 18181.141757286823, 4: 5607.000000003713}
>>> t=136.00 s; Pushed new meters: {1: 32101.912964749405, 2: 44109.94528110857, 3: 18181.141757286823, 4: 5607.000000003713}
>>> t=137.00 s; Pushed new meters: {1: 32101.912964749405, 2: 44109.94528110857, 3: 18181.141757286823, 4: 5607.000000003713}
>>> t=138.00 s; Pushed new meters: {1: 32101.912964749405, 2: 44109.94528110857, 3: 18181.141757286823, 4: 5607.000000003713}
>>> t=139.00 s; Pushed new meters: {1: 32101.912964749405, 2: 44109.94528110857, 3: 18181.141757286823, 4: 5607.000000003713}
>>> t=140.00 s; Pushed new meters: {1: 32101.912964749405, 2: 44109.94528110857, 3: 18181.141757286823, 4: 5607.000000003713}
>>> t=141.00 s; Pushed new meters: {1: 32101.912964749405, 2: 44109.94528110857, 3: 18181.141757286823, 4: 5607.000000003713}
>>> t=142.00 s; Pushed new meters: {1: 32101.912964749405, 2: 44109.94528110857, 3: 18181.141757286823, 4: 5607.000000003713}
>>> t=143.00 s; Pushed new meters: {1: 32101.912964749405, 2: 44109.94528110857, 3: 18181.141757286823, 4: 5607.000000003713}
>>> t=144.00 s; Pushed new meters: {1: 32101.912964749405, 2: 44109.94528110857, 3: 18181.141757286823, 4: 5607.000000003713}
>>> t=145.00 s; Pushed new meters: {1: 32096.231675023013, 2: 43996.37586990176, 3: 18099.415088548598, 4: 5807.977369675136}
>>> t=146.00 s; Pushed new meters: {1: 32095.96886269761, 2: 43991.936391379044, 3: 18096.23443243745, 4: 5815.860316634409}
>>> t=147.00 s; Pushed new meters: {1: 32095.96886269761, 2: 43991.936391379044, 3: 18096.23443243745, 4: 5815.860316634409}
>>> t=148.00 s; Pushed new meters: {1: 32095.96886269761, 2: 43991.936391379044, 3: 18096.23443243745, 4: 5815.860316634409}
>>> t=149.00 s; Pushed new meters: {1: 32095.96886269761, 2: 43991.936391379044, 3: 18096.23443243745, 4: 5815.860316634409}
>>> t=150.00 s; Pushed new meters: {1: 32095.96886269761, 2: 43991.936391379044, 3: 18096.23443243745, 4: 5815.860316634409}
>>> t=151.00 s; Pushed new meters: {1: 32095.96886269761, 2: 43991.936391379044, 3: 18096.23443243745, 4: 5815.860316634409}
>>> t=152.00 s; Pushed new meters: {1: 32095.96886269761, 2: 43991.936391379044, 3: 18096.23443243745, 4: 5815.860316634409}
>>> t=153.00 s; Pushed new meters: {1: 32095.96886269761, 2: 43991.936391379044, 3: 18096.23443243745, 4: 5815.860316634409}
>>> t=154.00 s; Pushed new meters: {1: 32144.285065978955, 2: 43948.85077041354, 3: 18063.88587697372, 4: 5842.978289782299}
>>> t=155.00 s; Pushed new meters: {1: 32144.285065978955, 2: 43948.85077041354, 3: 18063.88587697372, 4: 5842.978289782299}
>>> t=156.00 s; Pushed new meters: {1: 32144.285065978955, 2: 43948.85077041354, 3: 18063.88587697372, 4: 5842.978289782299}
>>> t=157.00 s; Pushed new meters: {1: 34393.38369630411, 2: 44276.32712755579, 3: 17277.41846787496, 4: 4052.870709782299}
>>> t=158.00 s; Pushed new meters: {1: 33757.55624086177, 2: 43458.07798298877, 3: 16956.865777678126, 4: 5827.499999988497}
>>> t=159.00 s; Pushed new meters: {1: 33757.55624086177, 2: 43458.07798298877, 3: 16956.865777678126, 4: 5827.499999988497}
>>> t=160.00 s; Pushed new meters: {1: 33757.55624086177, 2: 43458.07798298877, 3: 16956.865777678126, 4: 5827.499999988497}
>>> t=161.00 s; Pushed new meters: {1: 33757.55624086177, 2: 43458.07798298877, 3: 16956.865777678126, 4: 5827.499999988497}
>>> t=162.00 s; Pushed new meters: {1: 33757.55624086177, 2: 43458.07798298877, 3: 16956.865777678126, 4: 5827.499999988497}
>>> t=163.00 s; Pushed new meters: {1: 33757.55624086177, 2: 43458.07798298877, 3: 16956.865777678126, 4: 5827.499999988497}
>>> t=164.00 s; Pushed new meters: {1: 33757.55624086177, 2: 43458.07798298877, 3: 16956.865777678126, 4: 5827.499999988497}
>>> t=165.00 s; Pushed new meters: {1: 27011.25000023865, 2: 45442.15714298877, 3: 27546.592857678126, 4: 0}
>>> t=166.00 s; Pushed new meters: {1: 27011.25000023865, 2: 45442.15714298877, 3: 27546.592857678126, 4: 0}
>>> t=167.00 s; Pushed new meters: {1: 25052.294072704524, 2: 42289.41121171482, 3: 26346.545174472933, 4: 6311.749542013272}
>>> t=168.00 s; Pushed new meters: {1: 25052.294072704524, 2: 42289.41121171482, 3: 26346.545174472933, 4: 6311.749542013272}
>>> t=169.00 s; Pushed new meters: {1: 25052.294072704524, 2: 42289.41121171482, 3: 26346.545174472933, 4: 6311.749542013272}
>>> t=170.00 s; Pushed new meters: {1: 25052.294072704524, 2: 42289.41121171482, 3: 26346.545174472933, 4: 6311.749542013272}
>>> t=171.00 s; Pushed new meters: {1: 25052.294072704524, 2: 42289.41121171482, 3: 26346.545174472933, 4: 6311.749542013272}
>>> t=172.00 s; Pushed new meters: {1: 25052.294072704524, 2: 42289.41121171482, 3: 26346.545174472933, 4: 6311.749542013272}
>>> t=173.00 s; Pushed new meters: {1: 25052.294072704524, 2: 42289.41121171482, 3: 26346.545174472933, 4: 6311.749542013272}
>>> t=174.00 s; Pushed new meters: {1: 25052.294072704524, 2: 42289.41121171482, 3: 26346.545174472933, 4: 6311.749542013272}
>>> t=175.00 s; Pushed new meters: {1: 25052.294072704524, 2: 42289.41121171482, 3: 26346.545174472933, 4: 6311.749542013272}
>>> t=176.00 s; Pushed new meters: {1: 25052.294072704524, 2: 42289.41121171482, 3: 26346.545174472933, 4: 6311.749542013272}
>>> t=177.00 s; Pushed new meters: {1: 25052.294072704524, 2: 42289.41121171482, 3: 26346.545174472933, 4: 6311.749542013272}
>>> t=178.00 s; Pushed new meters: {1: 25052.294072704524, 2: 42289.41121171482, 3: 26346.545174472933, 4: 6311.749542013272}
>>> t=179.00 s; Pushed new meters: {1: 25052.294072704524, 2: 42289.41121171482, 3: 26346.545174472933, 4: 6311.749542013272}
>>> t=180.00 s; Pushed new meters: {1: 25052.294072704524, 2: 42289.41121171482, 3: 26346.545174472933, 4: 6311.749542013272}
>>> t=181.00 s; Pushed new meters: {1: 25052.294072704524, 2: 42289.41121171482, 3: 26346.545174472933, 4: 6311.749542013272}
>>> t=182.00 s; Pushed new meters: {1: 25052.294072704524, 2: 42289.41121171482, 3: 26346.545174472933, 4: 6311.749542013272}
>>> t=183.00 s; Pushed new meters: {1: 25052.294072704524, 2: 42289.41121171482, 3: 26346.545174472933, 4: 6311.749542013272}
>>> t=184.00 s; Pushed new meters: {1: 25052.294072704524, 2: 42289.41121171482, 3: 26346.545174472933, 4: 6311.749542013272}
>>> t=185.00 s; Pushed new meters: {1: 25052.294072704524, 2: 42289.41121171482, 3: 26346.545174472933, 4: 6311.749542013272}
>>> t=186.00 s; Pushed new meters: {1: 25052.294072704524, 2: 42289.41121171482, 3: 26346.545174472933, 4: 6311.749542013272}
>>> t=187.00 s; Pushed new meters: {1: 25052.294072704524, 2: 42289.41121171482, 3: 26346.545174472933, 4: 6311.749542013272}
>>> t=188.00 s; Pushed new meters: {1: 25052.294072704524, 2: 42289.41121171482, 3: 26346.545174472933, 4: 6311.749542013272}
>>> t=189.00 s; Pushed new meters: {1: 25052.294072704524, 2: 42289.41121171482, 3: 26346.545174472933, 4: 6311.749542013272}
>>> t=190.00 s; Pushed new meters: {1: 25052.294072704524, 2: 42289.41121171482, 3: 26346.545174472933, 4: 6311.749542013272}
>>> t=191.00 s; Pushed new meters: {1: 25052.294072704524, 2: 42289.41121171482, 3: 26346.545174472933, 4: 6311.749542013272}
>>> t=192.00 s; Pushed new meters: {1: 25052.294072704524, 2: 42289.41121171482, 3: 26346.545174472933, 4: 6311.749542013272}
>>> t=193.00 s; Pushed new meters: {1: 25052.294072704524, 2: 42289.41121171482, 3: 26346.545174472933, 4: 6311.749542013272}
>>> t=194.00 s; Pushed new meters: {1: 25011.00740728881, 2: 42223.51355178739, 3: 26323.729041844228, 4: 6441.749999985115}
>>> t=195.00 s; Pushed new meters: {1: 25011.00740728881, 2: 42223.51355178739, 3: 26323.729041844228, 4: 6441.749999985115}
>>> t=196.00 s; Pushed new meters: {1: 25011.00740728881, 2: 42223.51355178739, 3: 26323.729041844228, 4: 6441.749999985115}
>>> t=197.00 s; Pushed new meters: {1: 25011.00740728881, 2: 42223.51355178739, 3: 26323.729041844228, 4: 6441.749999985115}
>>> t=198.00 s; Pushed new meters: {1: 35957.24701238796, 2: 41627.2465412179, 3: 19860.74834974762, 4: 2554.758089985115}
>>> t=199.00 s; Pushed new meters: {1: 36897.50018238796, 2: 42724.4640412179, 3: 20378.06131974762, 4: 0}
>>> t=200.00 s; Pushed new meters: {1: 34497.69947537428, 2: 39998.12470278197, 3: 19050.63886522532, 4: 6453.562499971911}
>>> t=201.00 s; Pushed new meters: {1: 34497.69947537428, 2: 39998.12470278197, 3: 19050.63886522532, 4: 6453.562499971911}
>>> t=202.00 s; Pushed new meters: {1: 34497.69947537428, 2: 39998.12470278197, 3: 19050.63886522532, 4: 6453.562499971911}
>>> t=203.00 s; Pushed new meters: {1: 34497.69947537428, 2: 39998.12470278197, 3: 19050.63886522532, 4: 6453.562499971911}
>>> t=204.00 s; Pushed new meters: {1: 34497.69947537428, 2: 39998.12470278197, 3: 19050.63886522532, 4: 6453.562499971911}
>>> t=205.00 s; Pushed new meters: {1: 34497.69947537428, 2: 39998.12470278197, 3: 19050.63886522532, 4: 6453.562499971911}
>>> t=206.00 s; Pushed new meters: {1: 34497.69947537428, 2: 39998.12470278197, 3: 19050.63886522532, 4: 6453.562499971911}
>>> t=207.00 s; Pushed new meters: {1: 34497.69947537428, 2: 39998.12470278197, 3: 19050.63886522532, 4: 6453.562499971911}
>>> t=208.00 s; Pushed new meters: {1: 34497.69947537428, 2: 39998.12470278197, 3: 19050.63886522532, 4: 6453.562499971911}
>>> t=209.00 s; Pushed new meters: {1: 34497.69947537428, 2: 39998.12470278197, 3: 19050.63886522532, 4: 6453.562499971911}
>>> t=210.00 s; Pushed new meters: {1: 34497.69947537428, 2: 39998.12470278197, 3: 19050.63886522532, 4: 6453.562499971911}
>>> t=211.00 s; Pushed new meters: {1: 34497.69947537428, 2: 39998.12470278197, 3: 19050.63886522532, 4: 6453.562499971911}
>>> t=212.00 s; Pushed new meters: {1: 34497.69947537428, 2: 39998.12470278197, 3: 19050.63886522532, 4: 6453.562499971911}
>>> t=213.00 s; Pushed new meters: {1: 34497.69947537428, 2: 39998.12470278197, 3: 19050.63886522532, 4: 6453.562499971911}
>>> t=214.00 s; Pushed new meters: {1: 34497.69947537428, 2: 39998.12470278197, 3: 19050.63886522532, 4: 6453.562499971911}
>>> t=215.00 s; Pushed new meters: {1: 34497.69947537428, 2: 39998.12470278197, 3: 19050.63886522532, 4: 6453.562499971911}
>>> t=216.00 s; Pushed new meters: {1: 34497.69947537428, 2: 39998.12470278197, 3: 19050.63886522532, 4: 6453.562499971911}
>>> t=217.00 s; Pushed new meters: {1: 34497.69947537428, 2: 39998.12470278197, 3: 19050.63886522532, 4: 6453.562499971911}
>>> t=218.00 s; Pushed new meters: {1: 34497.69947537428, 2: 39998.12470278197, 3: 19050.63886522532, 4: 6453.562499971911}
>>> t=219.00 s; Pushed new meters: {1: 34497.69947537428, 2: 39998.12470278197, 3: 19050.63886522532, 4: 6453.562499971911}
>>> t=220.00 s; Pushed new meters: {1: 34497.69947537428, 2: 39998.12470278197, 3: 19050.63886522532, 4: 6453.562499971911}
>>> t=221.00 s; Pushed new meters: {1: 34497.69947537428, 2: 39998.12470278197, 3: 19050.63886522532, 4: 6453.562499971911}
>>> t=222.00 s; Pushed new meters: {1: 34497.69947537428, 2: 39998.12470278197, 3: 19050.63886522532, 4: 6453.562499971911}
>>> t=223.00 s; Pushed new meters: {1: 34497.69947537428, 2: 39998.12470278197, 3: 19050.63886522532, 4: 6453.562499971911}
>>> t=224.00 s; Pushed new meters: {1: 34497.69947537428, 2: 39998.12470278197, 3: 19050.63886522532, 4: 6453.562499971911}
>>> t=225.00 s; Pushed new meters: {1: 34497.69947537428, 2: 39998.12470278197, 3: 19050.63886522532, 4: 6453.562499971911}
>>> t=226.00 s; Pushed new meters: {1: 34420.346036796116, 2: 39909.27940855655, 3: 19008.000771761614, 4: 6662.399326239196}
>>> t=227.00 s; Pushed new meters: {1: 34420.346036796116, 2: 39909.27940855655, 3: 19008.000771761614, 4: 6662.399326239196}
>>> t=228.00 s; Pushed new meters: {1: 34420.346036796116, 2: 39909.27940855655, 3: 19008.000771761614, 4: 6662.399326239196}
>>> t=229.00 s; Pushed new meters: {1: 34420.346036796116, 2: 39909.27940855655, 3: 19008.000771761614, 4: 6662.399326239196}
>>> t=230.00 s; Pushed new meters: {1: 34420.346036796116, 2: 39909.27940855655, 3: 19008.000771761614, 4: 6662.399326239196}
>>> t=231.00 s; Pushed new meters: {1: 28129.49064223189, 2: 48605.44696855654, 3: 23265.087941761612, 4: 0}
>>> t=232.00 s; Pushed new meters: {1: 28129.49064223189, 2: 48605.44696855654, 3: 23265.087941761612, 4: 0}
>>> t=233.00 s; Pushed new meters: {1: 26287.272366554174, 2: 46391.96696022868, 3: 22233.536225865115, 4: 5087.249999902069}
>>> t=234.00 s; Pushed new meters: {1: 26287.272366554174, 2: 46391.96696022868, 3: 22233.536225865115, 4: 5087.249999902069}
>>> t=235.00 s; Pushed new meters: {1: 26287.272366554174, 2: 46391.96696022868, 3: 22233.536225865115, 4: 5087.249999902069}
>>> t=236.00 s; Pushed new meters: {1: 26287.272366554174, 2: 46391.96696022868, 3: 22233.536225865115, 4: 5087.249999902069}
>>> t=237.00 s; Pushed new meters: {1: 26174.284382872174, 2: 46281.21571737089, 3: 22181.752827305994, 4: 5362.77262500098}
>>> t=238.00 s; Pushed new meters: {1: 26174.284382872174, 2: 46281.21571737089, 3: 22181.752827305994, 4: 5362.77262500098}
>>> t=239.00 s; Pushed new meters: {1: 26174.284382872174, 2: 46281.21571737089, 3: 22181.752827305994, 4: 5362.77262500098}
>>> t=240.00 s; Pushed new meters: {1: 26174.284382872174, 2: 46281.21571737089, 3: 22181.752827305994, 4: 5362.77262500098}
>>> t=241.00 s; Pushed new meters: {1: 26174.284382872174, 2: 46281.21571737089, 3: 22181.752827305994, 4: 5362.77262500098}
>>> t=242.00 s; Pushed new meters: {1: 26174.284382872174, 2: 46281.21571737089, 3: 22181.752827305994, 4: 5362.77262500098}
>>> t=243.00 s; Pushed new meters: {1: 26174.284382872174, 2: 46281.21571737089, 3: 22181.752827305994, 4: 5362.77262500098}
>>> t=244.00 s; Pushed new meters: {1: 26174.284382872174, 2: 46281.21571737089, 3: 22181.752827305994, 4: 5362.77262500098}
>>> t=245.00 s; Pushed new meters: {1: 26174.284382872174, 2: 46281.21571737089, 3: 22181.752827305994, 4: 5362.77262500098}
>>> t=246.00 s; Pushed new meters: {1: 26174.284382872174, 2: 46281.21571737089, 3: 22181.752827305994, 4: 5362.77262500098}
>>> t=247.00 s; Pushed new meters: {1: 26174.284382872174, 2: 46281.21571737089, 3: 22181.752827305994, 4: 5362.77262500098}
>>> t=248.00 s; Pushed new meters: {1: 26174.284382872174, 2: 46281.21571737089, 3: 22181.752827305994, 4: 5362.77262500098}
>>> t=249.00 s; Pushed new meters: {1: 26174.284382872174, 2: 46281.21571737089, 3: 22181.752827305994, 4: 5362.77262500098}
>>> t=250.00 s; Pushed new meters: {1: 26174.284382872174, 2: 46281.21571737089, 3: 22181.752827305994, 4: 5362.77262500098}
>>> t=251.00 s; Pushed new meters: {1: 26174.284382872174, 2: 46281.21571737089, 3: 22181.752827305994, 4: 5362.77262500098}
>>> t=252.00 s; Pushed new meters: {1: 26174.284382872174, 2: 46281.21571737089, 3: 22181.752827305994, 4: 5362.77262500098}
>>> t=253.00 s; Pushed new meters: {1: 26174.284382872174, 2: 46281.21571737089, 3: 22181.752827305994, 4: 5362.77262500098}
>>> t=254.00 s; Pushed new meters: {1: 26174.284382872174, 2: 46281.21571737089, 3: 22181.752827305994, 4: 5362.77262500098}
>>> t=255.00 s; Pushed new meters: {1: 26174.284382872174, 2: 46281.21571737089, 3: 22181.752827305994, 4: 5362.77262500098}
>>> t=256.00 s; Pushed new meters: {1: 26174.284382872174, 2: 46281.21571737089, 3: 22181.752827305994, 4: 5362.77262500098}
>>> t=257.00 s; Pushed new meters: {1: 26174.284382872174, 2: 46281.21571737089, 3: 22181.752827305994, 4: 5362.77262500098}
>>> t=258.00 s; Pushed new meters: {1: 26174.284382872174, 2: 46281.21571737089, 3: 22181.752827305994, 4: 5362.77262500098}
>>> t=259.00 s; Pushed new meters: {1: 26174.284382872174, 2: 46281.21571737089, 3: 22181.752827305994, 4: 5362.77262500098}
>>> t=260.00 s; Pushed new meters: {1: 26174.284382872174, 2: 46281.21571737089, 3: 22181.752827305994, 4: 5362.77262500098}
>>> t=261.00 s; Pushed new meters: {1: 26174.284382872174, 2: 46281.21571737089, 3: 22181.752827305994, 4: 5362.77262500098}
>>> t=262.00 s; Pushed new meters: {1: 26174.284382872174, 2: 46281.21571737089, 3: 22181.752827305994, 4: 5362.77262500098}
>>> t=263.00 s; Pushed new meters: {1: 26174.284382872174, 2: 46281.21571737089, 3: 22181.752827305994, 4: 5362.77262500098}
>>> t=264.00 s; Pushed new meters: {1: 38744.999999849126, 2: 37201.5000000759, 3: 22790.249999936204, 4: 1263.27554500098}
>>> t=265.00 s; Pushed new meters: {1: 39240.09031984913, 2: 37676.0873600759, 3: 23083.835239936205, 4: 0}
>>> t=266.00 s; Pushed new meters: {1: 36978.34683402957, 2: 35501.03950668873, 3: 21760.111194322853, 4: 5760.515384820086}
>>> t=267.00 s; Pushed new meters: {1: 36424.46817474749, 2: 34971.73207912719, 3: 21437.77901079511, 4: 7166.0336551914515}
>>> t=268.00 s; Pushed new meters: {1: 36424.46817474749, 2: 34971.73207912719, 3: 21437.77901079511, 4: 7166.0336551914515}
>>> t=269.00 s; Pushed new meters: {1: 36424.46817474749, 2: 34971.73207912719, 3: 21437.77901079511, 4: 7166.0336551914515}
>>> t=270.00 s; Pushed new meters: {1: 36424.46817474749, 2: 34971.73207912719, 3: 21437.77901079511, 4: 7166.0336551914515}
>>> t=271.00 s; Pushed new meters: {1: 36424.46817474749, 2: 34971.73207912719, 3: 21437.77901079511, 4: 7166.0336551914515}
>>> t=272.00 s; Pushed new meters: {1: 36424.46817474749, 2: 34971.73207912719, 3: 21437.77901079511, 4: 7166.0336551914515}
>>> t=273.00 s; Pushed new meters: {1: 36424.46817474749, 2: 34971.73207912719, 3: 21437.77901079511, 4: 7166.0336551914515}
>>> t=274.00 s; Pushed new meters: {1: 36424.46817474749, 2: 34971.73207912719, 3: 21437.77901079511, 4: 7166.0336551914515}
>>> t=275.00 s; Pushed new meters: {1: 36424.46817474749, 2: 34971.73207912719, 3: 21437.77901079511, 4: 7166.0336551914515}
>>> t=276.00 s; Pushed new meters: {1: 36424.46817474749, 2: 34971.73207912719, 3: 21437.77901079511, 4: 7166.0336551914515}
>>> t=277.00 s; Pushed new meters: {1: 36424.46817474749, 2: 34971.73207912719, 3: 21437.77901079511, 4: 7166.0336551914515}
>>> t=278.00 s; Pushed new meters: {1: 36424.46817474749, 2: 34971.73207912719, 3: 21437.77901079511, 4: 7166.0336551914515}
>>> t=279.00 s; Pushed new meters: {1: 36424.46817474749, 2: 34971.73207912719, 3: 21437.77901079511, 4: 7166.0336551914515}
>>> t=280.00 s; Pushed new meters: {1: 36424.46817474749, 2: 34971.73207912719, 3: 21437.77901079511, 4: 7166.0336551914515}
>>> t=281.00 s; Pushed new meters: {1: 36424.46817474749, 2: 34971.73207912719, 3: 21437.77901079511, 4: 7166.0336551914515}
>>> t=282.00 s; Pushed new meters: {1: 36424.46817474749, 2: 34971.73207912719, 3: 21437.77901079511, 4: 7166.0336551914515}
>>> t=283.00 s; Pushed new meters: {1: 36424.46817474749, 2: 34971.73207912719, 3: 21437.77901079511, 4: 7166.0336551914515}
>>> t=284.00 s; Pushed new meters: {1: 36424.46817474749, 2: 34971.73207912719, 3: 21437.77901079511, 4: 7166.0336551914515}
>>> t=285.00 s; Pushed new meters: {1: 36424.46817474749, 2: 34971.73207912719, 3: 21437.77901079511, 4: 7166.0336551914515}
>>> t=286.00 s; Pushed new meters: {1: 36424.46817474749, 2: 34971.73207912719, 3: 21437.77901079511, 4: 7166.0336551914515}
>>> t=287.00 s; Pushed new meters: {1: 36424.46817474749, 2: 34971.73207912719, 3: 21437.77901079511, 4: 7166.0336551914515}
>>> t=288.00 s; Pushed new meters: {1: 36424.46817474749, 2: 34971.73207912719, 3: 21437.77901079511, 4: 7166.0336551914515}
>>> t=289.00 s; Pushed new meters: {1: 36424.46817474749, 2: 34971.73207912719, 3: 21437.77901079511, 4: 7166.0336551914515}
>>> t=290.00 s; Pushed new meters: {1: 36424.46817474749, 2: 34971.73207912719, 3: 21437.77901079511, 4: 7166.0336551914515}
>>> t=291.00 s; Pushed new meters: {1: 36424.46817474749, 2: 34971.73207912719, 3: 21437.77901079511, 4: 7166.0336551914515}
>>> t=292.00 s; Pushed new meters: {1: 36424.46817474749, 2: 34971.73207912719, 3: 21437.77901079511, 4: 7166.0336551914515}
>>> t=293.00 s; Pushed new meters: {1: 36424.46817474749, 2: 34971.73207912719, 3: 21437.77901079511, 4: 7166.0336551914515}
>>> t=294.00 s; Pushed new meters: {1: 36424.46817474749, 2: 34971.73207912719, 3: 21437.77901079511, 4: 7166.0336551914515}
>>> t=295.00 s; Pushed new meters: {1: 36424.46817474749, 2: 34971.73207912719, 3: 21437.77901079511, 4: 7166.0336551914515}
>>> t=296.00 s; Pushed new meters: {1: 36424.46817474749, 2: 34971.73207912719, 3: 21437.77901079511, 4: 7166.0336551914515}
>>> t=297.00 s; Pushed new meters: {1: 33074.99724714318, 2: 43811.23432912719, 3: 23113.781350795114, 4: 0}
>>> t=298.00 s; Pushed new meters: {1: 33074.99724714318, 2: 43811.23432912719, 3: 23113.781350795114, 4: 0}
>>> t=299.00 s; Pushed new meters: {1: 29759.42076678181, 2: 43650.31399487516, 3: 21617.215665412743, 4: 4973.062499995776}
>>> t=300.00 s; Pushed new meters: {1: 29759.42076678181, 2: 43650.31399487516, 3: 21617.215665412743, 4: 4973.062499995776}
>>> t=301.00 s; Pushed new meters: {1: 29759.42076678181, 2: 43650.31399487516, 3: 21617.215665412743, 4: 4973.062499995776}
>>> t=302.00 s; Pushed new meters: {1: 29759.42076678181, 2: 43650.31399487516, 3: 21617.215665412743, 4: 4973.062499995776}
>>> t=303.00 s; Pushed new meters: {1: 29759.42076678181, 2: 43650.31399487516, 3: 21617.215665412743, 4: 4973.062499995776}
>>> t=304.00 s; Pushed new meters: {1: 29759.42076678181, 2: 43650.31399487516, 3: 21617.215665412743, 4: 4973.062499995776}
>>> t=305.00 s; Pushed new meters: {1: 29759.42076678181, 2: 43650.31399487516, 3: 21617.215665412743, 4: 4973.062499995776}
>>> t=306.00 s; Pushed new meters: {1: 29759.42076678181, 2: 43650.31399487516, 3: 21617.215665412743, 4: 4973.062499995776}
>>> t=307.00 s; Pushed new meters: {1: 29759.42076678181, 2: 43650.31399487516, 3: 21617.215665412743, 4: 4973.062499995776}
>>> t=308.00 s; Pushed new meters: {1: 29759.42076678181, 2: 43650.31399487516, 3: 21617.215665412743, 4: 4973.062499995776}
>>> t=309.00 s; Pushed new meters: {1: 29759.42076678181, 2: 43650.31399487516, 3: 21617.215665412743, 4: 4973.062499995776}
>>> t=311.00 s; Pushed new meters: {1: 29759.42076678181, 2: 43650.31399487516, 3: 21617.215665412743, 4: 4973.062499995776}
>>> t=312.00 s; Pushed new meters: {1: 29759.42076678181, 2: 43650.31399487516, 3: 21617.215665412743, 4: 4973.062499995776}
>>> t=313.00 s; Pushed new meters: {1: 29759.42076678181, 2: 43650.31399487516, 3: 21617.215665412743, 4: 4973.062499995776}
>>> t=314.00 s; Pushed new meters: {1: 29759.42076678181, 2: 43650.31399487516, 3: 21617.215665412743, 4: 4973.062499995776}
>>> t=315.00 s; Pushed new meters: {1: 27911.644727385217, 2: 45765.56249992561, 3: 21074.118199717563, 4: 5248.6875000371}
>>> t=316.00 s; Pushed new meters: {1: 27911.644727385217, 2: 45765.56249992561, 3: 21074.118199717563, 4: 5248.6875000371}
>>> t=317.00 s; Pushed new meters: {1: 27911.644727385217, 2: 45765.56249992561, 3: 21074.118199717563, 4: 5248.6875000371}
>>> t=318.00 s; Pushed new meters: {1: 27911.644727385217, 2: 45765.56249992561, 3: 21074.118199717563, 4: 5248.6875000371}
>>> t=319.00 s; Pushed new meters: {1: 27911.644727385217, 2: 45765.56249992561, 3: 21074.118199717563, 4: 5248.6875000371}
>>> t=320.00 s; Pushed new meters: {1: 27791.92912158647, 2: 45909.45205572463, 3: 21057.19524826954, 4: 5241.436501484852}
>>> t=321.00 s; Pushed new meters: {1: 27791.92912158647, 2: 45909.45205572463, 3: 21057.19524826954, 4: 5241.436501484852}
>>> t=322.00 s; Pushed new meters: {1: 27791.92912158647, 2: 45909.45205572463, 3: 21057.19524826954, 4: 5241.436501484852}
>>> t=323.00 s; Pushed new meters: {1: 27791.92912158647, 2: 45909.45205572463, 3: 21057.19524826954, 4: 5241.436501484852}
>>> t=324.00 s; Pushed new meters: {1: 27791.92912158647, 2: 45909.45205572463, 3: 21057.19524826954, 4: 5241.436501484852}
>>> t=325.00 s; Pushed new meters: {1: 27791.92912158647, 2: 45909.45205572463, 3: 21057.19524826954, 4: 5241.436501484852}
>>> t=326.00 s; Pushed new meters: {1: 27791.92912158647, 2: 45909.45205572463, 3: 21057.19524826954, 4: 5241.436501484852}
>>> t=327.00 s; Pushed new meters: {1: 27791.92912158647, 2: 45909.45205572463, 3: 21057.19524826954, 4: 5241.436501484852}
>>> t=328.00 s; Pushed new meters: {1: 27791.92912158647, 2: 45909.45205572463, 3: 21057.19524826954, 4: 5241.436501484852}
>>> t=329.00 s; Pushed new meters: {1: 27791.92912158647, 2: 45909.45205572463, 3: 21057.19524826954, 4: 5241.436501484852}
>>> t=330.00 s; Pushed new meters: {1: 27791.92912158647, 2: 45909.45205572463, 3: 21057.19524826954, 4: 5241.436501484852}
