loading app allocation_app.py
loading app ryu.app.ofctl_rest
loading app ryu.controller.ofp_handler
instantiating app None of DPSet
creating context dpset
creating context wsgi
instantiating app allocation_app.py of SimpleMonitor13
instantiating app ryu.app.ofctl_rest of RestStatsApi
instantiating app ryu.controller.ofp_handler of OFPHandler
(20613) wsgi starting up on http://0.0.0.0:8080
packet in 1 00:00:00:00:00:21 ff:ff:ff:ff:ff:ff 1
packet in 1 00:00:00:00:00:22 00:00:00:00:00:21 2
packet in 2 00:00:00:00:00:21 ff:ff:ff:ff:ff:ff 1
packet in 1 00:00:00:00:00:21 00:00:00:00:00:22 1
packet in 3 00:00:00:00:00:21 ff:ff:ff:ff:ff:ff 1
packet in 4 00:00:00:00:00:21 ff:ff:ff:ff:ff:ff 5
packet in 1 00:00:00:00:00:21 ff:ff:ff:ff:ff:ff 1
packet in 1 00:00:00:00:00:23 00:00:00:00:00:21 3
packet in 2 00:00:00:00:00:21 ff:ff:ff:ff:ff:ff 1
packet in 1 00:00:00:00:00:21 00:00:00:00:00:23 1
packet in 3 00:00:00:00:00:21 ff:ff:ff:ff:ff:ff 1
packet in 1 00:00:00:00:00:21 ff:ff:ff:ff:ff:ff 1
packet in 4 00:00:00:00:00:21 ff:ff:ff:ff:ff:ff 5
packet in 1 00:00:00:00:00:24 00:00:00:00:00:21 4
packet in 2 00:00:00:00:00:21 ff:ff:ff:ff:ff:ff 1
packet in 1 00:00:00:00:00:21 00:00:00:00:00:24 1
packet in 3 00:00:00:00:00:21 ff:ff:ff:ff:ff:ff 1
packet in 4 00:00:00:00:00:21 ff:ff:ff:ff:ff:ff 5
packet in 1 00:00:00:00:00:21 ff:ff:ff:ff:ff:ff 1
packet in 2 00:00:00:00:00:21 ff:ff:ff:ff:ff:ff 1
packet in 3 00:00:00:00:00:21 ff:ff:ff:ff:ff:ff 1
packet in 4 00:00:00:00:00:21 ff:ff:ff:ff:ff:ff 5
packet in 4 00:00:00:00:00:31 00:00:00:00:00:21 1
packet in 3 00:00:00:00:00:31 00:00:00:00:00:21 2
packet in 2 00:00:00:00:00:31 00:00:00:00:00:21 2
packet in 1 00:00:00:00:00:31 00:00:00:00:00:21 5
packet in 1 00:00:00:00:00:21 00:00:00:00:00:31 1
packet in 2 00:00:00:00:00:21 00:00:00:00:00:31 1
packet in 3 00:00:00:00:00:21 00:00:00:00:00:31 1
packet in 4 00:00:00:00:00:21 00:00:00:00:00:31 5
packet in 1 00:00:00:00:00:21 ff:ff:ff:ff:ff:ff 1
packet in 2 00:00:00:00:00:21 ff:ff:ff:ff:ff:ff 1
packet in 3 00:00:00:00:00:21 ff:ff:ff:ff:ff:ff 1
packet in 4 00:00:00:00:00:21 ff:ff:ff:ff:ff:ff 5
packet in 4 00:00:00:00:00:32 00:00:00:00:00:21 2
packet in 3 00:00:00:00:00:32 00:00:00:00:00:21 2
packet in 2 00:00:00:00:00:32 00:00:00:00:00:21 2
packet in 1 00:00:00:00:00:32 00:00:00:00:00:21 5
packet in 1 00:00:00:00:00:21 00:00:00:00:00:32 1
packet in 2 00:00:00:00:00:21 00:00:00:00:00:32 1
packet in 3 00:00:00:00:00:21 00:00:00:00:00:32 1
packet in 4 00:00:00:00:00:21 00:00:00:00:00:32 5
packet in 1 00:00:00:00:00:21 ff:ff:ff:ff:ff:ff 1
packet in 2 00:00:00:00:00:21 ff:ff:ff:ff:ff:ff 1
packet in 3 00:00:00:00:00:21 ff:ff:ff:ff:ff:ff 1
packet in 4 00:00:00:00:00:21 ff:ff:ff:ff:ff:ff 5
packet in 4 00:00:00:00:00:33 00:00:00:00:00:21 3
packet in 3 00:00:00:00:00:33 00:00:00:00:00:21 2
packet in 2 00:00:00:00:00:33 00:00:00:00:00:21 2
packet in 1 00:00:00:00:00:33 00:00:00:00:00:21 5
packet in 1 00:00:00:00:00:21 00:00:00:00:00:33 1
packet in 2 00:00:00:00:00:21 00:00:00:00:00:33 1
packet in 3 00:00:00:00:00:21 00:00:00:00:00:33 1
packet in 4 00:00:00:00:00:21 00:00:00:00:00:33 5
packet in 1 00:00:00:00:00:21 ff:ff:ff:ff:ff:ff 1
packet in 2 00:00:00:00:00:21 ff:ff:ff:ff:ff:ff 1
packet in 3 00:00:00:00:00:21 ff:ff:ff:ff:ff:ff 1
packet in 4 00:00:00:00:00:21 ff:ff:ff:ff:ff:ff 5
packet in 4 00:00:00:00:00:34 00:00:00:00:00:21 4
packet in 3 00:00:00:00:00:34 00:00:00:00:00:21 2
packet in 2 00:00:00:00:00:34 00:00:00:00:00:21 2
packet in 1 00:00:00:00:00:34 00:00:00:00:00:21 5
packet in 1 00:00:00:00:00:21 00:00:00:00:00:34 1
packet in 2 00:00:00:00:00:21 00:00:00:00:00:34 1
packet in 3 00:00:00:00:00:21 00:00:00:00:00:34 1
packet in 4 00:00:00:00:00:21 00:00:00:00:00:34 5
packet in 1 00:00:00:00:00:22 ff:ff:ff:ff:ff:ff 2
packet in 1 00:00:00:00:00:23 00:00:00:00:00:22 3
packet in 2 00:00:00:00:00:22 ff:ff:ff:ff:ff:ff 1
packet in 1 00:00:00:00:00:22 00:00:00:00:00:23 2
packet in 3 00:00:00:00:00:22 ff:ff:ff:ff:ff:ff 1
packet in 4 00:00:00:00:00:22 ff:ff:ff:ff:ff:ff 5
packet in 1 00:00:00:00:00:22 ff:ff:ff:ff:ff:ff 2
packet in 1 00:00:00:00:00:24 00:00:00:00:00:22 4
packet in 2 00:00:00:00:00:22 ff:ff:ff:ff:ff:ff 1
packet in 1 00:00:00:00:00:22 00:00:00:00:00:24 2
packet in 3 00:00:00:00:00:22 ff:ff:ff:ff:ff:ff 1
packet in 4 00:00:00:00:00:22 ff:ff:ff:ff:ff:ff 5
packet in 1 00:00:00:00:00:22 ff:ff:ff:ff:ff:ff 2
packet in 2 00:00:00:00:00:22 ff:ff:ff:ff:ff:ff 1
packet in 3 00:00:00:00:00:22 ff:ff:ff:ff:ff:ff 1
packet in 4 00:00:00:00:00:22 ff:ff:ff:ff:ff:ff 5
packet in 4 00:00:00:00:00:31 00:00:00:00:00:22 1
packet in 3 00:00:00:00:00:31 00:00:00:00:00:22 2
packet in 2 00:00:00:00:00:31 00:00:00:00:00:22 2
packet in 1 00:00:00:00:00:31 00:00:00:00:00:22 5
packet in 1 00:00:00:00:00:22 00:00:00:00:00:31 2
packet in 2 00:00:00:00:00:22 00:00:00:00:00:31 1
packet in 3 00:00:00:00:00:22 00:00:00:00:00:31 1
packet in 4 00:00:00:00:00:22 00:00:00:00:00:31 5
packet in 1 00:00:00:00:00:22 ff:ff:ff:ff:ff:ff 2
packet in 2 00:00:00:00:00:22 ff:ff:ff:ff:ff:ff 1
packet in 3 00:00:00:00:00:22 ff:ff:ff:ff:ff:ff 1
packet in 4 00:00:00:00:00:22 ff:ff:ff:ff:ff:ff 5
packet in 4 00:00:00:00:00:32 00:00:00:00:00:22 2
packet in 3 00:00:00:00:00:32 00:00:00:00:00:22 2
packet in 2 00:00:00:00:00:32 00:00:00:00:00:22 2
packet in 1 00:00:00:00:00:32 00:00:00:00:00:22 5
packet in 1 00:00:00:00:00:22 00:00:00:00:00:32 2
packet in 2 00:00:00:00:00:22 00:00:00:00:00:32 1
packet in 3 00:00:00:00:00:22 00:00:00:00:00:32 1
packet in 4 00:00:00:00:00:22 00:00:00:00:00:32 5
packet in 1 00:00:00:00:00:22 ff:ff:ff:ff:ff:ff 2
packet in 2 00:00:00:00:00:22 ff:ff:ff:ff:ff:ff 1
packet in 3 00:00:00:00:00:22 ff:ff:ff:ff:ff:ff 1
packet in 4 00:00:00:00:00:22 ff:ff:ff:ff:ff:ff 5
packet in 4 00:00:00:00:00:33 00:00:00:00:00:22 3
packet in 3 00:00:00:00:00:33 00:00:00:00:00:22 2
packet in 2 00:00:00:00:00:33 00:00:00:00:00:22 2
packet in 1 00:00:00:00:00:33 00:00:00:00:00:22 5
packet in 1 00:00:00:00:00:22 00:00:00:00:00:33 2
packet in 2 00:00:00:00:00:22 00:00:00:00:00:33 1
packet in 3 00:00:00:00:00:22 00:00:00:00:00:33 1
packet in 4 00:00:00:00:00:22 00:00:00:00:00:33 5
packet in 1 00:00:00:00:00:22 ff:ff:ff:ff:ff:ff 2
packet in 2 00:00:00:00:00:22 ff:ff:ff:ff:ff:ff 1
packet in 3 00:00:00:00:00:22 ff:ff:ff:ff:ff:ff 1
packet in 4 00:00:00:00:00:22 ff:ff:ff:ff:ff:ff 5
packet in 4 00:00:00:00:00:34 00:00:00:00:00:22 4
packet in 3 00:00:00:00:00:34 00:00:00:00:00:22 2
packet in 2 00:00:00:00:00:34 00:00:00:00:00:22 2
packet in 1 00:00:00:00:00:34 00:00:00:00:00:22 5
packet in 1 00:00:00:00:00:22 00:00:00:00:00:34 2
packet in 2 00:00:00:00:00:22 00:00:00:00:00:34 1
packet in 3 00:00:00:00:00:22 00:00:00:00:00:34 1
packet in 4 00:00:00:00:00:22 00:00:00:00:00:34 5
packet in 1 00:00:00:00:00:23 ff:ff:ff:ff:ff:ff 3
packet in 1 00:00:00:00:00:24 00:00:00:00:00:23 4
packet in 2 00:00:00:00:00:23 ff:ff:ff:ff:ff:ff 1
packet in 1 00:00:00:00:00:23 00:00:00:00:00:24 3
packet in 3 00:00:00:00:00:23 ff:ff:ff:ff:ff:ff 1
packet in 4 00:00:00:00:00:23 ff:ff:ff:ff:ff:ff 5
packet in 1 00:00:00:00:00:23 ff:ff:ff:ff:ff:ff 3
packet in 2 00:00:00:00:00:23 ff:ff:ff:ff:ff:ff 1
packet in 3 00:00:00:00:00:23 ff:ff:ff:ff:ff:ff 1
packet in 4 00:00:00:00:00:23 ff:ff:ff:ff:ff:ff 5
packet in 4 00:00:00:00:00:31 00:00:00:00:00:23 1
packet in 3 00:00:00:00:00:31 00:00:00:00:00:23 2
packet in 2 00:00:00:00:00:31 00:00:00:00:00:23 2
packet in 1 00:00:00:00:00:31 00:00:00:00:00:23 5
packet in 1 00:00:00:00:00:23 00:00:00:00:00:31 3
packet in 2 00:00:00:00:00:23 00:00:00:00:00:31 1
packet in 3 00:00:00:00:00:23 00:00:00:00:00:31 1
packet in 4 00:00:00:00:00:23 00:00:00:00:00:31 5
packet in 1 00:00:00:00:00:23 ff:ff:ff:ff:ff:ff 3
packet in 2 00:00:00:00:00:23 ff:ff:ff:ff:ff:ff 1
packet in 3 00:00:00:00:00:23 ff:ff:ff:ff:ff:ff 1
packet in 4 00:00:00:00:00:23 ff:ff:ff:ff:ff:ff 5
packet in 4 00:00:00:00:00:32 00:00:00:00:00:23 2
packet in 3 00:00:00:00:00:32 00:00:00:00:00:23 2
packet in 2 00:00:00:00:00:32 00:00:00:00:00:23 2
packet in 1 00:00:00:00:00:32 00:00:00:00:00:23 5
packet in 1 00:00:00:00:00:23 00:00:00:00:00:32 3
packet in 2 00:00:00:00:00:23 00:00:00:00:00:32 1
packet in 3 00:00:00:00:00:23 00:00:00:00:00:32 1
packet in 4 00:00:00:00:00:23 00:00:00:00:00:32 5
packet in 1 00:00:00:00:00:23 ff:ff:ff:ff:ff:ff 3
packet in 2 00:00:00:00:00:23 ff:ff:ff:ff:ff:ff 1
packet in 3 00:00:00:00:00:23 ff:ff:ff:ff:ff:ff 1
packet in 4 00:00:00:00:00:23 ff:ff:ff:ff:ff:ff 5
packet in 4 00:00:00:00:00:33 00:00:00:00:00:23 3
packet in 3 00:00:00:00:00:33 00:00:00:00:00:23 2
packet in 2 00:00:00:00:00:33 00:00:00:00:00:23 2
packet in 1 00:00:00:00:00:33 00:00:00:00:00:23 5
packet in 1 00:00:00:00:00:23 00:00:00:00:00:33 3
packet in 2 00:00:00:00:00:23 00:00:00:00:00:33 1
packet in 3 00:00:00:00:00:23 00:00:00:00:00:33 1
packet in 4 00:00:00:00:00:23 00:00:00:00:00:33 5
packet in 1 00:00:00:00:00:23 ff:ff:ff:ff:ff:ff 3
packet in 2 00:00:00:00:00:23 ff:ff:ff:ff:ff:ff 1
packet in 3 00:00:00:00:00:23 ff:ff:ff:ff:ff:ff 1
packet in 4 00:00:00:00:00:23 ff:ff:ff:ff:ff:ff 5
packet in 4 00:00:00:00:00:34 00:00:00:00:00:23 4
packet in 3 00:00:00:00:00:34 00:00:00:00:00:23 2
packet in 2 00:00:00:00:00:34 00:00:00:00:00:23 2
packet in 1 00:00:00:00:00:34 00:00:00:00:00:23 5
packet in 1 00:00:00:00:00:23 00:00:00:00:00:34 3
packet in 2 00:00:00:00:00:23 00:00:00:00:00:34 1
packet in 3 00:00:00:00:00:23 00:00:00:00:00:34 1
packet in 4 00:00:00:00:00:23 00:00:00:00:00:34 5
packet in 1 00:00:00:00:00:24 ff:ff:ff:ff:ff:ff 4
packet in 2 00:00:00:00:00:24 ff:ff:ff:ff:ff:ff 1
packet in 3 00:00:00:00:00:24 ff:ff:ff:ff:ff:ff 1
packet in 4 00:00:00:00:00:24 ff:ff:ff:ff:ff:ff 5
packet in 4 00:00:00:00:00:31 00:00:00:00:00:24 1
packet in 3 00:00:00:00:00:31 00:00:00:00:00:24 2
packet in 2 00:00:00:00:00:31 00:00:00:00:00:24 2
packet in 1 00:00:00:00:00:31 00:00:00:00:00:24 5
packet in 1 00:00:00:00:00:24 00:00:00:00:00:31 4
packet in 2 00:00:00:00:00:24 00:00:00:00:00:31 1
packet in 3 00:00:00:00:00:24 00:00:00:00:00:31 1
packet in 4 00:00:00:00:00:24 00:00:00:00:00:31 5
packet in 1 00:00:00:00:00:24 ff:ff:ff:ff:ff:ff 4
packet in 2 00:00:00:00:00:24 ff:ff:ff:ff:ff:ff 1
packet in 3 00:00:00:00:00:24 ff:ff:ff:ff:ff:ff 1
packet in 4 00:00:00:00:00:24 ff:ff:ff:ff:ff:ff 5
packet in 4 00:00:00:00:00:32 00:00:00:00:00:24 2
packet in 3 00:00:00:00:00:32 00:00:00:00:00:24 2
packet in 2 00:00:00:00:00:32 00:00:00:00:00:24 2
packet in 1 00:00:00:00:00:32 00:00:00:00:00:24 5
packet in 1 00:00:00:00:00:24 00:00:00:00:00:32 4
packet in 2 00:00:00:00:00:24 00:00:00:00:00:32 1
packet in 3 00:00:00:00:00:24 00:00:00:00:00:32 1
packet in 4 00:00:00:00:00:24 00:00:00:00:00:32 5
packet in 1 00:00:00:00:00:24 ff:ff:ff:ff:ff:ff 4
packet in 2 00:00:00:00:00:24 ff:ff:ff:ff:ff:ff 1
packet in 3 00:00:00:00:00:24 ff:ff:ff:ff:ff:ff 1
packet in 4 00:00:00:00:00:24 ff:ff:ff:ff:ff:ff 5
packet in 4 00:00:00:00:00:33 00:00:00:00:00:24 3
packet in 3 00:00:00:00:00:33 00:00:00:00:00:24 2
packet in 2 00:00:00:00:00:33 00:00:00:00:00:24 2
packet in 1 00:00:00:00:00:33 00:00:00:00:00:24 5
packet in 1 00:00:00:00:00:24 00:00:00:00:00:33 4
packet in 2 00:00:00:00:00:24 00:00:00:00:00:33 1
packet in 3 00:00:00:00:00:24 00:00:00:00:00:33 1
packet in 4 00:00:00:00:00:24 00:00:00:00:00:33 5
packet in 1 00:00:00:00:00:24 ff:ff:ff:ff:ff:ff 4
packet in 2 00:00:00:00:00:24 ff:ff:ff:ff:ff:ff 1
packet in 3 00:00:00:00:00:24 ff:ff:ff:ff:ff:ff 1
packet in 4 00:00:00:00:00:24 ff:ff:ff:ff:ff:ff 5
packet in 4 00:00:00:00:00:34 00:00:00:00:00:24 4
packet in 3 00:00:00:00:00:34 00:00:00:00:00:24 2
packet in 2 00:00:00:00:00:34 00:00:00:00:00:24 2
packet in 1 00:00:00:00:00:34 00:00:00:00:00:24 5
packet in 1 00:00:00:00:00:24 00:00:00:00:00:34 4
packet in 2 00:00:00:00:00:24 00:00:00:00:00:34 1
packet in 3 00:00:00:00:00:24 00:00:00:00:00:34 1
packet in 4 00:00:00:00:00:24 00:00:00:00:00:34 5
packet in 4 00:00:00:00:00:31 ff:ff:ff:ff:ff:ff 1
packet in 4 00:00:00:00:00:32 00:00:00:00:00:31 2
packet in 3 00:00:00:00:00:31 ff:ff:ff:ff:ff:ff 2
packet in 4 00:00:00:00:00:31 00:00:00:00:00:32 1
packet in 2 00:00:00:00:00:31 ff:ff:ff:ff:ff:ff 2
packet in 1 00:00:00:00:00:31 ff:ff:ff:ff:ff:ff 5
packet in 4 00:00:00:00:00:31 ff:ff:ff:ff:ff:ff 1
packet in 4 00:00:00:00:00:33 00:00:00:00:00:31 3
packet in 3 00:00:00:00:00:31 ff:ff:ff:ff:ff:ff 2
packet in 4 00:00:00:00:00:31 00:00:00:00:00:33 1
packet in 2 00:00:00:00:00:31 ff:ff:ff:ff:ff:ff 2
packet in 1 00:00:00:00:00:31 ff:ff:ff:ff:ff:ff 5
packet in 4 00:00:00:00:00:31 ff:ff:ff:ff:ff:ff 1
packet in 4 00:00:00:00:00:34 00:00:00:00:00:31 4
packet in 3 00:00:00:00:00:31 ff:ff:ff:ff:ff:ff 2
packet in 4 00:00:00:00:00:31 00:00:00:00:00:34 1
packet in 2 00:00:00:00:00:31 ff:ff:ff:ff:ff:ff 2
packet in 1 00:00:00:00:00:31 ff:ff:ff:ff:ff:ff 5
packet in 4 00:00:00:00:00:32 ff:ff:ff:ff:ff:ff 2
packet in 4 00:00:00:00:00:33 00:00:00:00:00:32 3
packet in 3 00:00:00:00:00:32 ff:ff:ff:ff:ff:ff 2
packet in 4 00:00:00:00:00:32 00:00:00:00:00:33 2
packet in 2 00:00:00:00:00:32 ff:ff:ff:ff:ff:ff 2
packet in 1 00:00:00:00:00:32 ff:ff:ff:ff:ff:ff 5
packet in 4 00:00:00:00:00:32 ff:ff:ff:ff:ff:ff 2
packet in 4 00:00:00:00:00:34 00:00:00:00:00:32 4
packet in 3 00:00:00:00:00:32 ff:ff:ff:ff:ff:ff 2
packet in 4 00:00:00:00:00:32 00:00:00:00:00:34 2
packet in 2 00:00:00:00:00:32 ff:ff:ff:ff:ff:ff 2
packet in 1 00:00:00:00:00:32 ff:ff:ff:ff:ff:ff 5
packet in 4 00:00:00:00:00:33 ff:ff:ff:ff:ff:ff 3
packet in 4 00:00:00:00:00:34 00:00:00:00:00:33 4
packet in 3 00:00:00:00:00:33 ff:ff:ff:ff:ff:ff 2
packet in 4 00:00:00:00:00:33 00:00:00:00:00:34 3
packet in 2 00:00:00:00:00:33 ff:ff:ff:ff:ff:ff 2
packet in 1 00:00:00:00:00:33 ff:ff:ff:ff:ff:ff 5
(20613) accepted ('127.0.0.1', 58418)
127.0.0.1 - - [16/Jun/2025 03:33:47] "POST /stats/meterentry/add HTTP/1.1" 200 139 0.005739
(20613) accepted ('127.0.0.1', 58434)
127.0.0.1 - - [16/Jun/2025 03:33:47] "POST /stats/meterentry/add HTTP/1.1" 200 139 0.000665
(20613) accepted ('127.0.0.1', 58436)
127.0.0.1 - - [16/Jun/2025 03:33:47] "POST /stats/meterentry/add HTTP/1.1" 200 139 0.000520
(20613) accepted ('127.0.0.1', 58450)
127.0.0.1 - - [16/Jun/2025 03:33:47] "POST /stats/meterentry/add HTTP/1.1" 200 139 0.000655
(20613) accepted ('127.0.0.1', 58452)
127.0.0.1 - - [16/Jun/2025 03:33:47] "POST /stats/meterentry/add HTTP/1.1" 200 139 0.000823
(20613) accepted ('127.0.0.1', 58458)
127.0.0.1 - - [16/Jun/2025 03:33:47] "POST /stats/meterentry/add HTTP/1.1" 200 139 0.000491
(20613) accepted ('127.0.0.1', 58460)
127.0.0.1 - - [16/Jun/2025 03:33:47] "POST /stats/meterentry/add HTTP/1.1" 200 139 0.000485
(20613) accepted ('127.0.0.1', 58470)
127.0.0.1 - - [16/Jun/2025 03:33:47] "POST /stats/meterentry/add HTTP/1.1" 200 139 0.000540
(20613) accepted ('127.0.0.1', 58480)
127.0.0.1 - - [16/Jun/2025 03:33:47] "POST /stats/flowentry/add HTTP/1.1" 200 139 0.000821
(20613) accepted ('127.0.0.1', 58488)
127.0.0.1 - - [16/Jun/2025 03:33:47] "POST /stats/flowentry/add HTTP/1.1" 200 139 0.000827
(20613) accepted ('127.0.0.1', 58490)
127.0.0.1 - - [16/Jun/2025 03:33:47] "POST /stats/flowentry/add HTTP/1.1" 200 139 0.000707
(20613) accepted ('127.0.0.1', 58496)
127.0.0.1 - - [16/Jun/2025 03:33:47] "POST /stats/flowentry/add HTTP/1.1" 200 139 0.000803
(20613) accepted ('127.0.0.1', 58508)
127.0.0.1 - - [16/Jun/2025 03:33:47] "POST /stats/flowentry/add HTTP/1.1" 200 139 0.000867
(20613) accepted ('127.0.0.1', 58510)
127.0.0.1 - - [16/Jun/2025 03:33:47] "POST /stats/flowentry/add HTTP/1.1" 200 139 0.000990
(20613) accepted ('127.0.0.1', 58518)
127.0.0.1 - - [16/Jun/2025 03:33:47] "POST /stats/flowentry/add HTTP/1.1" 200 139 0.001065
(20613) accepted ('127.0.0.1', 58524)
127.0.0.1 - - [16/Jun/2025 03:33:47] "POST /stats/flowentry/add HTTP/1.1" 200 139 0.001098
>>> t=2.00 s; Pushed new meters: {1: 63952.875000000044, 2: 23291.830441912567, 3: 9791.17277541729, 4: 2964.1217826701004}
>>> t=3.00 s; Pushed new meters: {1: 63952.875000000044, 2: 23291.830441912567, 3: 9791.17277541729, 4: 2964.1217826701004}
>>> t=4.00 s; Pushed new meters: {1: 64070.9999999999, 2: 23235.091980985177, 3: 9746.885829786812, 4: 2947.022189228113}
>>> t=5.00 s; Pushed new meters: {1: 64070.9999999999, 2: 23235.091980985177, 3: 9746.885829786812, 4: 2947.022189228113}
>>> t=6.00 s; Pushed new meters: {1: 64070.9999999999, 2: 23235.091980985177, 3: 9746.885829786812, 4: 2947.022189228113}
>>> t=7.00 s; Pushed new meters: {1: 64070.9999999999, 2: 23235.091980985177, 3: 9746.885829786812, 4: 2947.022189228113}
>>> t=8.00 s; Pushed new meters: {1: 64070.9999999999, 2: 23235.091980985177, 3: 9746.885829786812, 4: 2947.022189228113}
>>> t=9.00 s; Pushed new meters: {1: 64070.9999999999, 2: 23235.091980985177, 3: 9746.885829786812, 4: 2947.022189228113}
>>> t=10.00 s; Pushed new meters: {1: 66182.39992799048, 2: 22285.996859931358, 3: 8918.375438053958, 4: 2613.227774024202}
>>> t=11.00 s; Pushed new meters: {1: 66182.39992799048, 2: 22285.996859931358, 3: 8918.375438053958, 4: 2613.227774024202}
>>> t=12.00 s; Pushed new meters: {1: 66182.39992799048, 2: 22285.996859931358, 3: 8918.375438053958, 4: 2613.227774024202}
>>> t=13.00 s; Pushed new meters: {1: 69900.56587562276, 2: 21365.4534359964, 3: 7536.583553689445, 4: 1197.397133392087}
>>> t=14.00 s; Pushed new meters: {1: 69442.35478401203, 2: 21232.63424198832, 3: 7490.135966144379, 4: 1834.8750065559598}
>>> t=15.00 s; Pushed new meters: {1: 69442.35478401203, 2: 21232.63424198832, 3: 7490.135966144379, 4: 1834.8750065559598}
>>> t=16.00 s; Pushed new meters: {1: 69431.09085819463, 2: 21229.30918247041, 3: 7488.974958035585, 4: 1850.6250000000596}
>>> t=17.00 s; Pushed new meters: {1: 69422.66044631007, 2: 21226.805352660293, 3: 7488.096699730291, 4: 1862.4375000000302}
>>> t=18.00 s; Pushed new meters: {1: 69422.66044631007, 2: 21226.805352660293, 3: 7488.096699730291, 4: 1862.4375000000302}
>>> t=19.00 s; Pushed new meters: {1: 69422.66044631007, 2: 21226.805352660293, 3: 7488.096699730291, 4: 1862.4375000000302}
>>> t=20.00 s; Pushed new meters: {1: 69422.66044631007, 2: 21226.805352660293, 3: 7488.096699730291, 4: 1862.4375000000302}
>>> t=21.00 s; Pushed new meters: {1: 69422.65483001394, 2: 21226.803680182245, 3: 7488.096123994081, 4: 1862.4453645104138}
>>> t=22.00 s; Pushed new meters: {1: 69422.65483001394, 2: 21226.803680182245, 3: 7488.096123994081, 4: 1862.4453645104138}
>>> t=23.00 s; Pushed new meters: {1: 69422.65483001394, 2: 21226.803680182245, 3: 7488.096123994081, 4: 1862.4453645104138}
>>> t=24.00 s; Pushed new meters: {1: 69422.65483001394, 2: 21226.803680182245, 3: 7488.096123994081, 4: 1862.4453645104138}
>>> t=25.00 s; Pushed new meters: {1: 69422.65483001394, 2: 21226.803680182245, 3: 7488.096123994081, 4: 1862.4453645104138}
>>> t=26.00 s; Pushed new meters: {1: 69422.65483001394, 2: 21226.803680182245, 3: 7488.096123994081, 4: 1862.4453645104138}
>>> t=27.00 s; Pushed new meters: {1: 69422.65483001394, 2: 21226.803680182245, 3: 7488.096123994081, 4: 1862.4453645104138}
>>> t=28.00 s; Pushed new meters: {1: 69368.8678567323, 2: 21211.08943634326, 3: 7482.7927056250655, 4: 1937.25000000006}
>>> t=29.00 s; Pushed new meters: {1: 69368.8678567323, 2: 21211.08943634326, 3: 7482.7927056250655, 4: 1937.25000000006}
>>> t=30.00 s; Pushed new meters: {1: 69368.8678567323, 2: 21211.08943634326, 3: 7482.7927056250655, 4: 1937.25000000006}
>>> t=31.00 s; Pushed new meters: {1: 69368.8678567323, 2: 21211.08943634326, 3: 7482.7927056250655, 4: 1937.25000000006}
>>> t=32.00 s; Pushed new meters: {1: 69368.8678567323, 2: 21211.08943634326, 3: 7482.7927056250655, 4: 1937.25000000006}
>>> t=33.00 s; Pushed new meters: {1: 74948.02830673229, 2: 15671.250000001688, 3: 9380.721685625065, 4: 0}
>>> t=34.00 s; Pushed new meters: {1: 74948.02830673229, 2: 15671.250000001688, 3: 9380.721685625065, 4: 0}
>>> t=35.00 s; Pushed new meters: {1: 72696.61211561691, 2: 15111.614889138558, 3: 9195.335487603403, 4: 2996.43750000017}
>>> t=36.00 s; Pushed new meters: {1: 72696.61211561691, 2: 15111.614889138558, 3: 9195.335487603403, 4: 2996.43750000017}
>>> t=37.00 s; Pushed new meters: {1: 72696.61211561691, 2: 15111.614889138558, 3: 9195.335487603403, 4: 2996.43750000017}
>>> t=38.00 s; Pushed new meters: {1: 72696.61211561691, 2: 15111.614889138558, 3: 9195.335487603403, 4: 2996.43750000017}
>>> t=39.00 s; Pushed new meters: {1: 72696.61211561691, 2: 15111.614889138558, 3: 9195.335487603403, 4: 2996.43750000017}
>>> t=40.00 s; Pushed new meters: {1: 72696.61211561691, 2: 15111.614889138558, 3: 9195.335487603403, 4: 2996.43750000017}
>>> t=41.00 s; Pushed new meters: {1: 72696.61211561691, 2: 15111.614889138558, 3: 9195.335487603403, 4: 2996.43750000017}
>>> t=42.00 s; Pushed new meters: {1: 72696.61211561691, 2: 15111.614889138558, 3: 9195.335487603403, 4: 2996.43750000017}
>>> t=43.00 s; Pushed new meters: {1: 72696.61211561691, 2: 15111.614889138558, 3: 9195.335487603403, 4: 2996.43750000017}
>>> t=44.00 s; Pushed new meters: {1: 72696.61211561691, 2: 15111.614889138558, 3: 9195.335487603403, 4: 2996.43750000017}
>>> t=45.00 s; Pushed new meters: {1: 72572.93496130186, 2: 15077.402595659454, 3: 9187.783130217464, 4: 3161.8793051802704}
>>> t=46.00 s; Pushed new meters: {1: 72564.05972584714, 2: 15074.96156814707, 3: 9187.223956145457, 4: 3173.7547422193743}
>>> t=47.00 s; Pushed new meters: {1: 72564.05972584714, 2: 15074.96156814707, 3: 9187.223956145457, 4: 3173.7547422193743}
>>> t=48.00 s; Pushed new meters: {1: 72564.05972584714, 2: 15074.96156814707, 3: 9187.223956145457, 4: 3173.7547422193743}
>>> t=49.00 s; Pushed new meters: {1: 72564.05972584714, 2: 15074.96156814707, 3: 9187.223956145457, 4: 3173.7547422193743}
>>> t=50.00 s; Pushed new meters: {1: 72564.05972584714, 2: 15074.96156814707, 3: 9187.223956145457, 4: 3173.7547422193743}
>>> t=51.00 s; Pushed new meters: {1: 72564.05972584714, 2: 15074.96156814707, 3: 9187.223956145457, 4: 3173.7547422193743}
>>> t=52.00 s; Pushed new meters: {1: 72564.05972584714, 2: 15074.96156814707, 3: 9187.223956145457, 4: 3173.7547422193743}
>>> t=53.00 s; Pushed new meters: {1: 72564.05972584714, 2: 15074.96156814707, 3: 9187.223956145457, 4: 3173.7547422193743}
>>> t=54.00 s; Pushed new meters: {1: 72564.05972584714, 2: 15074.96156814707, 3: 9187.223956145457, 4: 3173.7547422193743}
>>> t=55.00 s; Pushed new meters: {1: 72564.05972584714, 2: 15074.96156814707, 3: 9187.223956145457, 4: 3173.7547422193743}
>>> t=56.00 s; Pushed new meters: {1: 72564.05972584714, 2: 15074.96156814707, 3: 9187.223956145457, 4: 3173.7547422193743}
>>> t=57.00 s; Pushed new meters: {1: 72564.05972584714, 2: 15074.96156814707, 3: 9187.223956145457, 4: 3173.7547422193743}
>>> t=58.00 s; Pushed new meters: {1: 72564.05972584714, 2: 15074.96156814707, 3: 9187.223956145457, 4: 3173.7547422193743}
>>> t=59.00 s; Pushed new meters: {1: 72564.05972584714, 2: 15074.96156814707, 3: 9187.223956145457, 4: 3173.7547422193743}
>>> t=60.00 s; Pushed new meters: {1: 72564.05972584714, 2: 15074.96156814707, 3: 9187.223956145457, 4: 3173.7547422193743}
>>> t=61.00 s; Pushed new meters: {1: 72564.05972584714, 2: 15074.96156814707, 3: 9187.223956145457, 4: 3173.7547422193743}
>>> t=62.00 s; Pushed new meters: {1: 72564.05972584714, 2: 15074.96156814707, 3: 9187.223956145457, 4: 3173.7547422193743}
>>> t=63.00 s; Pushed new meters: {1: 72564.05972584714, 2: 15074.96156814707, 3: 9187.223956145457, 4: 3173.7547422193743}
>>> t=64.00 s; Pushed new meters: {1: 72564.05972584714, 2: 15074.96156814707, 3: 9187.223956145457, 4: 3173.7547422193743}
>>> t=65.00 s; Pushed new meters: {1: 72564.05972584714, 2: 15074.96156814707, 3: 9187.223956145457, 4: 3173.7547422193743}
>>> t=66.00 s; Pushed new meters: {1: 74593.65766584713, 2: 16995.842328147068, 3: 8410.500000003434, 4: 0}
>>> t=67.00 s; Pushed new meters: {1: 74593.65766584713, 2: 16995.842328147068, 3: 8410.500000003434, 4: 0}
>>> t=68.00 s; Pushed new meters: {1: 71240.66100753572, 2: 18915.517996853057, 3: 7831.786014098473, 4: 2012.0349755103844}
>>> t=69.00 s; Pushed new meters: {1: 71240.66100753572, 2: 18915.517996853057, 3: 7831.786014098473, 4: 2012.0349755103844}
>>> t=70.00 s; Pushed new meters: {1: 71240.66100753572, 2: 18915.517996853057, 3: 7831.786014098473, 4: 2012.0349755103844}
>>> t=71.00 s; Pushed new meters: {1: 71240.66100753572, 2: 18915.517996853057, 3: 7831.786014098473, 4: 2012.0349755103844}
>>> t=72.00 s; Pushed new meters: {1: 71240.66100753572, 2: 18915.517996853057, 3: 7831.786014098473, 4: 2012.0349755103844}
>>> t=73.00 s; Pushed new meters: {1: 70432.70099686214, 2: 19817.43749996957, 3: 7635.4239971656325, 4: 2114.4375000002906}
>>> t=74.00 s; Pushed new meters: {1: 70263.28432483808, 2: 20022.187499996915, 3: 7584.340669163069, 4: 2130.1874999995657}
>>> t=75.00 s; Pushed new meters: {1: 70263.28432483808, 2: 20022.187499996915, 3: 7584.340669163069, 4: 2130.1874999995657}
>>> t=76.00 s; Pushed new meters: {1: 70263.28432483808, 2: 20022.187499996915, 3: 7584.340669163069, 4: 2130.1874999995657}
>>> t=77.00 s; Pushed new meters: {1: 70263.28432483808, 2: 20022.187499996915, 3: 7584.340669163069, 4: 2130.1874999995657}
>>> t=78.00 s; Pushed new meters: {1: 70263.28432483808, 2: 20022.187499996915, 3: 7584.340669163069, 4: 2130.1874999995657}
>>> t=79.00 s; Pushed new meters: {1: 70263.28432483808, 2: 20022.187499996915, 3: 7584.340669163069, 4: 2130.1874999995657}
>>> t=80.00 s; Pushed new meters: {1: 70263.28432483808, 2: 20022.187499996915, 3: 7584.340669163069, 4: 2130.1874999995657}
>>> t=81.00 s; Pushed new meters: {1: 70263.28432483808, 2: 20022.187499996915, 3: 7584.340669163069, 4: 2130.1874999995657}
>>> t=82.00 s; Pushed new meters: {1: 70263.28432483808, 2: 20022.187499996915, 3: 7584.340669163069, 4: 2130.1874999995657}
>>> t=83.00 s; Pushed new meters: {1: 70263.28432483808, 2: 20022.187499996915, 3: 7584.340669163069, 4: 2130.1874999995657}
>>> t=84.00 s; Pushed new meters: {1: 70263.28432483808, 2: 20022.187499996915, 3: 7584.340669163069, 4: 2130.1874999995657}
>>> t=85.00 s; Pushed new meters: {1: 70263.28432483808, 2: 20022.187499996915, 3: 7584.340669163069, 4: 2130.1874999995657}
>>> t=86.00 s; Pushed new meters: {1: 70263.28432483808, 2: 20022.187499996915, 3: 7584.340669163069, 4: 2130.1874999995657}
>>> t=87.00 s; Pushed new meters: {1: 70263.28432483808, 2: 20022.187499996915, 3: 7584.340669163069, 4: 2130.1874999995657}
>>> t=88.00 s; Pushed new meters: {1: 70263.28432483808, 2: 20022.187499996915, 3: 7584.340669163069, 4: 2130.1874999995657}
>>> t=89.00 s; Pushed new meters: {1: 70263.28432483808, 2: 20022.187499996915, 3: 7584.340669163069, 4: 2130.1874999995657}
>>> t=90.00 s; Pushed new meters: {1: 70263.28432483808, 2: 20022.187499996915, 3: 7584.340669163069, 4: 2130.1874999995657}
>>> t=91.00 s; Pushed new meters: {1: 70263.28432483808, 2: 20022.187499996915, 3: 7584.340669163069, 4: 2130.1874999995657}
>>> t=92.00 s; Pushed new meters: {1: 70263.28432483808, 2: 20022.187499996915, 3: 7584.340669163069, 4: 2130.1874999995657}
>>> t=93.00 s; Pushed new meters: {1: 70263.28432483808, 2: 20022.187499996915, 3: 7584.340669163069, 4: 2130.1874999995657}
>>> t=94.00 s; Pushed new meters: {1: 70263.28432483808, 2: 20022.187499996915, 3: 7584.340669163069, 4: 2130.1874999995657}
>>> t=95.00 s; Pushed new meters: {1: 70263.28432483808, 2: 20022.187499996915, 3: 7584.340669163069, 4: 2130.1874999995657}
>>> t=96.00 s; Pushed new meters: {1: 70263.28432483808, 2: 20022.187499996915, 3: 7584.340669163069, 4: 2130.1874999995657}
>>> t=97.00 s; Pushed new meters: {1: 70263.28432483808, 2: 20022.187499996915, 3: 7584.340669163069, 4: 2130.1874999995657}
>>> t=98.00 s; Pushed new meters: {1: 70263.28432483808, 2: 20022.187499996915, 3: 7584.340669163069, 4: 2130.1874999995657}
>>> t=99.00 s; Pushed new meters: {1: 69410.24999995297, 2: 16442.999999987194, 3: 12016.562489163069, 4: 2130.1875048944}
>>> t=100.00 s; Pushed new meters: {1: 70926.17663995297, 2: 16811.969779987194, 3: 12261.832279163069, 4: 0}
>>> t=101.00 s; Pushed new meters: {1: 69033.44268763033, 2: 16373.806833849032, 3: 11919.166677623592, 4: 2673.5625000002788}
>>> t=102.00 s; Pushed new meters: {1: 69033.44268763033, 2: 16373.806833849032, 3: 11919.166677623592, 4: 2673.5625000002788}
>>> t=103.00 s; Pushed new meters: {1: 69033.44268763033, 2: 16373.806833849032, 3: 11919.166677623592, 4: 2673.5625000002788}
>>> t=104.00 s; Pushed new meters: {1: 69033.44268763033, 2: 16373.806833849032, 3: 11919.166677623592, 4: 2673.5625000002788}
>>> t=105.00 s; Pushed new meters: {1: 69033.44268763033, 2: 16373.806833849032, 3: 11919.166677623592, 4: 2673.5625000002788}
>>> t=106.00 s; Pushed new meters: {1: 69033.44268763033, 2: 16373.806833849032, 3: 11919.166677623592, 4: 2673.5625000002788}
>>> t=107.00 s; Pushed new meters: {1: 69033.44268763033, 2: 16373.806833849032, 3: 11919.166677623592, 4: 2673.5625000002788}
>>> t=108.00 s; Pushed new meters: {1: 69033.44268763033, 2: 16373.806833849032, 3: 11919.166677623592, 4: 2673.5625000002788}
>>> t=109.00 s; Pushed new meters: {1: 69033.44268763033, 2: 16373.806833849032, 3: 11919.166677623592, 4: 2673.5625000002788}
>>> t=110.00 s; Pushed new meters: {1: 69033.44268763033, 2: 16373.806833849032, 3: 11919.166677623592, 4: 2673.5625000002788}
>>> t=111.00 s; Pushed new meters: {1: 69033.44268763033, 2: 16373.806833849032, 3: 11919.166677623592, 4: 2673.5625000002788}
>>> t=112.00 s; Pushed new meters: {1: 69033.44268763033, 2: 16373.806833849032, 3: 11919.166677623592, 4: 2673.5625000002788}
>>> t=113.00 s; Pushed new meters: {1: 69033.44268763033, 2: 16373.806833849032, 3: 11919.166677623592, 4: 2673.5625000002788}
>>> t=114.00 s; Pushed new meters: {1: 69033.44268763033, 2: 16373.806833849032, 3: 11919.166677623592, 4: 2673.5625000002788}
>>> t=115.00 s; Pushed new meters: {1: 69033.44268763033, 2: 16373.806833849032, 3: 11919.166677623592, 4: 2673.5625000002788}
>>> t=116.00 s; Pushed new meters: {1: 69033.44268763033, 2: 16373.806833849032, 3: 11919.166677623592, 4: 2673.5625000002788}
>>> t=117.00 s; Pushed new meters: {1: 69033.44268763033, 2: 16373.806833849032, 3: 11919.166677623592, 4: 2673.5625000002788}
>>> t=118.00 s; Pushed new meters: {1: 69033.44268763033, 2: 16373.806833849032, 3: 11919.166677623592, 4: 2673.5625000002788}
>>> t=119.00 s; Pushed new meters: {1: 69033.44268763033, 2: 16373.806833849032, 3: 11919.166677623592, 4: 2673.5625000002788}
>>> t=120.00 s; Pushed new meters: {1: 69033.44268763033, 2: 16373.806833849032, 3: 11919.166677623592, 4: 2673.5625000002788}
>>> t=121.00 s; Pushed new meters: {1: 69033.44268763033, 2: 16373.806833849032, 3: 11919.166677623592, 4: 2673.5625000002788}
>>> t=122.00 s; Pushed new meters: {1: 69033.44268763033, 2: 16373.806833849032, 3: 11919.166677623592, 4: 2673.5625000002788}
>>> t=123.00 s; Pushed new meters: {1: 69033.44268763033, 2: 16373.806833849032, 3: 11919.166677623592, 4: 2673.5625000002788}
>>> t=124.00 s; Pushed new meters: {1: 69033.44268763033, 2: 16373.806833849032, 3: 11919.166677623592, 4: 2673.5625000002788}
>>> t=125.00 s; Pushed new meters: {1: 69033.44268763033, 2: 16373.806833849032, 3: 11919.166677623592, 4: 2673.5625000002788}
>>> t=126.00 s; Pushed new meters: {1: 69033.44268763033, 2: 16373.806833849032, 3: 11919.166677623592, 4: 2673.5625000002788}
>>> t=127.00 s; Pushed new meters: {1: 69033.40926853649, 2: 16373.799107159577, 3: 11919.160645491656, 4: 2673.6096779155123}
>>> t=128.00 s; Pushed new meters: {1: 69033.40926853649, 2: 16373.799107159577, 3: 11919.160645491656, 4: 2673.6096779155123}
>>> t=129.00 s; Pushed new meters: {1: 69033.40926853649, 2: 16373.799107159577, 3: 11919.160645491656, 4: 2673.6096779155123}
>>> t=130.00 s; Pushed new meters: {1: 69033.40926853649, 2: 16373.799107159577, 3: 11919.160645491656, 4: 2673.6096779155123}
>>> t=131.00 s; Pushed new meters: {1: 69033.40926853649, 2: 16373.799107159577, 3: 11919.160645491656, 4: 2673.6096779155123}
>>> t=132.00 s; Pushed new meters: {1: 74519.4595385365, 2: 17180.214807159577, 3: 8300.30435281113, 4: 0}
>>> t=133.00 s; Pushed new meters: {1: 74519.4595385365, 2: 17180.214807159577, 3: 8300.30435281113, 4: 0}
>>> t=134.00 s; Pushed new meters: {1: 73330.59653746996, 2: 16562.952189556363, 3: 7728.258663740146, 4: 2378.1713077407367}
>>> t=135.00 s; Pushed new meters: {1: 73330.59653746996, 2: 16562.952189556363, 3: 7728.258663740146, 4: 2378.1713077407367}
>>> t=136.00 s; Pushed new meters: {1: 73330.59653746996, 2: 16562.952189556363, 3: 7728.258663740146, 4: 2378.1713077407367}
>>> t=137.00 s; Pushed new meters: {1: 73330.59653746996, 2: 16562.952189556363, 3: 7728.258663740146, 4: 2378.1713077407367}
>>> t=138.00 s; Pushed new meters: {1: 75938.62499973073, 2: 16529.62500002938, 3: 7221.374999989734, 4: 310.3536977407366}
>>> t=139.00 s; Pushed new meters: {1: 74420.54387174192, 2: 16201.167446872032, 3: 7078.767378874993, 4: 2299.500000001639}
>>> t=140.00 s; Pushed new meters: {1: 74420.54387174192, 2: 16201.167446872032, 3: 7078.767378874993, 4: 2299.500000001639}
>>> t=141.00 s; Pushed new meters: {1: 74420.5438707384, 2: 16201.167446656778, 3: 7078.76737878209, 4: 2299.5000013133053}
>>> t=142.00 s; Pushed new meters: {1: 74411.52594924519, 2: 16199.225947732311, 3: 7077.918232756499, 4: 2311.308567756578}
>>> t=143.00 s; Pushed new meters: {1: 74411.52594924519, 2: 16199.225947732311, 3: 7077.918232756499, 4: 2311.308567756578}
>>> t=144.00 s; Pushed new meters: {1: 74411.51394639457, 2: 16199.223359535981, 3: 7077.917102647328, 4: 2311.324288912706}
>>> t=145.00 s; Pushed new meters: {1: 74402.48290791345, 2: 16197.289343576822, 3: 7077.073589341394, 4: 2323.1328566589145}
>>> t=146.00 s; Pushed new meters: {1: 74402.48290791345, 2: 16197.289343576822, 3: 7077.073589341394, 4: 2323.1328566589145}
>>> t=147.00 s; Pushed new meters: {1: 74375.39827846411, 2: 16191.483750097606, 3: 7074.431961724842, 4: 2358.6647072040137}
>>> t=148.00 s; Pushed new meters: {1: 76166.85129846411, 2: 16587.338450097606, 3: 7245.7653617248425, 4: 0}
>>> t=149.00 s; Pushed new meters: {1: 74416.7358153649, 2: 16208.317819926095, 3: 7083.276475008219, 4: 2291.6249999873444}
>>> t=150.00 s; Pushed new meters: {1: 74416.7358153649, 2: 16208.317819926095, 3: 7083.276475008219, 4: 2291.6249999873444}
>>> t=151.00 s; Pushed new meters: {1: 74401.75403820384, 2: 16205.066473518707, 3: 7081.822098574429, 4: 2311.3124999895767}
>>> t=152.00 s; Pushed new meters: {1: 74392.74564597852, 2: 16203.113875349743, 3: 7080.970588960179, 4: 2323.124999998113}
>>> t=153.00 s; Pushed new meters: {1: 74392.74564597852, 2: 16203.113875349743, 3: 7080.970588960179, 4: 2323.124999998113}
>>> t=154.00 s; Pushed new meters: {1: 74392.74564597852, 2: 16203.113875349743, 3: 7080.970588960179, 4: 2323.124999998113}
>>> t=155.00 s; Pushed new meters: {1: 74392.74564597852, 2: 16203.113875349743, 3: 7080.970588960179, 4: 2323.124999998113}
>>> t=156.00 s; Pushed new meters: {1: 74392.74564597852, 2: 16203.113875349743, 3: 7080.970588960179, 4: 2323.124999998113}
>>> t=157.00 s; Pushed new meters: {1: 74392.74564596303, 2: 16203.11387534641, 3: 7080.970588958716, 4: 2323.1250000183873}
>>> t=158.00 s; Pushed new meters: {1: 74392.74564596303, 2: 16203.11387534641, 3: 7080.970588958716, 4: 2323.1250000183873}
>>> t=159.00 s; Pushed new meters: {1: 74392.74564596303, 2: 16203.11387534641, 3: 7080.970588958716, 4: 2323.1250000183873}
>>> t=160.00 s; Pushed new meters: {1: 74392.74564596303, 2: 16203.11387534641, 3: 7080.970588958716, 4: 2323.1250000183873}
>>> t=161.00 s; Pushed new meters: {1: 74392.74564596303, 2: 16203.11387534641, 3: 7080.970588958716, 4: 2323.1250000183873}
>>> t=162.00 s; Pushed new meters: {1: 74392.74564596303, 2: 16203.11387534641, 3: 7080.970588958716, 4: 2323.1250000183873}
>>> t=163.00 s; Pushed new meters: {1: 74392.74564596303, 2: 16203.11387534641, 3: 7080.970588958716, 4: 2323.1250000183873}
>>> t=164.00 s; Pushed new meters: {1: 74392.74564596303, 2: 16203.11387534641, 3: 7080.970588958716, 4: 2323.1250000183873}
>>> t=165.00 s; Pushed new meters: {1: 69019.70511043181, 2: 17080.87499991199, 3: 10670.624999954132, 4: 3228.7499999886204}
>>> t=166.00 s; Pushed new meters: {1: 70909.84765043181, 2: 17925.06396991199, 3: 11165.043489954132, 4: 0}
>>> t=167.00 s; Pushed new meters: {1: 68685.25018660256, 2: 17563.05392354437, 3: 10924.52600015148, 4: 2827.1249999995307}
>>> t=168.00 s; Pushed new meters: {1: 68685.25018660256, 2: 17563.05392354437, 3: 10924.52600015148, 4: 2827.1249999995307}
>>> t=169.00 s; Pushed new meters: {1: 68685.25018660256, 2: 17563.05392354437, 3: 10924.52600015148, 4: 2827.1249999995307}
>>> t=170.00 s; Pushed new meters: {1: 68685.25018660256, 2: 17563.05392354437, 3: 10924.52600015148, 4: 2827.1249999995307}
>>> t=171.00 s; Pushed new meters: {1: 68685.25018660256, 2: 17563.05392354437, 3: 10924.52600015148, 4: 2827.1249999995307}
>>> t=172.00 s; Pushed new meters: {1: 68685.25018660256, 2: 17563.05392354437, 3: 10924.52600015148, 4: 2827.1249999995307}
>>> t=173.00 s; Pushed new meters: {1: 68685.25018660256, 2: 17563.05392354437, 3: 10924.52600015148, 4: 2827.1249999995307}
>>> t=174.00 s; Pushed new meters: {1: 68685.25018660256, 2: 17563.05392354437, 3: 10924.52600015148, 4: 2827.1249999995307}
>>> t=175.00 s; Pushed new meters: {1: 68685.25018660256, 2: 17563.05392354437, 3: 10924.52600015148, 4: 2827.1249999995307}
>>> t=176.00 s; Pushed new meters: {1: 68685.25018660256, 2: 17563.05392354437, 3: 10924.52600015148, 4: 2827.1249999995307}
>>> t=177.00 s; Pushed new meters: {1: 68685.25018660256, 2: 17563.05392354437, 3: 10924.52600015148, 4: 2827.1249999995307}
>>> t=178.00 s; Pushed new meters: {1: 68685.25018660256, 2: 17563.05392354437, 3: 10924.52600015148, 4: 2827.1249999995307}
>>> t=179.00 s; Pushed new meters: {1: 68685.25018660256, 2: 17563.05392354437, 3: 10924.52600015148, 4: 2827.1249999995307}
>>> t=180.00 s; Pushed new meters: {1: 68685.25018660256, 2: 17563.05392354437, 3: 10924.52600015148, 4: 2827.1249999995307}
>>> t=181.00 s; Pushed new meters: {1: 68685.25018660256, 2: 17563.05392354437, 3: 10924.52600015148, 4: 2827.1249999995307}
>>> t=182.00 s; Pushed new meters: {1: 68685.25018660256, 2: 17563.05392354437, 3: 10924.52600015148, 4: 2827.1249999995307}
>>> t=183.00 s; Pushed new meters: {1: 68685.25018660256, 2: 17563.05392354437, 3: 10924.52600015148, 4: 2827.1249999995307}
>>> t=184.00 s; Pushed new meters: {1: 68685.25018660256, 2: 17563.05392354437, 3: 10924.52600015148, 4: 2827.1249999995307}
>>> t=185.00 s; Pushed new meters: {1: 68685.25018660256, 2: 17563.05392354437, 3: 10924.52600015148, 4: 2827.1249999995307}
>>> t=186.00 s; Pushed new meters: {1: 68685.25018660256, 2: 17563.05392354437, 3: 10924.52600015148, 4: 2827.1249999995307}
>>> t=187.00 s; Pushed new meters: {1: 68685.25018660256, 2: 17563.05392354437, 3: 10924.52600015148, 4: 2827.1249999995307}
>>> t=188.00 s; Pushed new meters: {1: 68685.25018660256, 2: 17563.05392354437, 3: 10924.52600015148, 4: 2827.1249999995307}
>>> t=189.00 s; Pushed new meters: {1: 68685.25018660256, 2: 17563.05392354437, 3: 10924.52600015148, 4: 2827.1249999995307}
>>> t=190.00 s; Pushed new meters: {1: 68685.25018660256, 2: 17563.05392354437, 3: 10924.52600015148, 4: 2827.1249999995307}
>>> t=191.00 s; Pushed new meters: {1: 68685.25018660256, 2: 17563.05392354437, 3: 10924.52600015148, 4: 2827.1249999995307}
>>> t=192.00 s; Pushed new meters: {1: 68685.25018660256, 2: 17563.05392354437, 3: 10924.52600015148, 4: 2827.1249999995307}
>>> t=193.00 s; Pushed new meters: {1: 68685.25018660256, 2: 17563.05392354437, 3: 10924.52600015148, 4: 2827.1249999995307}
>>> t=194.00 s; Pushed new meters: {1: 68685.25018660256, 2: 17563.05392354437, 3: 10924.52600015148, 4: 2827.1249999995307}
>>> t=195.00 s; Pushed new meters: {1: 68685.25018660256, 2: 17563.05392354437, 3: 10924.52600015148, 4: 2827.1249999995307}
>>> t=196.00 s; Pushed new meters: {1: 68685.25018660256, 2: 17563.05392354437, 3: 10924.52600015148, 4: 2827.1249999995307}
>>> t=197.00 s; Pushed new meters: {1: 68685.25018660256, 2: 17563.05392354437, 3: 10924.52600015148, 4: 2827.1249999995307}
>>> t=198.00 s; Pushed new meters: {1: 73903.53583660255, 2: 18000.833353544367, 3: 8095.585907735629, 4: 0}
>>> t=199.00 s; Pushed new meters: {1: 73903.53583660255, 2: 18000.833353544367, 3: 8095.585907735629, 4: 0}
>>> t=200.00 s; Pushed new meters: {1: 73572.9323174092, 2: 16439.250734606016, 3: 7075.765919788799, 4: 2912.0061260785296}
>>> t=201.00 s; Pushed new meters: {1: 73802.7642046521, 2: 16478.051766631877, 3: 7071.580751858579, 4: 2647.55837607853}
>>> t=202.00 s; Pushed new meters: {1: 73693.37773168596, 2: 16453.625624957567, 3: 7061.264242572647, 4: 2791.6875000049113}
>>> t=203.00 s; Pushed new meters: {1: 73693.37773166284, 2: 16453.62562495239, 3: 7061.264242570473, 4: 2791.6875000353857}
>>> t=204.00 s; Pushed new meters: {1: 73666.52614219462, 2: 16447.631810432187, 3: 7058.672146613721, 4: 2827.1249999805623}
>>> t=205.00 s; Pushed new meters: {1: 73666.52614219462, 2: 16447.631810432187, 3: 7058.672146613721, 4: 2827.1249999805623}
>>> t=206.00 s; Pushed new meters: {1: 73666.52614219462, 2: 16447.631810432187, 3: 7058.672146613721, 4: 2827.1249999805623}
>>> t=207.00 s; Pushed new meters: {1: 73630.82004971382, 2: 16439.45893492683, 3: 7055.301114567761, 4: 2874.375000012684}
>>> t=208.00 s; Pushed new meters: {1: 73891.1249995862, 2: 16478.43749998117, 3: 7091.437500023487, 4: 2538.955100012684}
>>> t=209.00 s; Pushed new meters: {1: 73692.4999001181, 2: 16435.33162732265, 3: 7072.5610721275425, 4: 2799.5625000352566}
>>> t=210.00 s; Pushed new meters: {1: 73692.4999001181, 2: 16435.33162732265, 3: 7072.5610721275425, 4: 2799.5625000352566}
>>> t=211.00 s; Pushed new meters: {1: 73662.54443549136, 2: 16428.79624468665, 3: 7069.676919433279, 4: 2838.937499992248}
>>> t=212.00 s; Pushed new meters: {1: 73662.54443549136, 2: 16428.79624468665, 3: 7069.676919433279, 4: 2838.937499992248}
>>> t=213.00 s; Pushed new meters: {1: 73662.54443549136, 2: 16428.79624468665, 3: 7069.676919433279, 4: 2838.937499992248}
>>> t=214.00 s; Pushed new meters: {1: 73662.54443549136, 2: 16428.79624468665, 3: 7069.676919433279, 4: 2838.937499992248}
>>> t=215.00 s; Pushed new meters: {1: 73629.66964475308, 2: 16421.536443109224, 3: 7066.451801055783, 4: 2882.297210685445}
>>> t=216.00 s; Pushed new meters: {1: 74019.29303344915, 2: 16509.544286127042, 3: 7091.268418191408, 4: 2379.849360685445}
>>> t=217.00 s; Pushed new meters: {1: 73705.73490647564, 2: 16440.308974039035, 3: 7062.227641010894, 4: 2791.6835769274803}
>>> t=218.00 s; Pushed new meters: {1: 73705.73490647564, 2: 16440.308974039035, 3: 7062.227641010894, 4: 2791.6835769274803}
>>> t=219.00 s; Pushed new meters: {1: 73681.84986095964, 2: 16435.0449084665, 3: 7059.872829057743, 4: 2823.18749996917}
>>> t=220.00 s; Pushed new meters: {1: 73669.89689683517, 2: 16432.372131979155, 3: 7058.748570962093, 4: 2838.937498676636}
>>> t=221.00 s; Pushed new meters: {1: 73669.89689683517, 2: 16432.372131979155, 3: 7058.748570962093, 4: 2838.937498676636}
>>> t=222.00 s; Pushed new meters: {1: 73669.89689683517, 2: 16432.372131979155, 3: 7058.748570962093, 4: 2838.937498676636}
>>> t=223.00 s; Pushed new meters: {1: 73669.89689683517, 2: 16432.372131979155, 3: 7058.748570962093, 4: 2838.937498676636}
>>> t=224.00 s; Pushed new meters: {1: 73669.89689683517, 2: 16432.372131979155, 3: 7058.748570962093, 4: 2838.937498676636}
>>> t=225.00 s; Pushed new meters: {1: 73669.89689683517, 2: 16432.372131979155, 3: 7058.748570962093, 4: 2838.937498676636}
>>> t=226.00 s; Pushed new meters: {1: 73669.89689683517, 2: 16432.372131979155, 3: 7058.748570962093, 4: 2838.937498676636}
>>> t=227.00 s; Pushed new meters: {1: 73669.89689683517, 2: 16432.372131979155, 3: 7058.748570962093, 4: 2838.937498676636}
>>> t=228.00 s; Pushed new meters: {1: 73669.89689681963, 2: 16432.372131975713, 3: 7058.748570960637, 4: 2838.937498697074}
>>> t=229.00 s; Pushed new meters: {1: 73669.89689681963, 2: 16432.372131975713, 3: 7058.748570960637, 4: 2838.937498697074}
>>> t=230.00 s; Pushed new meters: {1: 73669.89689681963, 2: 16432.372131975713, 3: 7058.748570960637, 4: 2838.937498697074}
>>> t=231.00 s; Pushed new meters: {1: 63562.330097777114, 2: 22648.500000448432, 3: 10946.25000017567, 4: 2842.875000051834}
>>> t=232.00 s; Pushed new meters: {1: 65102.628197777114, 2: 23526.15237044843, 3: 11371.14610017567, 4: 0}
>>> t=233.00 s; Pushed new meters: {1: 63433.06320285099, 2: 23063.702374677294, 3: 11148.500678302164, 4: 2354.6604125707654}
>>> t=234.00 s; Pushed new meters: {1: 63433.06320285099, 2: 23063.702374677294, 3: 11148.500678302164, 4: 2354.6604125707654}
>>> t=235.00 s; Pushed new meters: {1: 63433.06320285099, 2: 23063.702374677294, 3: 11148.500678302164, 4: 2354.6604125707654}
>>> t=236.00 s; Pushed new meters: {1: 63433.06320285099, 2: 23063.702374677294, 3: 11148.500678302164, 4: 2354.6604125707654}
>>> t=237.00 s; Pushed new meters: {1: 63433.06320285099, 2: 23063.702374677294, 3: 11148.500678302164, 4: 2354.6604125707654}
>>> t=238.00 s; Pushed new meters: {1: 63433.06320285099, 2: 23063.702374677294, 3: 11148.500678302164, 4: 2354.6604125707654}
>>> t=239.00 s; Pushed new meters: {1: 63433.06320285099, 2: 23063.702374677294, 3: 11148.500678302164, 4: 2354.6604125707654}
>>> t=240.00 s; Pushed new meters: {1: 63433.06320285099, 2: 23063.702374677294, 3: 11148.500678302164, 4: 2354.6604125707654}
>>> t=241.00 s; Pushed new meters: {1: 63433.06320285099, 2: 23063.702374677294, 3: 11148.500678302164, 4: 2354.6604125707654}
>>> t=242.00 s; Pushed new meters: {1: 63433.06320285099, 2: 23063.702374677294, 3: 11148.500678302164, 4: 2354.6604125707654}
>>> t=243.00 s; Pushed new meters: {1: 63433.06320285099, 2: 23063.702374677294, 3: 11148.500678302164, 4: 2354.6604125707654}
>>> t=244.00 s; Pushed new meters: {1: 63433.06320285099, 2: 23063.702374677294, 3: 11148.500678302164, 4: 2354.6604125707654}
>>> t=245.00 s; Pushed new meters: {1: 63433.06320285099, 2: 23063.702374677294, 3: 11148.500678302164, 4: 2354.6604125707654}
>>> t=246.00 s; Pushed new meters: {1: 63433.06320285099, 2: 23063.702374677294, 3: 11148.500678302164, 4: 2354.6604125707654}
>>> t=247.00 s; Pushed new meters: {1: 63433.06320285099, 2: 23063.702374677294, 3: 11148.500678302164, 4: 2354.6604125707654}
>>> t=248.00 s; Pushed new meters: {1: 63433.06320285099, 2: 23063.702374677294, 3: 11148.500678302164, 4: 2354.6604125707654}
>>> t=249.00 s; Pushed new meters: {1: 63433.06320285099, 2: 23063.702374677294, 3: 11148.500678302164, 4: 2354.6604125707654}
>>> t=250.00 s; Pushed new meters: {1: 63433.06320285099, 2: 23063.702374677294, 3: 11148.500678302164, 4: 2354.6604125707654}
>>> t=251.00 s; Pushed new meters: {1: 63433.06320285099, 2: 23063.702374677294, 3: 11148.500678302164, 4: 2354.6604125707654}
>>> t=252.00 s; Pushed new meters: {1: 63373.92756373086, 2: 23047.832350031338, 3: 11140.9015058684, 4: 2437.2652487706146}
>>> t=253.00 s; Pushed new meters: {1: 63373.92756373086, 2: 23047.832350031338, 3: 11140.9015058684, 4: 2437.2652487706146}
>>> t=254.00 s; Pushed new meters: {1: 63373.92756373086, 2: 23047.832350031338, 3: 11140.9015058684, 4: 2437.2652487706146}
>>> t=255.00 s; Pushed new meters: {1: 63373.92756373086, 2: 23047.832350031338, 3: 11140.9015058684, 4: 2437.2652487706146}
>>> t=256.00 s; Pushed new meters: {1: 63373.92756373086, 2: 23047.832350031338, 3: 11140.9015058684, 4: 2437.2652487706146}
>>> t=257.00 s; Pushed new meters: {1: 63373.92756373086, 2: 23047.832350031338, 3: 11140.9015058684, 4: 2437.2652487706146}
>>> t=258.00 s; Pushed new meters: {1: 63373.92756373086, 2: 23047.832350031338, 3: 11140.9015058684, 4: 2437.2652487706146}
>>> t=259.00 s; Pushed new meters: {1: 63373.92756373086, 2: 23047.832350031338, 3: 11140.9015058684, 4: 2437.2652487706146}
>>> t=260.00 s; Pushed new meters: {1: 63373.92756373086, 2: 23047.832350031338, 3: 11140.9015058684, 4: 2437.2652487706146}
>>> t=261.00 s; Pushed new meters: {1: 63373.92756373086, 2: 23047.832350031338, 3: 11140.9015058684, 4: 2437.2652487706146}
>>> t=262.00 s; Pushed new meters: {1: 63373.92756373086, 2: 23047.832350031338, 3: 11140.9015058684, 4: 2437.2652487706146}
>>> t=263.00 s; Pushed new meters: {1: 63373.92756373086, 2: 23047.832350031338, 3: 11140.9015058684, 4: 2437.2652487706146}
>>> t=264.00 s; Pushed new meters: {1: 76571.64242373085, 2: 14931.100980879739, 3: 8497.183267908054, 4: 0}
>>> t=265.00 s; Pushed new meters: {1: 76571.64242373085, 2: 14931.100980879739, 3: 8497.183267908054, 4: 0}
>>> t=266.00 s; Pushed new meters: {1: 74705.33546642712, 2: 14099.754566767357, 3: 8021.211639308147, 4: 3173.625000016018}
>>> t=267.00 s; Pushed new meters: {1: 74705.33546642712, 2: 14099.754566767357, 3: 8021.211639308147, 4: 3173.625000016018}
>>> t=268.00 s; Pushed new meters: {1: 74705.33546642712, 2: 14099.754566767357, 3: 8021.211639308147, 4: 3173.625000016018}
>>> t=269.00 s; Pushed new meters: {1: 74705.33546642712, 2: 14099.754566767357, 3: 8021.211639308147, 4: 3173.625000016018}
>>> t=270.00 s; Pushed new meters: {1: 74668.58901087625, 2: 14075.42216245232, 3: 8007.419054586604, 4: 3248.4964446034537}
>>> t=271.00 s; Pushed new meters: {1: 74661.04675584313, 2: 14070.219800209607, 3: 8004.472616532285, 4: 3264.187499933618}
>>> t=272.00 s; Pushed new meters: {1: 74661.04675584313, 2: 14070.219800209607, 3: 8004.472616532285, 4: 3264.187499933618}
>>> t=273.00 s; Pushed new meters: {1: 74661.04675584313, 2: 14070.219800209607, 3: 8004.472616532285, 4: 3264.187499933618}
>>> t=274.00 s; Pushed new meters: {1: 74661.04675584313, 2: 14070.219800209607, 3: 8004.472616532285, 4: 3264.187499933618}
>>> t=275.00 s; Pushed new meters: {1: 74661.04675584313, 2: 14070.219800209607, 3: 8004.472616532285, 4: 3264.187499933618}
>>> t=276.00 s; Pushed new meters: {1: 74661.04675584313, 2: 14070.219800209607, 3: 8004.472616532285, 4: 3264.187499933618}
>>> t=277.00 s; Pushed new meters: {1: 74661.04675584313, 2: 14070.219800209607, 3: 8004.472616532285, 4: 3264.187499933618}
>>> t=278.00 s; Pushed new meters: {1: 74661.04675584313, 2: 14070.219800209607, 3: 8004.472616532285, 4: 3264.187499933618}
>>> t=279.00 s; Pushed new meters: {1: 74661.04675584313, 2: 14070.219800209607, 3: 8004.472616532285, 4: 3264.187499933618}
>>> t=280.00 s; Pushed new meters: {1: 74661.04675584313, 2: 14070.219800209607, 3: 8004.472616532285, 4: 3264.187499933618}
>>> t=281.00 s; Pushed new meters: {1: 74661.04675584313, 2: 14070.219800209607, 3: 8004.472616532285, 4: 3264.187499933618}
>>> t=282.00 s; Pushed new meters: {1: 74661.04675584313, 2: 14070.219800209607, 3: 8004.472616532285, 4: 3264.187499933618}
>>> t=283.00 s; Pushed new meters: {1: 74661.04675584313, 2: 14070.219800209607, 3: 8004.472616532285, 4: 3264.187499933618}
>>> t=284.00 s; Pushed new meters: {1: 74661.04675584313, 2: 14070.219800209607, 3: 8004.472616532285, 4: 3264.187499933618}
>>> t=285.00 s; Pushed new meters: {1: 74661.04675584313, 2: 14070.219800209607, 3: 8004.472616532285, 4: 3264.187499933618}
>>> t=286.00 s; Pushed new meters: {1: 74661.04675584313, 2: 14070.219800209607, 3: 8004.472616532285, 4: 3264.187499933618}
>>> t=287.00 s; Pushed new meters: {1: 74661.04675584313, 2: 14070.219800209607, 3: 8004.472616532285, 4: 3264.187499933618}
>>> t=288.00 s; Pushed new meters: {1: 74661.04675584313, 2: 14070.219800209607, 3: 8004.472616532285, 4: 3264.187499933618}
>>> t=290.00 s; Pushed new meters: {1: 74661.04675584313, 2: 14070.219800209607, 3: 8004.472616532285, 4: 3264.187499933618}
>>> t=291.00 s; Pushed new meters: {1: 74661.04675584313, 2: 14070.219800209607, 3: 8004.472616532285, 4: 3264.187499933618}
>>> t=292.00 s; Pushed new meters: {1: 74661.04675584313, 2: 14070.219800209607, 3: 8004.472616532285, 4: 3264.187499933618}
>>> t=293.00 s; Pushed new meters: {1: 74661.04675584313, 2: 14070.219800209607, 3: 8004.472616532285, 4: 3264.187499933618}
>>> t=294.00 s; Pushed new meters: {1: 74661.04675584313, 2: 14070.219800209607, 3: 8004.472616532285, 4: 3264.187499933618}
>>> t=295.00 s; Pushed new meters: {1: 74661.04675584313, 2: 14070.219800209607, 3: 8004.472616532285, 4: 3264.187499933618}
>>> t=296.00 s; Pushed new meters: {1: 74661.04675584313, 2: 14070.219800209607, 3: 8004.472616532285, 4: 3264.187499933618}
>>> t=297.00 s; Pushed new meters: {1: 74661.04675584313, 2: 14070.219800209607, 3: 8004.472616532285, 4: 3264.187499933618}
>>> t=298.00 s; Pushed new meters: {1: 64944.6438810369, 2: 22089.282738131937, 3: 10883.194053470623, 4: 2082.806001789062}
>>> t=299.00 s; Pushed new meters: {1: 66337.1454910369, 2: 22550.186878131935, 3: 11112.615133470623, 4: 0}
>>> t=300.00 s; Pushed new meters: {1: 64930.266547445724, 2: 22063.358802850653, 3: 10876.095290572906, 4: 2130.226861770182}
>>> t=301.00 s; Pushed new meters: {1: 64790.526386265214, 2: 22014.38899923162, 3: 10852.180282873896, 4: 2342.851834268735}
>>> t=302.00 s; Pushed new meters: {1: 64790.526386265214, 2: 22014.38899923162, 3: 10852.180282873896, 4: 2342.851834268735}
>>> t=303.00 s; Pushed new meters: {1: 64790.526386265214, 2: 22014.38899923162, 3: 10852.180282873896, 4: 2342.851834268735}
>>> t=304.00 s; Pushed new meters: {1: 64790.526386265214, 2: 22014.38899923162, 3: 10852.180282873896, 4: 2342.851834268735}
>>> t=305.00 s; Pushed new meters: {1: 64790.526386265214, 2: 22014.38899923162, 3: 10852.180282873896, 4: 2342.851834268735}
>>> t=306.00 s; Pushed new meters: {1: 64790.526386265214, 2: 22014.38899923162, 3: 10852.180282873896, 4: 2342.851834268735}
>>> t=307.00 s; Pushed new meters: {1: 64790.526386265214, 2: 22014.38899923162, 3: 10852.180282873896, 4: 2342.851834268735}
>>> t=308.00 s; Pushed new meters: {1: 64790.526386265214, 2: 22014.38899923162, 3: 10852.180282873896, 4: 2342.851834268735}
>>> t=309.00 s; Pushed new meters: {1: 64790.526386265214, 2: 22014.38899923162, 3: 10852.180282873896, 4: 2342.851834268735}
>>> t=310.00 s; Pushed new meters: {1: 64790.526386265214, 2: 22014.38899923162, 3: 10852.180282873896, 4: 2342.851834268735}
>>> t=311.00 s; Pushed new meters: {1: 64790.526386265214, 2: 22014.38899923162, 3: 10852.180282873896, 4: 2342.851834268735}
>>> t=312.00 s; Pushed new meters: {1: 64790.526386265214, 2: 22014.38899923162, 3: 10852.180282873896, 4: 2342.851834268735}
>>> t=313.00 s; Pushed new meters: {1: 64790.526386265214, 2: 22014.38899923162, 3: 10852.180282873896, 4: 2342.851834268735}
>>> t=314.00 s; Pushed new meters: {1: 64790.526386265214, 2: 22014.38899923162, 3: 10852.180282873896, 4: 2342.851834268735}
>>> t=315.00 s; Pushed new meters: {1: 64790.526386265214, 2: 22014.38899923162, 3: 10852.180282873896, 4: 2342.851834268735}
>>> t=316.00 s; Pushed new meters: {1: 64790.526386265214, 2: 22014.38899923162, 3: 10852.180282873896, 4: 2342.851834268735}
>>> t=317.00 s; Pushed new meters: {1: 64790.526386265214, 2: 22014.38899923162, 3: 10852.180282873896, 4: 2342.851834268735}
>>> t=318.00 s; Pushed new meters: {1: 64790.526386265214, 2: 22014.38899923162, 3: 10852.180282873896, 4: 2342.851834268735}
>>> t=319.00 s; Pushed new meters: {1: 64790.526386265214, 2: 22014.38899923162, 3: 10852.180282873896, 4: 2342.851834268735}
>>> t=320.00 s; Pushed new meters: {1: 64790.526386265214, 2: 22014.38899923162, 3: 10852.180282873896, 4: 2342.851834268735}
>>> t=321.00 s; Pushed new meters: {1: 64790.526386265214, 2: 22014.38899923162, 3: 10852.180282873896, 4: 2342.851834268735}
>>> t=322.00 s; Pushed new meters: {1: 64790.526386265214, 2: 22014.38899923162, 3: 10852.180282873896, 4: 2342.851834268735}
>>> t=323.00 s; Pushed new meters: {1: 64790.526386265214, 2: 22014.38899923162, 3: 10852.180282873896, 4: 2342.851834268735}
>>> t=324.00 s; Pushed new meters: {1: 64790.526386265214, 2: 22014.38899923162, 3: 10852.180282873896, 4: 2342.851834268735}
>>> t=325.00 s; Pushed new meters: {1: 64790.526386265214, 2: 22014.38899923162, 3: 10852.180282873896, 4: 2342.851834268735}
>>> t=326.00 s; Pushed new meters: {1: 64790.526386265214, 2: 22014.38899923162, 3: 10852.180282873896, 4: 2342.851834268735}
>>> t=327.00 s; Pushed new meters: {1: 64790.526386265214, 2: 22014.38899923162, 3: 10852.180282873896, 4: 2342.851834268735}
>>> t=328.00 s; Pushed new meters: {1: 64790.526386265214, 2: 22014.38899923162, 3: 10852.180282873896, 4: 2342.851834268735}
>>> t=329.00 s; Pushed new meters: {1: 64790.526386265214, 2: 22014.38899923162, 3: 10852.180282873896, 4: 2342.851834268735}
>>> t=330.00 s; Pushed new meters: {1: 64790.526386265214, 2: 22014.38899923162, 3: 10852.180282873896, 4: 2342.851834268735}
