loading app allocation_app.py
loading app ryu.app.ofctl_rest
loading app ryu.controller.ofp_handler
instantiating app None of DPSet
creating context dpset
creating context wsgi
instantiating app allocation_app.py of SimpleMonitor13
instantiating app ryu.app.ofctl_rest of RestStatsApi
instantiating app ryu.controller.ofp_handler of OFPHandler
(15407) wsgi starting up on http://0.0.0.0:8080
packet in 1 00:00:00:00:00:21 ff:ff:ff:ff:ff:ff 1
packet in 1 00:00:00:00:00:22 00:00:00:00:00:21 2
packet in 2 00:00:00:00:00:21 ff:ff:ff:ff:ff:ff 1
packet in 1 00:00:00:00:00:21 00:00:00:00:00:22 1
packet in 3 00:00:00:00:00:21 ff:ff:ff:ff:ff:ff 1
packet in 4 00:00:00:00:00:21 ff:ff:ff:ff:ff:ff 5
packet in 1 00:00:00:00:00:21 ff:ff:ff:ff:ff:ff 1
packet in 1 00:00:00:00:00:23 00:00:00:00:00:21 3
packet in 2 00:00:00:00:00:21 ff:ff:ff:ff:ff:ff 1
packet in 1 00:00:00:00:00:21 00:00:00:00:00:23 1
packet in 3 00:00:00:00:00:21 ff:ff:ff:ff:ff:ff 1
packet in 1 00:00:00:00:00:21 ff:ff:ff:ff:ff:ff 1
packet in 4 00:00:00:00:00:21 ff:ff:ff:ff:ff:ff 5
packet in 1 00:00:00:00:00:24 00:00:00:00:00:21 4
packet in 2 00:00:00:00:00:21 ff:ff:ff:ff:ff:ff 1
packet in 1 00:00:00:00:00:21 00:00:00:00:00:24 1
packet in 3 00:00:00:00:00:21 ff:ff:ff:ff:ff:ff 1
packet in 1 00:00:00:00:00:21 ff:ff:ff:ff:ff:ff 1
packet in 4 00:00:00:00:00:21 ff:ff:ff:ff:ff:ff 5
packet in 2 00:00:00:00:00:21 ff:ff:ff:ff:ff:ff 1
packet in 3 00:00:00:00:00:21 ff:ff:ff:ff:ff:ff 1
packet in 4 00:00:00:00:00:21 ff:ff:ff:ff:ff:ff 5
packet in 4 00:00:00:00:00:31 00:00:00:00:00:21 1
packet in 3 00:00:00:00:00:31 00:00:00:00:00:21 2
packet in 2 00:00:00:00:00:31 00:00:00:00:00:21 2
packet in 1 00:00:00:00:00:31 00:00:00:00:00:21 5
packet in 1 00:00:00:00:00:21 00:00:00:00:00:31 1
packet in 2 00:00:00:00:00:21 00:00:00:00:00:31 1
packet in 3 00:00:00:00:00:21 00:00:00:00:00:31 1
packet in 4 00:00:00:00:00:21 00:00:00:00:00:31 5
packet in 1 00:00:00:00:00:21 ff:ff:ff:ff:ff:ff 1
packet in 2 00:00:00:00:00:21 ff:ff:ff:ff:ff:ff 1
packet in 3 00:00:00:00:00:21 ff:ff:ff:ff:ff:ff 1
packet in 4 00:00:00:00:00:21 ff:ff:ff:ff:ff:ff 5
packet in 4 00:00:00:00:00:32 00:00:00:00:00:21 2
packet in 3 00:00:00:00:00:32 00:00:00:00:00:21 2
packet in 2 00:00:00:00:00:32 00:00:00:00:00:21 2
packet in 1 00:00:00:00:00:32 00:00:00:00:00:21 5
packet in 1 00:00:00:00:00:21 00:00:00:00:00:32 1
packet in 2 00:00:00:00:00:21 00:00:00:00:00:32 1
packet in 3 00:00:00:00:00:21 00:00:00:00:00:32 1
packet in 4 00:00:00:00:00:21 00:00:00:00:00:32 5
packet in 1 00:00:00:00:00:21 ff:ff:ff:ff:ff:ff 1
packet in 2 00:00:00:00:00:21 ff:ff:ff:ff:ff:ff 1
packet in 3 00:00:00:00:00:21 ff:ff:ff:ff:ff:ff 1
packet in 4 00:00:00:00:00:21 ff:ff:ff:ff:ff:ff 5
packet in 4 00:00:00:00:00:33 00:00:00:00:00:21 3
packet in 3 00:00:00:00:00:33 00:00:00:00:00:21 2
packet in 2 00:00:00:00:00:33 00:00:00:00:00:21 2
packet in 1 00:00:00:00:00:33 00:00:00:00:00:21 5
packet in 1 00:00:00:00:00:21 00:00:00:00:00:33 1
packet in 2 00:00:00:00:00:21 00:00:00:00:00:33 1
packet in 3 00:00:00:00:00:21 00:00:00:00:00:33 1
packet in 4 00:00:00:00:00:21 00:00:00:00:00:33 5
packet in 1 00:00:00:00:00:21 ff:ff:ff:ff:ff:ff 1
packet in 2 00:00:00:00:00:21 ff:ff:ff:ff:ff:ff 1
packet in 3 00:00:00:00:00:21 ff:ff:ff:ff:ff:ff 1
packet in 4 00:00:00:00:00:21 ff:ff:ff:ff:ff:ff 5
packet in 4 00:00:00:00:00:34 00:00:00:00:00:21 4
packet in 3 00:00:00:00:00:34 00:00:00:00:00:21 2
packet in 2 00:00:00:00:00:34 00:00:00:00:00:21 2
packet in 1 00:00:00:00:00:34 00:00:00:00:00:21 5
packet in 1 00:00:00:00:00:21 00:00:00:00:00:34 1
packet in 2 00:00:00:00:00:21 00:00:00:00:00:34 1
packet in 3 00:00:00:00:00:21 00:00:00:00:00:34 1
packet in 4 00:00:00:00:00:21 00:00:00:00:00:34 5
packet in 1 00:00:00:00:00:22 ff:ff:ff:ff:ff:ff 2
packet in 1 00:00:00:00:00:23 00:00:00:00:00:22 3
packet in 2 00:00:00:00:00:22 ff:ff:ff:ff:ff:ff 1
packet in 1 00:00:00:00:00:22 00:00:00:00:00:23 2
packet in 3 00:00:00:00:00:22 ff:ff:ff:ff:ff:ff 1
packet in 4 00:00:00:00:00:22 ff:ff:ff:ff:ff:ff 5
packet in 1 00:00:00:00:00:22 ff:ff:ff:ff:ff:ff 2
packet in 1 00:00:00:00:00:24 00:00:00:00:00:22 4
packet in 2 00:00:00:00:00:22 ff:ff:ff:ff:ff:ff 1
packet in 1 00:00:00:00:00:22 00:00:00:00:00:24 2
packet in 3 00:00:00:00:00:22 ff:ff:ff:ff:ff:ff 1
packet in 1 00:00:00:00:00:22 ff:ff:ff:ff:ff:ff 2
packet in 4 00:00:00:00:00:22 ff:ff:ff:ff:ff:ff 5
packet in 2 00:00:00:00:00:22 ff:ff:ff:ff:ff:ff 1
packet in 3 00:00:00:00:00:22 ff:ff:ff:ff:ff:ff 1
packet in 4 00:00:00:00:00:22 ff:ff:ff:ff:ff:ff 5
packet in 4 00:00:00:00:00:31 00:00:00:00:00:22 1
packet in 3 00:00:00:00:00:31 00:00:00:00:00:22 2
packet in 2 00:00:00:00:00:31 00:00:00:00:00:22 2
packet in 1 00:00:00:00:00:31 00:00:00:00:00:22 5
packet in 1 00:00:00:00:00:22 00:00:00:00:00:31 2
packet in 2 00:00:00:00:00:22 00:00:00:00:00:31 1
packet in 3 00:00:00:00:00:22 00:00:00:00:00:31 1
packet in 4 00:00:00:00:00:22 00:00:00:00:00:31 5
packet in 1 00:00:00:00:00:22 ff:ff:ff:ff:ff:ff 2
packet in 2 00:00:00:00:00:22 ff:ff:ff:ff:ff:ff 1
packet in 3 00:00:00:00:00:22 ff:ff:ff:ff:ff:ff 1
packet in 4 00:00:00:00:00:22 ff:ff:ff:ff:ff:ff 5
packet in 4 00:00:00:00:00:32 00:00:00:00:00:22 2
packet in 3 00:00:00:00:00:32 00:00:00:00:00:22 2
packet in 2 00:00:00:00:00:32 00:00:00:00:00:22 2
packet in 1 00:00:00:00:00:32 00:00:00:00:00:22 5
packet in 1 00:00:00:00:00:22 00:00:00:00:00:32 2
packet in 2 00:00:00:00:00:22 00:00:00:00:00:32 1
packet in 3 00:00:00:00:00:22 00:00:00:00:00:32 1
packet in 4 00:00:00:00:00:22 00:00:00:00:00:32 5
packet in 1 00:00:00:00:00:22 ff:ff:ff:ff:ff:ff 2
packet in 2 00:00:00:00:00:22 ff:ff:ff:ff:ff:ff 1
packet in 3 00:00:00:00:00:22 ff:ff:ff:ff:ff:ff 1
packet in 4 00:00:00:00:00:22 ff:ff:ff:ff:ff:ff 5
packet in 4 00:00:00:00:00:33 00:00:00:00:00:22 3
packet in 3 00:00:00:00:00:33 00:00:00:00:00:22 2
packet in 2 00:00:00:00:00:33 00:00:00:00:00:22 2
packet in 1 00:00:00:00:00:33 00:00:00:00:00:22 5
packet in 1 00:00:00:00:00:22 00:00:00:00:00:33 2
packet in 2 00:00:00:00:00:22 00:00:00:00:00:33 1
packet in 3 00:00:00:00:00:22 00:00:00:00:00:33 1
packet in 4 00:00:00:00:00:22 00:00:00:00:00:33 5
packet in 1 00:00:00:00:00:22 ff:ff:ff:ff:ff:ff 2
packet in 2 00:00:00:00:00:22 ff:ff:ff:ff:ff:ff 1
packet in 3 00:00:00:00:00:22 ff:ff:ff:ff:ff:ff 1
packet in 4 00:00:00:00:00:22 ff:ff:ff:ff:ff:ff 5
packet in 4 00:00:00:00:00:34 00:00:00:00:00:22 4
packet in 3 00:00:00:00:00:34 00:00:00:00:00:22 2
packet in 2 00:00:00:00:00:34 00:00:00:00:00:22 2
packet in 1 00:00:00:00:00:34 00:00:00:00:00:22 5
packet in 1 00:00:00:00:00:22 00:00:00:00:00:34 2
packet in 2 00:00:00:00:00:22 00:00:00:00:00:34 1
packet in 3 00:00:00:00:00:22 00:00:00:00:00:34 1
packet in 4 00:00:00:00:00:22 00:00:00:00:00:34 5
packet in 1 00:00:00:00:00:23 ff:ff:ff:ff:ff:ff 3
packet in 1 00:00:00:00:00:24 00:00:00:00:00:23 4
packet in 2 00:00:00:00:00:23 ff:ff:ff:ff:ff:ff 1
packet in 1 00:00:00:00:00:23 00:00:00:00:00:24 3
packet in 3 00:00:00:00:00:23 ff:ff:ff:ff:ff:ff 1
packet in 1 00:00:00:00:00:23 ff:ff:ff:ff:ff:ff 3
packet in 4 00:00:00:00:00:23 ff:ff:ff:ff:ff:ff 5
packet in 2 00:00:00:00:00:23 ff:ff:ff:ff:ff:ff 1
packet in 3 00:00:00:00:00:23 ff:ff:ff:ff:ff:ff 1
packet in 4 00:00:00:00:00:23 ff:ff:ff:ff:ff:ff 5
packet in 4 00:00:00:00:00:31 00:00:00:00:00:23 1
packet in 3 00:00:00:00:00:31 00:00:00:00:00:23 2
packet in 2 00:00:00:00:00:31 00:00:00:00:00:23 2
packet in 1 00:00:00:00:00:31 00:00:00:00:00:23 5
packet in 1 00:00:00:00:00:23 00:00:00:00:00:31 3
packet in 2 00:00:00:00:00:23 00:00:00:00:00:31 1
packet in 3 00:00:00:00:00:23 00:00:00:00:00:31 1
packet in 4 00:00:00:00:00:23 00:00:00:00:00:31 5
packet in 1 00:00:00:00:00:23 ff:ff:ff:ff:ff:ff 3
packet in 2 00:00:00:00:00:23 ff:ff:ff:ff:ff:ff 1
packet in 3 00:00:00:00:00:23 ff:ff:ff:ff:ff:ff 1
packet in 4 00:00:00:00:00:23 ff:ff:ff:ff:ff:ff 5
packet in 4 00:00:00:00:00:32 00:00:00:00:00:23 2
packet in 3 00:00:00:00:00:32 00:00:00:00:00:23 2
packet in 2 00:00:00:00:00:32 00:00:00:00:00:23 2
packet in 1 00:00:00:00:00:32 00:00:00:00:00:23 5
packet in 1 00:00:00:00:00:23 00:00:00:00:00:32 3
packet in 2 00:00:00:00:00:23 00:00:00:00:00:32 1
packet in 3 00:00:00:00:00:23 00:00:00:00:00:32 1
packet in 4 00:00:00:00:00:23 00:00:00:00:00:32 5
packet in 1 00:00:00:00:00:23 ff:ff:ff:ff:ff:ff 3
packet in 2 00:00:00:00:00:23 ff:ff:ff:ff:ff:ff 1
packet in 3 00:00:00:00:00:23 ff:ff:ff:ff:ff:ff 1
packet in 4 00:00:00:00:00:23 ff:ff:ff:ff:ff:ff 5
packet in 4 00:00:00:00:00:33 00:00:00:00:00:23 3
packet in 3 00:00:00:00:00:33 00:00:00:00:00:23 2
packet in 2 00:00:00:00:00:33 00:00:00:00:00:23 2
packet in 1 00:00:00:00:00:33 00:00:00:00:00:23 5
packet in 1 00:00:00:00:00:23 00:00:00:00:00:33 3
packet in 2 00:00:00:00:00:23 00:00:00:00:00:33 1
packet in 3 00:00:00:00:00:23 00:00:00:00:00:33 1
packet in 4 00:00:00:00:00:23 00:00:00:00:00:33 5
packet in 1 00:00:00:00:00:23 ff:ff:ff:ff:ff:ff 3
packet in 2 00:00:00:00:00:23 ff:ff:ff:ff:ff:ff 1
packet in 3 00:00:00:00:00:23 ff:ff:ff:ff:ff:ff 1
packet in 4 00:00:00:00:00:23 ff:ff:ff:ff:ff:ff 5
packet in 4 00:00:00:00:00:34 00:00:00:00:00:23 4
packet in 3 00:00:00:00:00:34 00:00:00:00:00:23 2
packet in 2 00:00:00:00:00:34 00:00:00:00:00:23 2
packet in 1 00:00:00:00:00:34 00:00:00:00:00:23 5
packet in 1 00:00:00:00:00:23 00:00:00:00:00:34 3
packet in 2 00:00:00:00:00:23 00:00:00:00:00:34 1
packet in 3 00:00:00:00:00:23 00:00:00:00:00:34 1
packet in 4 00:00:00:00:00:23 00:00:00:00:00:34 5
packet in 1 00:00:00:00:00:24 ff:ff:ff:ff:ff:ff 4
packet in 2 00:00:00:00:00:24 ff:ff:ff:ff:ff:ff 1
packet in 3 00:00:00:00:00:24 ff:ff:ff:ff:ff:ff 1
packet in 4 00:00:00:00:00:24 ff:ff:ff:ff:ff:ff 5
packet in 4 00:00:00:00:00:31 00:00:00:00:00:24 1
packet in 3 00:00:00:00:00:31 00:00:00:00:00:24 2
packet in 2 00:00:00:00:00:31 00:00:00:00:00:24 2
packet in 1 00:00:00:00:00:31 00:00:00:00:00:24 5
packet in 1 00:00:00:00:00:24 00:00:00:00:00:31 4
packet in 2 00:00:00:00:00:24 00:00:00:00:00:31 1
packet in 3 00:00:00:00:00:24 00:00:00:00:00:31 1
packet in 4 00:00:00:00:00:24 00:00:00:00:00:31 5
packet in 1 00:00:00:00:00:24 ff:ff:ff:ff:ff:ff 4
packet in 2 00:00:00:00:00:24 ff:ff:ff:ff:ff:ff 1
packet in 3 00:00:00:00:00:24 ff:ff:ff:ff:ff:ff 1
packet in 4 00:00:00:00:00:24 ff:ff:ff:ff:ff:ff 5
packet in 4 00:00:00:00:00:32 00:00:00:00:00:24 2
packet in 3 00:00:00:00:00:32 00:00:00:00:00:24 2
packet in 2 00:00:00:00:00:32 00:00:00:00:00:24 2
packet in 1 00:00:00:00:00:32 00:00:00:00:00:24 5
packet in 1 00:00:00:00:00:24 00:00:00:00:00:32 4
packet in 2 00:00:00:00:00:24 00:00:00:00:00:32 1
packet in 3 00:00:00:00:00:24 00:00:00:00:00:32 1
packet in 4 00:00:00:00:00:24 00:00:00:00:00:32 5
packet in 1 00:00:00:00:00:24 ff:ff:ff:ff:ff:ff 4
packet in 2 00:00:00:00:00:24 ff:ff:ff:ff:ff:ff 1
packet in 3 00:00:00:00:00:24 ff:ff:ff:ff:ff:ff 1
packet in 4 00:00:00:00:00:24 ff:ff:ff:ff:ff:ff 5
packet in 4 00:00:00:00:00:33 00:00:00:00:00:24 3
packet in 3 00:00:00:00:00:33 00:00:00:00:00:24 2
packet in 2 00:00:00:00:00:33 00:00:00:00:00:24 2
packet in 1 00:00:00:00:00:33 00:00:00:00:00:24 5
packet in 1 00:00:00:00:00:24 00:00:00:00:00:33 4
packet in 2 00:00:00:00:00:24 00:00:00:00:00:33 1
packet in 3 00:00:00:00:00:24 00:00:00:00:00:33 1
packet in 4 00:00:00:00:00:24 00:00:00:00:00:33 5
packet in 1 00:00:00:00:00:24 ff:ff:ff:ff:ff:ff 4
packet in 2 00:00:00:00:00:24 ff:ff:ff:ff:ff:ff 1
packet in 3 00:00:00:00:00:24 ff:ff:ff:ff:ff:ff 1
packet in 4 00:00:00:00:00:24 ff:ff:ff:ff:ff:ff 5
packet in 4 00:00:00:00:00:34 00:00:00:00:00:24 4
packet in 3 00:00:00:00:00:34 00:00:00:00:00:24 2
packet in 2 00:00:00:00:00:34 00:00:00:00:00:24 2
packet in 1 00:00:00:00:00:34 00:00:00:00:00:24 5
packet in 1 00:00:00:00:00:24 00:00:00:00:00:34 4
packet in 2 00:00:00:00:00:24 00:00:00:00:00:34 1
packet in 3 00:00:00:00:00:24 00:00:00:00:00:34 1
packet in 4 00:00:00:00:00:24 00:00:00:00:00:34 5
packet in 4 00:00:00:00:00:31 ff:ff:ff:ff:ff:ff 1
packet in 4 00:00:00:00:00:32 00:00:00:00:00:31 2
packet in 3 00:00:00:00:00:31 ff:ff:ff:ff:ff:ff 2
packet in 4 00:00:00:00:00:31 00:00:00:00:00:32 1
packet in 2 00:00:00:00:00:31 ff:ff:ff:ff:ff:ff 2
packet in 1 00:00:00:00:00:31 ff:ff:ff:ff:ff:ff 5
packet in 4 00:00:00:00:00:31 ff:ff:ff:ff:ff:ff 1
packet in 4 00:00:00:00:00:33 00:00:00:00:00:31 3
packet in 3 00:00:00:00:00:31 ff:ff:ff:ff:ff:ff 2
packet in 4 00:00:00:00:00:31 00:00:00:00:00:33 1
packet in 2 00:00:00:00:00:31 ff:ff:ff:ff:ff:ff 2
packet in 1 00:00:00:00:00:31 ff:ff:ff:ff:ff:ff 5
packet in 4 00:00:00:00:00:31 ff:ff:ff:ff:ff:ff 1
packet in 4 00:00:00:00:00:34 00:00:00:00:00:31 4
packet in 3 00:00:00:00:00:31 ff:ff:ff:ff:ff:ff 2
packet in 4 00:00:00:00:00:31 00:00:00:00:00:34 1
packet in 2 00:00:00:00:00:31 ff:ff:ff:ff:ff:ff 2
packet in 1 00:00:00:00:00:31 ff:ff:ff:ff:ff:ff 5
packet in 4 00:00:00:00:00:32 ff:ff:ff:ff:ff:ff 2
packet in 4 00:00:00:00:00:33 00:00:00:00:00:32 3
packet in 3 00:00:00:00:00:32 ff:ff:ff:ff:ff:ff 2
packet in 4 00:00:00:00:00:32 00:00:00:00:00:33 2
packet in 2 00:00:00:00:00:32 ff:ff:ff:ff:ff:ff 2
packet in 1 00:00:00:00:00:32 ff:ff:ff:ff:ff:ff 5
packet in 4 00:00:00:00:00:32 ff:ff:ff:ff:ff:ff 2
packet in 4 00:00:00:00:00:34 00:00:00:00:00:32 4
packet in 3 00:00:00:00:00:32 ff:ff:ff:ff:ff:ff 2
packet in 4 00:00:00:00:00:32 00:00:00:00:00:34 2
packet in 2 00:00:00:00:00:32 ff:ff:ff:ff:ff:ff 2
packet in 1 00:00:00:00:00:32 ff:ff:ff:ff:ff:ff 5
packet in 4 00:00:00:00:00:33 ff:ff:ff:ff:ff:ff 3
packet in 4 00:00:00:00:00:34 00:00:00:00:00:33 4
packet in 3 00:00:00:00:00:33 ff:ff:ff:ff:ff:ff 2
packet in 4 00:00:00:00:00:33 00:00:00:00:00:34 3
packet in 2 00:00:00:00:00:33 ff:ff:ff:ff:ff:ff 2
packet in 1 00:00:00:00:00:33 ff:ff:ff:ff:ff:ff 5
(15407) accepted ('127.0.0.1', 36732)
127.0.0.1 - - [16/Jun/2025 02:57:23] "POST /stats/meterentry/add HTTP/1.1" 200 139 0.008094
(15407) accepted ('127.0.0.1', 36736)
127.0.0.1 - - [16/Jun/2025 02:57:23] "POST /stats/meterentry/add HTTP/1.1" 200 139 0.000687
(15407) accepted ('127.0.0.1', 36748)
127.0.0.1 - - [16/Jun/2025 02:57:23] "POST /stats/meterentry/add HTTP/1.1" 200 139 0.000599
(15407) accepted ('127.0.0.1', 36760)
127.0.0.1 - - [16/Jun/2025 02:57:23] "POST /stats/meterentry/add HTTP/1.1" 200 139 0.000637
(15407) accepted ('127.0.0.1', 36776)
127.0.0.1 - - [16/Jun/2025 02:57:23] "POST /stats/meterentry/add HTTP/1.1" 200 139 0.000629
(15407) accepted ('127.0.0.1', 36784)
127.0.0.1 - - [16/Jun/2025 02:57:23] "POST /stats/meterentry/add HTTP/1.1" 200 139 0.000854
(15407) accepted ('127.0.0.1', 36800)
127.0.0.1 - - [16/Jun/2025 02:57:23] "POST /stats/meterentry/add HTTP/1.1" 200 139 0.000991
(15407) accepted ('127.0.0.1', 36814)
127.0.0.1 - - [16/Jun/2025 02:57:23] "POST /stats/meterentry/add HTTP/1.1" 200 139 0.000514
(15407) accepted ('127.0.0.1', 36824)
127.0.0.1 - - [16/Jun/2025 02:57:23] "POST /stats/flowentry/add HTTP/1.1" 200 139 0.000978
(15407) accepted ('127.0.0.1', 36840)
127.0.0.1 - - [16/Jun/2025 02:57:23] "POST /stats/flowentry/add HTTP/1.1" 200 139 0.001021
(15407) accepted ('127.0.0.1', 36842)
127.0.0.1 - - [16/Jun/2025 02:57:23] "POST /stats/flowentry/add HTTP/1.1" 200 139 0.000712
(15407) accepted ('127.0.0.1', 36848)
127.0.0.1 - - [16/Jun/2025 02:57:23] "POST /stats/flowentry/add HTTP/1.1" 200 139 0.000657
(15407) accepted ('127.0.0.1', 36852)
127.0.0.1 - - [16/Jun/2025 02:57:23] "POST /stats/flowentry/add HTTP/1.1" 200 139 0.000786
(15407) accepted ('127.0.0.1', 36856)
127.0.0.1 - - [16/Jun/2025 02:57:23] "POST /stats/flowentry/add HTTP/1.1" 200 139 0.000708
(15407) accepted ('127.0.0.1', 36858)
127.0.0.1 - - [16/Jun/2025 02:57:23] "POST /stats/flowentry/add HTTP/1.1" 200 139 0.000772
(15407) accepted ('127.0.0.1', 36872)
127.0.0.1 - - [16/Jun/2025 02:57:23] "POST /stats/flowentry/add HTTP/1.1" 200 139 0.000836
>>> t=2.00 s; Pushed new meters: {1: 49521.14368068807, 2: 30606.187499999978, 3: 14955.734072226032, 4: 4916.93474708592}
>>> t=3.00 s; Pushed new meters: {1: 49521.14368068807, 2: 30606.187499999978, 3: 14955.734072226032, 4: 4916.93474708592}
>>> t=4.00 s; Pushed new meters: {1: 49521.14368068807, 2: 30606.187499999978, 3: 14955.734072226032, 4: 4916.93474708592}
>>> t=5.00 s; Pushed new meters: {1: 49521.14368068807, 2: 30606.187499999978, 3: 14955.734072226032, 4: 4916.93474708592}
>>> t=6.00 s; Pushed new meters: {1: 49477.69235504062, 2: 30661.312499999953, 3: 14951.703916262162, 4: 4909.291228697261}
>>> t=7.00 s; Pushed new meters: {1: 49474.5788524603, 2: 30665.250000000036, 3: 14951.424008033711, 4: 4908.747139505951}
>>> t=9.00 s; Pushed new meters: {1: 49474.5788524603, 2: 30665.250000000036, 3: 14951.424008033711, 4: 4908.747139505951}
>>> t=10.00 s; Pushed new meters: {1: 49474.5788524603, 2: 30665.250000000036, 3: 14951.424008033711, 4: 4908.747139505951}
>>> t=11.00 s; Pushed new meters: {1: 49474.5788524603, 2: 30665.250000000036, 3: 14951.424008033711, 4: 4908.747139505951}
>>> t=12.00 s; Pushed new meters: {1: 49474.5788524603, 2: 30665.250000000036, 3: 14951.424008033711, 4: 4908.747139505951}
>>> t=13.00 s; Pushed new meters: {1: 49474.5788524603, 2: 30665.250000000036, 3: 14951.424008033711, 4: 4908.747139505951}
>>> t=14.00 s; Pushed new meters: {1: 49474.5788524603, 2: 30665.250000000036, 3: 14951.424008033711, 4: 4908.747139505951}
>>> t=15.00 s; Pushed new meters: {1: 49474.5788524603, 2: 30665.250000000036, 3: 14951.424008033711, 4: 4908.747139505951}
>>> t=16.00 s; Pushed new meters: {1: 49474.5788524603, 2: 30665.250000000036, 3: 14951.424008033711, 4: 4908.747139505951}
>>> t=17.00 s; Pushed new meters: {1: 49474.5788524603, 2: 30665.250000000036, 3: 14951.424008033711, 4: 4908.747139505951}
>>> t=18.00 s; Pushed new meters: {1: 49474.5788524603, 2: 30665.250000000036, 3: 14951.424008033711, 4: 4908.747139505951}
>>> t=19.00 s; Pushed new meters: {1: 49474.5788524603, 2: 30665.250000000036, 3: 14951.424008033711, 4: 4908.747139505951}
>>> t=20.00 s; Pushed new meters: {1: 49474.5788524603, 2: 30665.250000000036, 3: 14951.424008033711, 4: 4908.747139505951}
>>> t=21.00 s; Pushed new meters: {1: 49474.5788524603, 2: 30665.250000000036, 3: 14951.424008033711, 4: 4908.747139505951}
>>> t=22.00 s; Pushed new meters: {1: 49474.5788524603, 2: 30665.250000000036, 3: 14951.424008033711, 4: 4908.747139505951}
>>> t=23.00 s; Pushed new meters: {1: 49474.5788524603, 2: 30665.250000000036, 3: 14951.424008033711, 4: 4908.747139505951}
>>> t=24.00 s; Pushed new meters: {1: 49446.5534663842, 2: 30700.78188984633, 3: 14948.911420577595, 4: 4903.753223191874}
>>> t=25.00 s; Pushed new meters: {1: 49446.5534663842, 2: 30700.78188984633, 3: 14948.911420577595, 4: 4903.753223191874}
>>> t=26.00 s; Pushed new meters: {1: 49261.0043487944, 2: 30932.11907508479, 3: 14935.857912113908, 4: 4871.0186640069005}
>>> t=27.00 s; Pushed new meters: {1: 48630.48951755786, 2: 34396.82027985299, 3: 16151.074464452167, 4: 821.6157399649146}
>>> t=28.00 s; Pushed new meters: {1: 47153.210530398996, 2: 33306.75288260106, 3: 15641.872213880277, 4: 3898.1643749475993}
>>> t=29.00 s; Pushed new meters: {1: 47153.210530398996, 2: 33306.75288260106, 3: 15641.872213880277, 4: 3898.1643749475993}
>>> t=30.00 s; Pushed new meters: {1: 47153.210530398996, 2: 33306.75288260106, 3: 15641.872213880277, 4: 3898.1643749475993}
>>> t=31.00 s; Pushed new meters: {1: 47153.210530398996, 2: 33306.75288260106, 3: 15641.872213880277, 4: 3898.1643749475993}
>>> t=32.00 s; Pushed new meters: {1: 47153.210530398996, 2: 33306.75288260106, 3: 15641.872213880277, 4: 3898.1643749475993}
>>> t=33.00 s; Pushed new meters: {1: 47153.210530398996, 2: 33306.75288260106, 3: 15641.872213880277, 4: 3898.1643749475993}
>>> t=34.00 s; Pushed new meters: {1: 51277.638570399, 2: 29294.999999998312, 3: 19427.361423880277, 4: 0}
>>> t=35.00 s; Pushed new meters: {1: 51277.638570399, 2: 29294.999999998312, 3: 19427.361423880277, 4: 0}
>>> t=36.00 s; Pushed new meters: {1: 48327.26991542179, 2: 27595.805337707017, 3: 18336.049741147202, 4: 5740.875000001577}
>>> t=37.00 s; Pushed new meters: {1: 48327.26991542179, 2: 27595.805337707017, 3: 18336.049741147202, 4: 5740.875000001577}
>>> t=38.00 s; Pushed new meters: {1: 48327.26991542179, 2: 27595.805337707017, 3: 18336.049741147202, 4: 5740.875000001577}
>>> t=39.00 s; Pushed new meters: {1: 48327.26991542179, 2: 27595.805337707017, 3: 18336.049741147202, 4: 5740.875000001577}
>>> t=40.00 s; Pushed new meters: {1: 48327.26991542179, 2: 27595.805337707017, 3: 18336.049741147202, 4: 5740.875000001577}
>>> t=41.00 s; Pushed new meters: {1: 48327.26991542179, 2: 27595.805337707017, 3: 18336.049741147202, 4: 5740.875000001577}
>>> t=42.00 s; Pushed new meters: {1: 48327.26991542179, 2: 27595.805337707017, 3: 18336.049741147202, 4: 5740.875000001577}
>>> t=43.00 s; Pushed new meters: {1: 48327.26991542179, 2: 27595.805337707017, 3: 18336.049741147202, 4: 5740.875000001577}
>>> t=44.00 s; Pushed new meters: {1: 48327.26991542179, 2: 27595.805337707017, 3: 18336.049741147202, 4: 5740.875000001577}
>>> t=45.00 s; Pushed new meters: {1: 48327.26991542179, 2: 27595.805337707017, 3: 18336.049741147202, 4: 5740.875000001577}
>>> t=46.00 s; Pushed new meters: {1: 48327.26991542179, 2: 27595.805337707017, 3: 18336.049741147202, 4: 5740.875000001577}
>>> t=47.00 s; Pushed new meters: {1: 48327.26991542179, 2: 27595.805337707017, 3: 18336.049741147202, 4: 5740.875000001577}
>>> t=48.00 s; Pushed new meters: {1: 48327.26991542179, 2: 27595.805337707017, 3: 18336.049741147202, 4: 5740.875000001577}
>>> t=49.00 s; Pushed new meters: {1: 48327.26991542179, 2: 27595.805337707017, 3: 18336.049741147202, 4: 5740.875000001577}
>>> t=50.00 s; Pushed new meters: {1: 48327.26991542179, 2: 27595.805337707017, 3: 18336.049741147202, 4: 5740.875000001577}
>>> t=51.00 s; Pushed new meters: {1: 48327.26991542179, 2: 27595.805337707017, 3: 18336.049741147202, 4: 5740.875000001577}
>>> t=52.00 s; Pushed new meters: {1: 48327.26991542179, 2: 27595.805337707017, 3: 18336.049741147202, 4: 5740.875000001577}
>>> t=53.00 s; Pushed new meters: {1: 48327.26991542179, 2: 27595.805337707017, 3: 18336.049741147202, 4: 5740.875000001577}
>>> t=54.00 s; Pushed new meters: {1: 48327.26991542179, 2: 27595.805337707017, 3: 18336.049741147202, 4: 5740.875000001577}
>>> t=55.00 s; Pushed new meters: {1: 48327.26991542179, 2: 27595.805337707017, 3: 18336.049741147202, 4: 5740.875000001577}
>>> t=56.00 s; Pushed new meters: {1: 48327.26991542179, 2: 27595.805337707017, 3: 18336.049741147202, 4: 5740.875000001577}
>>> t=57.00 s; Pushed new meters: {1: 48327.26991542179, 2: 27595.805337707017, 3: 18336.049741147202, 4: 5740.875000001577}
>>> t=58.00 s; Pushed new meters: {1: 48327.26991542179, 2: 27595.805337707017, 3: 18336.049741147202, 4: 5740.875000001577}
>>> t=59.00 s; Pushed new meters: {1: 48327.26991542179, 2: 27595.805337707017, 3: 18336.049741147202, 4: 5740.875000001577}
>>> t=60.00 s; Pushed new meters: {1: 48327.26991542179, 2: 27595.805337707017, 3: 18336.049741147202, 4: 5740.875000001577}
>>> t=61.00 s; Pushed new meters: {1: 48290.8755016396, 2: 27574.844492789318, 3: 18322.490664192497, 4: 5811.789335656173}
>>> t=62.00 s; Pushed new meters: {1: 48290.8755016396, 2: 27574.844492789318, 3: 18322.490664192497, 4: 5811.789335656173}
>>> t=63.00 s; Pushed new meters: {1: 48290.8755016396, 2: 27574.844492789318, 3: 18322.490664192497, 4: 5811.789335656173}
>>> t=64.00 s; Pushed new meters: {1: 48290.8755016396, 2: 27574.844492789318, 3: 18322.490664192497, 4: 5811.789335656173}
>>> t=65.00 s; Pushed new meters: {1: 48290.8755016396, 2: 27574.844492789318, 3: 18322.490664192497, 4: 5811.789335656173}
>>> t=66.00 s; Pushed new meters: {1: 48290.8755016396, 2: 27574.844492789318, 3: 18322.490664192497, 4: 5811.789335656173}
>>> t=67.00 s; Pushed new meters: {1: 53953.37577163961, 2: 30926.624232789316, 3: 15120.000000011292, 4: 0}
>>> t=68.00 s; Pushed new meters: {1: 53953.37577163961, 2: 30926.624232789316, 3: 15120.000000011292, 4: 0}
>>> t=69.00 s; Pushed new meters: {1: 53060.051532858684, 2: 30465.149363078883, 3: 13155.459065692363, 4: 3319.340042810286}
>>> t=70.00 s; Pushed new meters: {1: 52993.79175045101, 2: 30422.52965699377, 3: 13055.780903745315, 4: 3527.8976932501173}
>>> t=71.00 s; Pushed new meters: {1: 52993.79175045101, 2: 30422.52965699377, 3: 13055.780903745315, 4: 3527.8976932501173}
>>> t=72.00 s; Pushed new meters: {1: 52993.79175045101, 2: 30422.52965699377, 3: 13055.780903745315, 4: 3527.8976932501173}
>>> t=73.00 s; Pushed new meters: {1: 52993.79175045101, 2: 30422.52965699377, 3: 13055.780903745315, 4: 3527.8976932501173}
>>> t=74.00 s; Pushed new meters: {1: 52993.79175045101, 2: 30422.52965699377, 3: 13055.780903745315, 4: 3527.8976932501173}
>>> t=75.00 s; Pushed new meters: {1: 52993.79175045101, 2: 30422.52965699377, 3: 13055.780903745315, 4: 3527.8976932501173}
>>> t=76.00 s; Pushed new meters: {1: 52993.79175045101, 2: 30422.52965699377, 3: 13055.780903745315, 4: 3527.8976932501173}
>>> t=77.00 s; Pushed new meters: {1: 52993.79175045101, 2: 30422.52965699377, 3: 13055.780903745315, 4: 3527.8976932501173}
>>> t=78.00 s; Pushed new meters: {1: 52965.82652155642, 2: 30409.28268293347, 3: 13033.890799946756, 4: 3591.000000003573}
>>> t=79.00 s; Pushed new meters: {1: 52965.82652155642, 2: 30409.28268293347, 3: 13033.890799946756, 4: 3591.000000003573}
>>> t=80.00 s; Pushed new meters: {1: 53255.096727150274, 2: 30368.941596209756, 3: 12835.550731694339, 4: 3540.4109493858473}
>>> t=81.00 s; Pushed new meters: {1: 53255.096727150274, 2: 30368.941596209756, 3: 12835.550731694339, 4: 3540.4109493858473}
>>> t=82.00 s; Pushed new meters: {1: 53255.096727150274, 2: 30368.941596209756, 3: 12835.550731694339, 4: 3540.4109493858473}
>>> t=83.00 s; Pushed new meters: {1: 53255.096727150274, 2: 30368.941596209756, 3: 12835.550731694339, 4: 3540.4109493858473}
>>> t=84.00 s; Pushed new meters: {1: 53255.096727150274, 2: 30368.941596209756, 3: 12835.550731694339, 4: 3540.4109493858473}
>>> t=85.00 s; Pushed new meters: {1: 53255.096727150274, 2: 30368.941596209756, 3: 12835.550731694339, 4: 3540.4109493858473}
>>> t=86.00 s; Pushed new meters: {1: 53255.096727150274, 2: 30368.941596209756, 3: 12835.550731694339, 4: 3540.4109493858473}
>>> t=87.00 s; Pushed new meters: {1: 53234.9944108589, 2: 30358.34518994336, 3: 12827.46111080737, 4: 3579.1992928305876}
>>> t=88.00 s; Pushed new meters: {1: 53234.9944108589, 2: 30358.34518994336, 3: 12827.46111080737, 4: 3579.1992928305876}
>>> t=89.00 s; Pushed new meters: {1: 53234.9944108589, 2: 30358.34518994336, 3: 12827.46111080737, 4: 3579.1992928305876}
>>> t=90.00 s; Pushed new meters: {1: 53234.9944108589, 2: 30358.34518994336, 3: 12827.46111080737, 4: 3579.1992928305876}
>>> t=91.00 s; Pushed new meters: {1: 53234.9944108589, 2: 30358.34518994336, 3: 12827.46111080737, 4: 3579.1992928305876}
>>> t=92.00 s; Pushed new meters: {1: 53234.9944108589, 2: 30358.34518994336, 3: 12827.46111080737, 4: 3579.1992928305876}
>>> t=93.00 s; Pushed new meters: {1: 53234.9944108589, 2: 30358.34518994336, 3: 12827.46111080737, 4: 3579.1992928305876}
>>> t=94.00 s; Pushed new meters: {1: 53231.44270662528, 2: 30356.15627847355, 3: 12825.267760966686, 4: 3587.133258374697}
>>> t=95.00 s; Pushed new meters: {1: 53231.44270662528, 2: 30356.15627847355, 3: 12825.267760966686, 4: 3587.133258374697}
>>> t=96.00 s; Pushed new meters: {1: 53149.392834124264, 2: 30665.250000097512, 3: 12616.03128711691, 4: 3569.3258831015323}
>>> t=97.00 s; Pushed new meters: {1: 53141.848178263994, 2: 30657.17308534192, 3: 12602.103740830617, 4: 3598.87500000369}
>>> t=98.00 s; Pushed new meters: {1: 53141.848178263994, 2: 30657.17308534192, 3: 12602.103740830617, 4: 3598.87500000369}
>>> t=99.00 s; Pushed new meters: {1: 53141.848178263994, 2: 30657.17308534192, 3: 12602.103740830617, 4: 3598.87500000369}
>>> t=100.00 s; Pushed new meters: {1: 48139.875000090105, 2: 28239.75000001921, 3: 20021.500000830616, 4: 3598.8750035002904}
>>> t=101.00 s; Pushed new meters: {1: 50070.455510090105, 2: 29368.86104001921, 3: 20560.647460830616, 4: 0}
>>> t=102.00 s; Pushed new meters: {1: 47543.22916341835, 2: 27882.69786476086, 3: 19183.642737579645, 4: 5390.3942451810735}
>>> t=103.00 s; Pushed new meters: {1: 47543.22916341835, 2: 27882.69786476086, 3: 19183.642737579645, 4: 5390.3942451810735}
>>> t=104.00 s; Pushed new meters: {1: 47543.22916341835, 2: 27882.69786476086, 3: 19183.642737579645, 4: 5390.3942451810735}
>>> t=105.00 s; Pushed new meters: {1: 47543.22916341835, 2: 27882.69786476086, 3: 19183.642737579645, 4: 5390.3942451810735}
>>> t=106.00 s; Pushed new meters: {1: 47543.22916341835, 2: 27882.69786476086, 3: 19183.642737579645, 4: 5390.3942451810735}
>>> t=107.00 s; Pushed new meters: {1: 47543.22916341835, 2: 27882.69786476086, 3: 19183.642737579645, 4: 5390.3942451810735}
>>> t=108.00 s; Pushed new meters: {1: 47543.22916341835, 2: 27882.69786476086, 3: 19183.642737579645, 4: 5390.3942451810735}
>>> t=109.00 s; Pushed new meters: {1: 47543.22916341835, 2: 27882.69786476086, 3: 19183.642737579645, 4: 5390.3942451810735}
>>> t=110.00 s; Pushed new meters: {1: 47543.22916341835, 2: 27882.69786476086, 3: 19183.642737579645, 4: 5390.3942451810735}
>>> t=111.00 s; Pushed new meters: {1: 47543.22916341835, 2: 27882.69786476086, 3: 19183.642737579645, 4: 5390.3942451810735}
>>> t=112.00 s; Pushed new meters: {1: 47543.22916341835, 2: 27882.69786476086, 3: 19183.642737579645, 4: 5390.3942451810735}
>>> t=113.00 s; Pushed new meters: {1: 47543.22916341835, 2: 27882.69786476086, 3: 19183.642737579645, 4: 5390.3942451810735}
>>> t=114.00 s; Pushed new meters: {1: 47543.22916341835, 2: 27882.69786476086, 3: 19183.642737579645, 4: 5390.3942451810735}
>>> t=115.00 s; Pushed new meters: {1: 47543.22916341835, 2: 27882.69786476086, 3: 19183.642737579645, 4: 5390.3942451810735}
>>> t=116.00 s; Pushed new meters: {1: 47543.22916341835, 2: 27882.69786476086, 3: 19183.642737579645, 4: 5390.3942451810735}
>>> t=117.00 s; Pushed new meters: {1: 47543.22916341835, 2: 27882.69786476086, 3: 19183.642737579645, 4: 5390.3942451810735}
>>> t=118.00 s; Pushed new meters: {1: 47543.22916341835, 2: 27882.69786476086, 3: 19183.642737579645, 4: 5390.3942451810735}
>>> t=119.00 s; Pushed new meters: {1: 47543.22916341835, 2: 27882.69786476086, 3: 19183.642737579645, 4: 5390.3942451810735}
>>> t=120.00 s; Pushed new meters: {1: 47543.22916341835, 2: 27882.69786476086, 3: 19183.642737579645, 4: 5390.3942451810735}
>>> t=121.00 s; Pushed new meters: {1: 47543.22916341835, 2: 27882.69786476086, 3: 19183.642737579645, 4: 5390.3942451810735}
>>> t=122.00 s; Pushed new meters: {1: 47543.22916341835, 2: 27882.69786476086, 3: 19183.642737579645, 4: 5390.3942451810735}
>>> t=123.00 s; Pushed new meters: {1: 47543.22916341835, 2: 27882.69786476086, 3: 19183.642737579645, 4: 5390.3942451810735}
>>> t=124.00 s; Pushed new meters: {1: 47543.22916341835, 2: 27882.69786476086, 3: 19183.642737579645, 4: 5390.3942451810735}
>>> t=125.00 s; Pushed new meters: {1: 47543.22916341835, 2: 27882.69786476086, 3: 19183.642737579645, 4: 5390.3942451810735}
>>> t=126.00 s; Pushed new meters: {1: 47543.22916341835, 2: 27882.69786476086, 3: 19183.642737579645, 4: 5390.3942451810735}
>>> t=127.00 s; Pushed new meters: {1: 47543.22916341835, 2: 27882.69786476086, 3: 19183.642737579645, 4: 5390.3942451810735}
>>> t=128.00 s; Pushed new meters: {1: 47543.22916341835, 2: 27882.69786476086, 3: 19183.642737579645, 4: 5390.3942451810735}
>>> t=129.00 s; Pushed new meters: {1: 47543.22916341835, 2: 27882.69786476086, 3: 19183.642737579645, 4: 5390.3942451810735}
>>> t=130.00 s; Pushed new meters: {1: 47543.22916341835, 2: 27882.69786476086, 3: 19183.642737579645, 4: 5390.3942451810735}
>>> t=131.00 s; Pushed new meters: {1: 47543.22916341835, 2: 27882.69786476086, 3: 19183.642737579645, 4: 5390.3942451810735}
>>> t=132.00 s; Pushed new meters: {1: 47543.22916341835, 2: 27882.69786476086, 3: 19183.642737579645, 4: 5390.3942451810735}
>>> t=133.00 s; Pushed new meters: {1: 56150.327093418346, 2: 31092.13691476086, 3: 12757.500000051223, 4: 0}
>>> t=134.00 s; Pushed new meters: {1: 56150.327093418346, 2: 31092.13691476086, 3: 12757.500000051223, 4: 0}
>>> t=135.00 s; Pushed new meters: {1: 55686.915556445216, 2: 29427.22345405251, 3: 10932.53961789437, 4: 3953.2853798383317}
>>> t=136.00 s; Pushed new meters: {1: 55686.915556445216, 2: 29427.22345405251, 3: 10932.53961789437, 4: 3953.2853798383317}
>>> t=137.00 s; Pushed new meters: {1: 55686.915556445216, 2: 29427.22345405251, 3: 10932.53961789437, 4: 3953.2853798383317}
>>> t=138.00 s; Pushed new meters: {1: 55686.915556445216, 2: 29427.22345405251, 3: 10932.53961789437, 4: 3953.2853798383317}
>>> t=139.00 s; Pushed new meters: {1: 55686.915556445216, 2: 29427.22345405251, 3: 10932.53961789437, 4: 3953.2853798383317}
>>> t=140.00 s; Pushed new meters: {1: 55686.915556445216, 2: 29427.22345405251, 3: 10932.53961789437, 4: 3953.2853798383317}
>>> t=141.00 s; Pushed new meters: {1: 55686.915556445216, 2: 29427.22345405251, 3: 10932.53961789437, 4: 3953.2853798383317}
>>> t=142.00 s; Pushed new meters: {1: 55686.915556445216, 2: 29427.22345405251, 3: 10932.53961789437, 4: 3953.2853798383317}
>>> t=143.00 s; Pushed new meters: {1: 55686.915556445216, 2: 29427.22345405251, 3: 10932.53961789437, 4: 3953.2853798383317}
>>> t=144.00 s; Pushed new meters: {1: 55686.915556445216, 2: 29427.22345405251, 3: 10932.53961789437, 4: 3953.2853798383317}
>>> t=145.00 s; Pushed new meters: {1: 55686.915556445216, 2: 29427.22345405251, 3: 10932.53961789437, 4: 3953.2853798383317}
>>> t=146.00 s; Pushed new meters: {1: 55686.915556445216, 2: 29427.22345405251, 3: 10932.53961789437, 4: 3953.2853798383317}
>>> t=147.00 s; Pushed new meters: {1: 55686.915556445216, 2: 29427.22345405251, 3: 10932.53961789437, 4: 3953.2853798383317}
>>> t=148.00 s; Pushed new meters: {1: 55686.915556445216, 2: 29427.22345405251, 3: 10932.53961789437, 4: 3953.2853798383317}
>>> t=149.00 s; Pushed new meters: {1: 55686.915556445216, 2: 29427.22345405251, 3: 10932.53961789437, 4: 3953.2853798383317}
>>> t=150.00 s; Pushed new meters: {1: 55686.915556445216, 2: 29427.22345405251, 3: 10932.53961789437, 4: 3953.2853798383317}
>>> t=151.00 s; Pushed new meters: {1: 55686.915556445216, 2: 29427.22345405251, 3: 10932.53961789437, 4: 3953.2853798383317}
>>> t=152.00 s; Pushed new meters: {1: 55686.915556445216, 2: 29427.22345405251, 3: 10932.53961789437, 4: 3953.2853798383317}
>>> t=153.00 s; Pushed new meters: {1: 55686.915556445216, 2: 29427.22345405251, 3: 10932.53961789437, 4: 3953.2853798383317}
>>> t=154.00 s; Pushed new meters: {1: 55686.915556445216, 2: 29427.22345405251, 3: 10932.53961789437, 4: 3953.2853798383317}
>>> t=155.00 s; Pushed new meters: {1: 55686.915556445216, 2: 29427.22345405251, 3: 10932.53961789437, 4: 3953.2853798383317}
>>> t=156.00 s; Pushed new meters: {1: 56219.6249998845, 2: 29140.8462129093, 3: 10650.80529541825, 4: 3988.687500018378}
>>> t=157.00 s; Pushed new meters: {1: 56219.6249998845, 2: 29140.8462129093, 3: 10650.80529541825, 4: 3988.687500018378}
>>> t=158.00 s; Pushed new meters: {1: 56219.6249998845, 2: 29140.8462129093, 3: 10650.80529541825, 4: 3988.687500018378}
>>> t=159.00 s; Pushed new meters: {1: 56219.6249998845, 2: 29140.8462129093, 3: 10650.80529541825, 4: 3988.687500018378}
>>> t=160.00 s; Pushed new meters: {1: 56219.6249998845, 2: 29140.8462129093, 3: 10650.80529541825, 4: 3988.687500018378}
>>> t=161.00 s; Pushed new meters: {1: 56219.6249998845, 2: 29140.8462129093, 3: 10650.80529541825, 4: 3988.687500018378}
>>> t=162.00 s; Pushed new meters: {1: 56219.6249998845, 2: 29140.8462129093, 3: 10650.80529541825, 4: 3988.687500018378}
>>> t=163.00 s; Pushed new meters: {1: 56219.6249998845, 2: 29140.8462129093, 3: 10650.80529541825, 4: 3988.687500018378}
>>> t=164.00 s; Pushed new meters: {1: 56219.6249998845, 2: 29140.8462129093, 3: 10650.80529541825, 4: 3988.687500018378}
>>> t=165.00 s; Pushed new meters: {1: 56219.6249998845, 2: 29140.8462129093, 3: 10650.80529541825, 4: 3988.687500018378}
>>> t=166.00 s; Pushed new meters: {1: 43867.527364826296, 2: 31140.156732909298, 3: 21003.592405418247, 4: 3988.6875050765857}
>>> t=167.00 s; Pushed new meters: {1: 45845.557384826294, 2: 32422.519762909298, 3: 21731.926745418248, 4: 0}
>>> t=168.00 s; Pushed new meters: {1: 43740.94628262552, 2: 30802.653943255056, 3: 20499.130489882293, 4: 4957.273177390969}
>>> t=169.00 s; Pushed new meters: {1: 43740.94628262552, 2: 30802.653943255056, 3: 20499.130489882293, 4: 4957.273177390969}
>>> t=170.00 s; Pushed new meters: {1: 43714.46009782932, 2: 30782.082060265122, 3: 20483.196437869166, 4: 5020.265297190232}
>>> t=171.00 s; Pushed new meters: {1: 43714.44023277865, 2: 30782.066634007137, 3: 20483.184526374454, 4: 5020.312499993597}
>>> t=172.00 s; Pushed new meters: {1: 43714.44023277865, 2: 30782.066634007137, 3: 20483.184526374454, 4: 5020.312499993597}
>>> t=173.00 s; Pushed new meters: {1: 43714.44023277865, 2: 30782.066634007137, 3: 20483.184526374454, 4: 5020.312499993597}
>>> t=174.00 s; Pushed new meters: {1: 43714.44023277865, 2: 30782.066634007137, 3: 20483.184526374454, 4: 5020.312499993597}
>>> t=175.00 s; Pushed new meters: {1: 43714.44023277865, 2: 30782.066634007137, 3: 20483.184526374454, 4: 5020.312499993597}
>>> t=176.00 s; Pushed new meters: {1: 43714.44023277865, 2: 30782.066634007137, 3: 20483.184526374454, 4: 5020.312499993597}
>>> t=177.00 s; Pushed new meters: {1: 43714.44023277865, 2: 30782.066634007137, 3: 20483.184526374454, 4: 5020.312499993597}
>>> t=178.00 s; Pushed new meters: {1: 43714.44023277865, 2: 30782.066634007137, 3: 20483.184526374454, 4: 5020.312499993597}
>>> t=179.00 s; Pushed new meters: {1: 43714.44023277865, 2: 30782.066634007137, 3: 20483.184526374454, 4: 5020.312499993597}
>>> t=180.00 s; Pushed new meters: {1: 43714.44023277865, 2: 30782.066634007137, 3: 20483.184526374454, 4: 5020.312499993597}
>>> t=181.00 s; Pushed new meters: {1: 43714.44023277865, 2: 30782.066634007137, 3: 20483.184526374454, 4: 5020.312499993597}
>>> t=182.00 s; Pushed new meters: {1: 43714.44023277865, 2: 30782.066634007137, 3: 20483.184526374454, 4: 5020.312499993597}
>>> t=183.00 s; Pushed new meters: {1: 43714.44023277865, 2: 30782.066634007137, 3: 20483.184526374454, 4: 5020.312499993597}
>>> t=184.00 s; Pushed new meters: {1: 43714.44023277865, 2: 30782.066634007137, 3: 20483.184526374454, 4: 5020.312499993597}
>>> t=185.00 s; Pushed new meters: {1: 43714.44023277865, 2: 30782.066634007137, 3: 20483.184526374454, 4: 5020.312499993597}
>>> t=186.00 s; Pushed new meters: {1: 43714.44023277865, 2: 30782.066634007137, 3: 20483.184526374454, 4: 5020.312499993597}
>>> t=187.00 s; Pushed new meters: {1: 43714.44023277865, 2: 30782.066634007137, 3: 20483.184526374454, 4: 5020.312499993597}
>>> t=188.00 s; Pushed new meters: {1: 43714.44023277865, 2: 30782.066634007137, 3: 20483.184526374454, 4: 5020.312499993597}
>>> t=189.00 s; Pushed new meters: {1: 43694.729746788566, 2: 30766.527189539418, 3: 20471.10583267266, 4: 5067.641124153197}
>>> t=190.00 s; Pushed new meters: {1: 43694.729746788566, 2: 30766.527189539418, 3: 20471.10583267266, 4: 5067.641124153197}
>>> t=191.00 s; Pushed new meters: {1: 43694.729746788566, 2: 30766.527189539418, 3: 20471.10583267266, 4: 5067.641124153197}
>>> t=192.00 s; Pushed new meters: {1: 43694.729746788566, 2: 30766.527189539418, 3: 20471.10583267266, 4: 5067.641124153197}
>>> t=193.00 s; Pushed new meters: {1: 43694.729746788566, 2: 30766.527189539418, 3: 20471.10583267266, 4: 5067.641124153197}
>>> t=194.00 s; Pushed new meters: {1: 43694.729746788566, 2: 30766.527189539418, 3: 20471.10583267266, 4: 5067.641124153197}
>>> t=195.00 s; Pushed new meters: {1: 43694.729746788566, 2: 30766.527189539418, 3: 20471.10583267266, 4: 5067.641124153197}
>>> t=196.00 s; Pushed new meters: {1: 43694.729746788566, 2: 30766.527189539418, 3: 20471.10583267266, 4: 5067.641124153197}
>>> t=197.00 s; Pushed new meters: {1: 43694.729746788566, 2: 30766.527189539418, 3: 20471.10583267266, 4: 5067.641124153197}
>>> t=198.00 s; Pushed new meters: {1: 43694.729746788566, 2: 30766.527189539418, 3: 20471.10583267266, 4: 5067.641124153197}
>>> t=199.00 s; Pushed new meters: {1: 55987.21445678857, 2: 30979.622259539417, 3: 13033.16716485424, 4: 0}
>>> t=200.00 s; Pushed new meters: {1: 55987.21445678857, 2: 30979.622259539417, 3: 13033.16716485424, 4: 0}
>>> t=201.00 s; Pushed new meters: {1: 58244.03847205217, 2: 25712.9542125057, 3: 10802.151531759977, 4: 5240.859664864382}
>>> t=202.00 s; Pushed new meters: {1: 58244.03847205217, 2: 25712.9542125057, 3: 10802.151531759977, 4: 5240.859664864382}
>>> t=203.00 s; Pushed new meters: {1: 58244.03847205217, 2: 25712.9542125057, 3: 10802.151531759977, 4: 5240.859664864382}
>>> t=204.00 s; Pushed new meters: {1: 58244.03847205217, 2: 25712.9542125057, 3: 10802.151531759977, 4: 5240.859664864382}
>>> t=205.00 s; Pushed new meters: {1: 59790.93749957532, 2: 25692.187499835563, 3: 10780.874999872794, 4: 3736.0038748643815}
>>> t=206.00 s; Pushed new meters: {1: 59286.27094210565, 2: 25475.93223944085, 3: 10689.988192602279, 4: 4547.81249999928}
>>> t=207.00 s; Pushed new meters: {1: 59037.25081525581, 2: 25369.574123183513, 3: 10643.599917694715, 4: 4949.579018014023}
>>> t=208.00 s; Pushed new meters: {1: 58765.80394475672, 2: 25317.583768105345, 3: 10632.231606209027, 4: 5284.384555076969}
>>> t=209.00 s; Pushed new meters: {1: 58765.80394475672, 2: 25317.583768105345, 3: 10632.231606209027, 4: 5284.384555076969}
>>> t=210.00 s; Pushed new meters: {1: 58765.80394475672, 2: 25317.583768105345, 3: 10632.231606209027, 4: 5284.384555076969}
>>> t=211.00 s; Pushed new meters: {1: 58765.80394475672, 2: 25317.583768105345, 3: 10632.231606209027, 4: 5284.384555076969}
>>> t=212.00 s; Pushed new meters: {1: 58765.80394475672, 2: 25317.583768105345, 3: 10632.231606209027, 4: 5284.384555076969}
>>> t=213.00 s; Pushed new meters: {1: 58765.80394475672, 2: 25317.583768105345, 3: 10632.231606209027, 4: 5284.384555076969}
>>> t=214.00 s; Pushed new meters: {1: 58765.80394475672, 2: 25317.583768105345, 3: 10632.231606209027, 4: 5284.384555076969}
>>> t=215.00 s; Pushed new meters: {1: 58765.80394475672, 2: 25317.583768105345, 3: 10632.231606209027, 4: 5284.384555076969}
>>> t=216.00 s; Pushed new meters: {1: 58765.80394475672, 2: 25317.583768105345, 3: 10632.231606209027, 4: 5284.384555076969}
>>> t=217.00 s; Pushed new meters: {1: 58765.80394475672, 2: 25317.583768105345, 3: 10632.231606209027, 4: 5284.384555076969}
>>> t=218.00 s; Pushed new meters: {1: 58765.80394475672, 2: 25317.583768105345, 3: 10632.231606209027, 4: 5284.384555076969}
>>> t=219.00 s; Pushed new meters: {1: 58765.80394475672, 2: 25317.583768105345, 3: 10632.231606209027, 4: 5284.384555076969}
>>> t=220.00 s; Pushed new meters: {1: 58765.80394475672, 2: 25317.583768105345, 3: 10632.231606209027, 4: 5284.384555076969}
>>> t=221.00 s; Pushed new meters: {1: 58765.80394475672, 2: 25317.583768105345, 3: 10632.231606209027, 4: 5284.384555076969}
>>> t=222.00 s; Pushed new meters: {1: 58765.80394475672, 2: 25317.583768105345, 3: 10632.231606209027, 4: 5284.384555076969}
>>> t=223.00 s; Pushed new meters: {1: 58765.80394475672, 2: 25317.583768105345, 3: 10632.231606209027, 4: 5284.384555076969}
>>> t=224.00 s; Pushed new meters: {1: 58765.80394475672, 2: 25317.583768105345, 3: 10632.231606209027, 4: 5284.384555076969}
>>> t=225.00 s; Pushed new meters: {1: 58765.80394475672, 2: 25317.583768105345, 3: 10632.231606209027, 4: 5284.384555076969}
>>> t=226.00 s; Pushed new meters: {1: 58765.80394475672, 2: 25317.583768105345, 3: 10632.231606209027, 4: 5284.384555076969}
>>> t=227.00 s; Pushed new meters: {1: 58765.80394475672, 2: 25317.583768105345, 3: 10632.231606209027, 4: 5284.384555076969}
>>> t=228.00 s; Pushed new meters: {1: 58765.80394475672, 2: 25317.583768105345, 3: 10632.231606209027, 4: 5284.384555076969}
>>> t=229.00 s; Pushed new meters: {1: 58765.80394475672, 2: 25317.583768105345, 3: 10632.231606209027, 4: 5284.384555076969}
>>> t=230.00 s; Pushed new meters: {1: 58765.80394475672, 2: 25317.583768105345, 3: 10632.231606209027, 4: 5284.384555076969}
>>> t=231.00 s; Pushed new meters: {1: 58765.80394475672, 2: 25317.583768105345, 3: 10632.231606209027, 4: 5284.384555076969}
>>> t=232.00 s; Pushed new meters: {1: 46682.76808863459, 2: 37204.36732810535, 3: 16112.868466209025, 4: 0}
>>> t=233.00 s; Pushed new meters: {1: 46682.76808863459, 2: 37204.36732810535, 3: 16112.868466209025, 4: 0}
>>> t=234.00 s; Pushed new meters: {1: 43956.48603949427, 2: 36154.912643057985, 3: 15710.917700344833, 4: 4177.687500051876}
>>> t=235.00 s; Pushed new meters: {1: 43956.48603949427, 2: 36154.912643057985, 3: 15710.917700344833, 4: 4177.687500051876}
>>> t=236.00 s; Pushed new meters: {1: 43956.48603949427, 2: 36154.912643057985, 3: 15710.917700344833, 4: 4177.687500051876}
>>> t=237.00 s; Pushed new meters: {1: 43956.48603949427, 2: 36154.912643057985, 3: 15710.917700344833, 4: 4177.687500051876}
>>> t=238.00 s; Pushed new meters: {1: 43956.48603949427, 2: 36154.912643057985, 3: 15710.917700344833, 4: 4177.687500051876}
>>> t=239.00 s; Pushed new meters: {1: 43956.48603949427, 2: 36154.912643057985, 3: 15710.917700344833, 4: 4177.687500051876}
>>> t=240.00 s; Pushed new meters: {1: 43956.48603949427, 2: 36154.912643057985, 3: 15710.917700344833, 4: 4177.687500051876}
>>> t=241.00 s; Pushed new meters: {1: 43956.48603949427, 2: 36154.912643057985, 3: 15710.917700344833, 4: 4177.687500051876}
>>> t=242.00 s; Pushed new meters: {1: 43956.48603949427, 2: 36154.912643057985, 3: 15710.917700344833, 4: 4177.687500051876}
>>> t=243.00 s; Pushed new meters: {1: 43956.48603949427, 2: 36154.912643057985, 3: 15710.917700344833, 4: 4177.687500051876}
>>> t=244.00 s; Pushed new meters: {1: 43956.48603949427, 2: 36154.912643057985, 3: 15710.917700344833, 4: 4177.687500051876}
>>> t=245.00 s; Pushed new meters: {1: 45595.64350949427, 2: 37913.84441305799, 3: 16490.515960344834, 4: 0}
>>> t=246.00 s; Pushed new meters: {1: 43900.23432127714, 2: 39037.95156305799, 3: 17061.817990344833, 4: 0}
>>> t=247.00 s; Pushed new meters: {1: 42733.620280673495, 2: 38011.87974934029, 3: 16613.15677725, 4: 2641.34706741618}
>>> t=248.00 s; Pushed new meters: {1: 42086.67326372305, 2: 37462.32375910444, 3: 16375.694351829115, 4: 4075.312500023354}
>>> t=249.00 s; Pushed new meters: {1: 42086.6732637213, 2: 37462.323759102954, 3: 16375.69435182847, 4: 4075.3125000272357}
>>> t=250.00 s; Pushed new meters: {1: 42086.6732637213, 2: 37462.323759102954, 3: 16375.69435182847, 4: 4075.3125000272357}
>>> t=251.00 s; Pushed new meters: {1: 42086.6732637213, 2: 37462.323759102954, 3: 16375.69435182847, 4: 4075.3125000272357}
>>> t=252.00 s; Pushed new meters: {1: 42086.67326368501, 2: 37462.32375907208, 3: 16375.694351815118, 4: 4075.3125001077524}
>>> t=253.00 s; Pushed new meters: {1: 42086.67326368501, 2: 37462.32375907208, 3: 16375.694351815118, 4: 4075.3125001077524}
>>> t=254.00 s; Pushed new meters: {1: 42039.967228884205, 2: 37423.52782632802, 3: 16358.782021723988, 4: 4177.726797743751}
>>> t=255.00 s; Pushed new meters: {1: 42027.42805991382, 2: 37413.03133405239, 3: 16354.219782250917, 4: 4205.324698462828}
>>> t=256.00 s; Pushed new meters: {1: 42027.42805991382, 2: 37413.03133405239, 3: 16354.219782250917, 4: 4205.324698462828}
>>> t=257.00 s; Pushed new meters: {1: 43838.45113991382, 2: 39077.62501405239, 3: 17083.927722250915, 4: 0}
>>> t=258.00 s; Pushed new meters: {1: 42448.057690108275, 2: 37848.067284550394, 3: 16550.082687926628, 4: 3153.796213631831}
>>> t=259.00 s; Pushed new meters: {1: 42448.057690108275, 2: 37848.067284550394, 3: 16550.082687926628, 4: 3153.796213631831}
>>> t=260.00 s; Pushed new meters: {1: 43805.672350108274, 2: 39100.94436455039, 3: 17093.387157926627, 4: 0}
>>> t=261.00 s; Pushed new meters: {1: 42058.60104109506, 2: 37567.36631352722, 3: 16432.599017973876, 4: 3941.437499989126}
>>> t=262.00 s; Pushed new meters: {1: 41999.09309576502, 2: 37515.60489402324, 3: 16409.993382770055, 4: 4075.3125000269715}
>>> t=263.00 s; Pushed new meters: {1: 41999.09309576502, 2: 37515.60489402324, 3: 16409.993382770055, 4: 4075.3125000269715}
>>> t=264.00 s; Pushed new meters: {1: 41999.09309576502, 2: 37515.60489402324, 3: 16409.993382770055, 4: 4075.3125000269715}
>>> t=265.00 s; Pushed new meters: {1: 52125.372205765016, 2: 31208.610593997408, 3: 16666.021072770058, 4: 0}
>>> t=266.00 s; Pushed new meters: {1: 52125.372205765016, 2: 31208.610593997408, 3: 16666.021072770058, 4: 0}
>>> t=267.00 s; Pushed new meters: {1: 50890.44196072446, 2: 28398.445374768075, 3: 15269.428578871735, 4: 5441.687958168204}
>>> t=268.00 s; Pushed new meters: {1: 50890.44196072446, 2: 28398.445374768075, 3: 15269.428578871735, 4: 5441.687958168204}
>>> t=269.00 s; Pushed new meters: {1: 50877.8413485019, 2: 28346.505129986475, 3: 15243.536765994042, 4: 5532.120628050063}
>>> t=270.00 s; Pushed new meters: {1: 50877.8413485019, 2: 28346.505129986475, 3: 15243.536765994042, 4: 5532.120628050063}
>>> t=271.00 s; Pushed new meters: {1: 50877.8413485019, 2: 28346.505129986475, 3: 15243.536765994042, 4: 5532.120628050063}
>>> t=272.00 s; Pushed new meters: {1: 50877.8413485019, 2: 28346.505129986475, 3: 15243.536765994042, 4: 5532.120628050063}
>>> t=273.00 s; Pushed new meters: {1: 50877.8413485019, 2: 28346.505129986475, 3: 15243.536765994042, 4: 5532.120628050063}
>>> t=274.00 s; Pushed new meters: {1: 50877.8413485019, 2: 28346.505129986475, 3: 15243.536765994042, 4: 5532.120628050063}
>>> t=275.00 s; Pushed new meters: {1: 50877.8413485019, 2: 28346.505129986475, 3: 15243.536765994042, 4: 5532.120628050063}
>>> t=276.00 s; Pushed new meters: {1: 50877.8413485019, 2: 28346.505129986475, 3: 15243.536765994042, 4: 5532.120628050063}
>>> t=277.00 s; Pushed new meters: {1: 50877.8413485019, 2: 28346.505129986475, 3: 15243.536765994042, 4: 5532.120628050063}
>>> t=278.00 s; Pushed new meters: {1: 50877.8413485019, 2: 28346.505129986475, 3: 15243.536765994042, 4: 5532.120628050063}
>>> t=279.00 s; Pushed new meters: {1: 50877.8413485019, 2: 28346.505129986475, 3: 15243.536765994042, 4: 5532.120628050063}
>>> t=280.00 s; Pushed new meters: {1: 50877.8413485019, 2: 28346.505129986475, 3: 15243.536765994042, 4: 5532.120628050063}
>>> t=281.00 s; Pushed new meters: {1: 50877.8413485019, 2: 28346.505129986475, 3: 15243.536765994042, 4: 5532.120628050063}
>>> t=282.00 s; Pushed new meters: {1: 50877.8413485019, 2: 28346.505129986475, 3: 15243.536765994042, 4: 5532.120628050063}
>>> t=283.00 s; Pushed new meters: {1: 50877.8413485019, 2: 28346.505129986475, 3: 15243.536765994042, 4: 5532.120628050063}
>>> t=284.00 s; Pushed new meters: {1: 50877.8413485019, 2: 28346.505129986475, 3: 15243.536765994042, 4: 5532.120628050063}
>>> t=285.00 s; Pushed new meters: {1: 50877.8413485019, 2: 28346.505129986475, 3: 15243.536765994042, 4: 5532.120628050063}
>>> t=286.00 s; Pushed new meters: {1: 50877.8413485019, 2: 28346.505129986475, 3: 15243.536765994042, 4: 5532.120628050063}
>>> t=287.00 s; Pushed new meters: {1: 50877.8413485019, 2: 28346.505129986475, 3: 15243.536765994042, 4: 5532.120628050063}
>>> t=288.00 s; Pushed new meters: {1: 50877.8413485019, 2: 28346.505129986475, 3: 15243.536765994042, 4: 5532.120628050063}
>>> t=289.00 s; Pushed new meters: {1: 50877.8413485019, 2: 28346.505129986475, 3: 15243.536765994042, 4: 5532.120628050063}
>>> t=290.00 s; Pushed new meters: {1: 50877.8413485019, 2: 28346.505129986475, 3: 15243.536765994042, 4: 5532.120628050063}
>>> t=291.00 s; Pushed new meters: {1: 50877.8413485019, 2: 28346.505129986475, 3: 15243.536765994042, 4: 5532.120628050063}
>>> t=292.00 s; Pushed new meters: {1: 50877.8413485019, 2: 28346.505129986475, 3: 15243.536765994042, 4: 5532.120628050063}
>>> t=293.00 s; Pushed new meters: {1: 50877.8413485019, 2: 28346.505129986475, 3: 15243.536765994042, 4: 5532.120628050063}
>>> t=294.00 s; Pushed new meters: {1: 50877.8413485019, 2: 28346.505129986475, 3: 15243.536765994042, 4: 5532.120628050063}
>>> t=295.00 s; Pushed new meters: {1: 50877.8413485019, 2: 28346.505129986475, 3: 15243.536765994042, 4: 5532.120628050063}
>>> t=296.00 s; Pushed new meters: {1: 50877.8413485019, 2: 28346.505129986475, 3: 15243.536765994042, 4: 5532.120628050063}
>>> t=297.00 s; Pushed new meters: {1: 50877.8413485019, 2: 28346.505129986475, 3: 15243.536765994042, 4: 5532.120628050063}
>>> t=298.00 s; Pushed new meters: {1: 51880.2062785019, 2: 31835.226369986474, 3: 16284.571225994043, 4: 0}
>>> t=299.00 s; Pushed new meters: {1: 51880.2062785019, 2: 31835.226369986474, 3: 16284.571225994043, 4: 0}
>>> t=300.00 s; Pushed new meters: {1: 45149.41129145863, 2: 35181.900566134034, 3: 16002.84020614571, 4: 3665.8518107440395}
>>> t=301.00 s; Pushed new meters: {1: 45149.41129145863, 2: 35181.900566134034, 3: 16002.84020614571, 4: 3665.8518107440395}
>>> t=302.00 s; Pushed new meters: {1: 45149.41129145863, 2: 35181.900566134034, 3: 16002.84020614571, 4: 3665.8518107440395}
>>> t=303.00 s; Pushed new meters: {1: 45149.41129145863, 2: 35181.900566134034, 3: 16002.84020614571, 4: 3665.8518107440395}
>>> t=304.00 s; Pushed new meters: {1: 45149.41129145863, 2: 35181.900566134034, 3: 16002.84020614571, 4: 3665.8518107440395}
>>> t=305.00 s; Pushed new meters: {1: 44715.73630843876, 2: 35974.21107729114, 3: 16266.355119730608, 4: 3043.7013707440397}
>>> t=306.00 s; Pushed new meters: {1: 44452.527920219545, 2: 35758.05891246048, 3: 16170.889922030221, 4: 3618.527121494303}
>>> t=307.00 s; Pushed new meters: {1: 44452.52248617794, 2: 35758.05457641, 3: 16170.887914985366, 4: 3618.5388986312387}
>>> t=308.00 s; Pushed new meters: {1: 44452.52248617794, 2: 35758.05457641, 3: 16170.887914985366, 4: 3618.5388986312387}
>>> t=309.00 s; Pushed new meters: {1: 44452.51172377969, 2: 35758.045641301615, 3: 16170.884011166827, 4: 3618.5624999564207}
>>> t=310.00 s; Pushed new meters: {1: 44448.871802018155, 2: 35755.12915003427, 3: 16169.557553092423, 4: 3626.445371059703}
>>> t=311.00 s; Pushed new meters: {1: 44448.871802018155, 2: 35755.12915003427, 3: 16169.557553092423, 4: 3626.445371059703}
>>> t=312.00 s; Pushed new meters: {1: 44448.871802018155, 2: 35755.12915003427, 3: 16169.557553092423, 4: 3626.445371059703}
>>> t=313.00 s; Pushed new meters: {1: 44448.871802018155, 2: 35755.12915003427, 3: 16169.557553092423, 4: 3626.445371059703}
>>> t=314.00 s; Pushed new meters: {1: 44448.871802018155, 2: 35755.12915003427, 3: 16169.557553092423, 4: 3626.445371059703}
>>> t=315.00 s; Pushed new meters: {1: 44448.871802018155, 2: 35755.12915003427, 3: 16169.557553092423, 4: 3626.445371059703}
>>> t=316.00 s; Pushed new meters: {1: 44448.871802018155, 2: 35755.12915003427, 3: 16169.557553092423, 4: 3626.445371059703}
>>> t=317.00 s; Pushed new meters: {1: 44970.18749947351, 2: 36162.000000170665, 3: 16364.249999251158, 4: 2503.5663810597034}
>>> t=318.00 s; Pushed new meters: {1: 44461.837113003385, 2: 35757.007160840905, 3: 16174.409606082312, 4: 3606.750000028439}
>>> t=319.00 s; Pushed new meters: {1: 44458.19767876568, 2: 35754.1151561011, 3: 16173.06604521408, 4: 3614.6249998741837}
>>> t=320.00 s; Pushed new meters: {1: 44450.88024580121, 2: 35748.33660618888, 3: 16170.412029295978, 4: 3630.3749986689804}
>>> t=321.00 s; Pushed new meters: {1: 44450.88024580121, 2: 35748.33660618888, 3: 16170.412029295978, 4: 3630.3749986689804}
>>> t=322.00 s; Pushed new meters: {1: 44450.88024580121, 2: 35748.33660618888, 3: 16170.412029295978, 4: 3630.3749986689804}
>>> t=323.00 s; Pushed new meters: {1: 44450.88024580121, 2: 35748.33660618888, 3: 16170.412029295978, 4: 3630.3749986689804}
>>> t=324.00 s; Pushed new meters: {1: 44450.88024580121, 2: 35748.33660618888, 3: 16170.412029295978, 4: 3630.3749986689804}
>>> t=325.00 s; Pushed new meters: {1: 44450.88024580121, 2: 35748.33660618888, 3: 16170.412029295978, 4: 3630.3749986689804}
>>> t=326.00 s; Pushed new meters: {1: 44450.88024580121, 2: 35748.33660618888, 3: 16170.412029295978, 4: 3630.3749986689804}
>>> t=327.00 s; Pushed new meters: {1: 44589.03697846725, 2: 35890.94601502741, 3: 16203.095812393993, 4: 3316.9250786689804}
>>> t=328.00 s; Pushed new meters: {1: 44455.169111896226, 2: 35781.54158948534, 3: 16156.547118097973, 4: 3606.746065078086}
>>> t=329.00 s; Pushed new meters: {1: 44455.169111896226, 2: 35781.54158948534, 3: 16156.547118097973, 4: 3606.746065078086}
>>> t=330.00 s; Pushed new meters: {1: 44455.169111896226, 2: 35781.54158948534, 3: 16156.547118097973, 4: 3606.746065078086}
