loading app allocation_app.py
loading app ryu.app.ofctl_rest
loading app ryu.controller.ofp_handler
instantiating app None of DPSet
creating context dpset
creating context wsgi
instantiating app allocation_app.py of SimpleMonitor13
instantiating app ryu.app.ofctl_rest of RestStatsApi
instantiating app ryu.controller.ofp_handler of OFPHandler
(14339) wsgi starting up on http://0.0.0.0:8080
packet in 1 00:00:00:00:00:21 ff:ff:ff:ff:ff:ff 1
packet in 1 00:00:00:00:00:22 00:00:00:00:00:21 2
packet in 2 00:00:00:00:00:21 ff:ff:ff:ff:ff:ff 1
packet in 1 00:00:00:00:00:21 00:00:00:00:00:22 1
packet in 3 00:00:00:00:00:21 ff:ff:ff:ff:ff:ff 1
packet in 4 00:00:00:00:00:21 ff:ff:ff:ff:ff:ff 5
packet in 1 00:00:00:00:00:21 ff:ff:ff:ff:ff:ff 1
packet in 1 00:00:00:00:00:23 00:00:00:00:00:21 3
packet in 2 00:00:00:00:00:21 ff:ff:ff:ff:ff:ff 1
packet in 1 00:00:00:00:00:21 00:00:00:00:00:23 1
packet in 3 00:00:00:00:00:21 ff:ff:ff:ff:ff:ff 1
packet in 1 00:00:00:00:00:21 ff:ff:ff:ff:ff:ff 1
packet in 4 00:00:00:00:00:21 ff:ff:ff:ff:ff:ff 5
packet in 1 00:00:00:00:00:24 00:00:00:00:00:21 4
packet in 2 00:00:00:00:00:21 ff:ff:ff:ff:ff:ff 1
packet in 1 00:00:00:00:00:21 00:00:00:00:00:24 1
packet in 3 00:00:00:00:00:21 ff:ff:ff:ff:ff:ff 1
packet in 1 00:00:00:00:00:21 ff:ff:ff:ff:ff:ff 1
packet in 4 00:00:00:00:00:21 ff:ff:ff:ff:ff:ff 5
packet in 2 00:00:00:00:00:21 ff:ff:ff:ff:ff:ff 1
packet in 3 00:00:00:00:00:21 ff:ff:ff:ff:ff:ff 1
packet in 4 00:00:00:00:00:21 ff:ff:ff:ff:ff:ff 5
packet in 4 00:00:00:00:00:31 00:00:00:00:00:21 1
packet in 3 00:00:00:00:00:31 00:00:00:00:00:21 2
packet in 2 00:00:00:00:00:31 00:00:00:00:00:21 2
packet in 1 00:00:00:00:00:31 00:00:00:00:00:21 5
packet in 1 00:00:00:00:00:21 00:00:00:00:00:31 1
packet in 2 00:00:00:00:00:21 00:00:00:00:00:31 1
packet in 3 00:00:00:00:00:21 00:00:00:00:00:31 1
packet in 4 00:00:00:00:00:21 00:00:00:00:00:31 5
packet in 1 00:00:00:00:00:21 ff:ff:ff:ff:ff:ff 1
packet in 2 00:00:00:00:00:21 ff:ff:ff:ff:ff:ff 1
packet in 3 00:00:00:00:00:21 ff:ff:ff:ff:ff:ff 1
packet in 4 00:00:00:00:00:21 ff:ff:ff:ff:ff:ff 5
packet in 4 00:00:00:00:00:32 00:00:00:00:00:21 2
packet in 3 00:00:00:00:00:32 00:00:00:00:00:21 2
packet in 2 00:00:00:00:00:32 00:00:00:00:00:21 2
packet in 1 00:00:00:00:00:32 00:00:00:00:00:21 5
packet in 1 00:00:00:00:00:21 00:00:00:00:00:32 1
packet in 2 00:00:00:00:00:21 00:00:00:00:00:32 1
packet in 3 00:00:00:00:00:21 00:00:00:00:00:32 1
packet in 4 00:00:00:00:00:21 00:00:00:00:00:32 5
packet in 1 00:00:00:00:00:21 ff:ff:ff:ff:ff:ff 1
packet in 2 00:00:00:00:00:21 ff:ff:ff:ff:ff:ff 1
packet in 3 00:00:00:00:00:21 ff:ff:ff:ff:ff:ff 1
packet in 4 00:00:00:00:00:21 ff:ff:ff:ff:ff:ff 5
packet in 4 00:00:00:00:00:33 00:00:00:00:00:21 3
packet in 3 00:00:00:00:00:33 00:00:00:00:00:21 2
packet in 2 00:00:00:00:00:33 00:00:00:00:00:21 2
packet in 1 00:00:00:00:00:33 00:00:00:00:00:21 5
packet in 1 00:00:00:00:00:21 00:00:00:00:00:33 1
packet in 2 00:00:00:00:00:21 00:00:00:00:00:33 1
packet in 3 00:00:00:00:00:21 00:00:00:00:00:33 1
packet in 4 00:00:00:00:00:21 00:00:00:00:00:33 5
packet in 1 00:00:00:00:00:21 ff:ff:ff:ff:ff:ff 1
packet in 2 00:00:00:00:00:21 ff:ff:ff:ff:ff:ff 1
packet in 3 00:00:00:00:00:21 ff:ff:ff:ff:ff:ff 1
packet in 4 00:00:00:00:00:21 ff:ff:ff:ff:ff:ff 5
packet in 4 00:00:00:00:00:34 00:00:00:00:00:21 4
packet in 3 00:00:00:00:00:34 00:00:00:00:00:21 2
packet in 2 00:00:00:00:00:34 00:00:00:00:00:21 2
packet in 1 00:00:00:00:00:34 00:00:00:00:00:21 5
packet in 1 00:00:00:00:00:21 00:00:00:00:00:34 1
packet in 2 00:00:00:00:00:21 00:00:00:00:00:34 1
packet in 3 00:00:00:00:00:21 00:00:00:00:00:34 1
packet in 4 00:00:00:00:00:21 00:00:00:00:00:34 5
packet in 1 00:00:00:00:00:22 ff:ff:ff:ff:ff:ff 2
packet in 1 00:00:00:00:00:23 00:00:00:00:00:22 3
packet in 2 00:00:00:00:00:22 ff:ff:ff:ff:ff:ff 1
packet in 1 00:00:00:00:00:22 00:00:00:00:00:23 2
packet in 3 00:00:00:00:00:22 ff:ff:ff:ff:ff:ff 1
packet in 1 00:00:00:00:00:22 ff:ff:ff:ff:ff:ff 2
packet in 4 00:00:00:00:00:22 ff:ff:ff:ff:ff:ff 5
packet in 1 00:00:00:00:00:24 00:00:00:00:00:22 4
packet in 2 00:00:00:00:00:22 ff:ff:ff:ff:ff:ff 1
packet in 1 00:00:00:00:00:22 00:00:00:00:00:24 2
packet in 3 00:00:00:00:00:22 ff:ff:ff:ff:ff:ff 1
packet in 4 00:00:00:00:00:22 ff:ff:ff:ff:ff:ff 5
packet in 1 00:00:00:00:00:22 ff:ff:ff:ff:ff:ff 2
packet in 2 00:00:00:00:00:22 ff:ff:ff:ff:ff:ff 1
packet in 3 00:00:00:00:00:22 ff:ff:ff:ff:ff:ff 1
packet in 4 00:00:00:00:00:22 ff:ff:ff:ff:ff:ff 5
packet in 4 00:00:00:00:00:31 00:00:00:00:00:22 1
packet in 3 00:00:00:00:00:31 00:00:00:00:00:22 2
packet in 2 00:00:00:00:00:31 00:00:00:00:00:22 2
packet in 1 00:00:00:00:00:31 00:00:00:00:00:22 5
packet in 1 00:00:00:00:00:22 00:00:00:00:00:31 2
packet in 2 00:00:00:00:00:22 00:00:00:00:00:31 1
packet in 3 00:00:00:00:00:22 00:00:00:00:00:31 1
packet in 4 00:00:00:00:00:22 00:00:00:00:00:31 5
packet in 1 00:00:00:00:00:22 ff:ff:ff:ff:ff:ff 2
packet in 2 00:00:00:00:00:22 ff:ff:ff:ff:ff:ff 1
packet in 3 00:00:00:00:00:22 ff:ff:ff:ff:ff:ff 1
packet in 4 00:00:00:00:00:22 ff:ff:ff:ff:ff:ff 5
packet in 4 00:00:00:00:00:32 00:00:00:00:00:22 2
packet in 3 00:00:00:00:00:32 00:00:00:00:00:22 2
packet in 2 00:00:00:00:00:32 00:00:00:00:00:22 2
packet in 1 00:00:00:00:00:32 00:00:00:00:00:22 5
packet in 1 00:00:00:00:00:22 00:00:00:00:00:32 2
packet in 2 00:00:00:00:00:22 00:00:00:00:00:32 1
packet in 3 00:00:00:00:00:22 00:00:00:00:00:32 1
packet in 4 00:00:00:00:00:22 00:00:00:00:00:32 5
packet in 1 00:00:00:00:00:22 ff:ff:ff:ff:ff:ff 2
packet in 2 00:00:00:00:00:22 ff:ff:ff:ff:ff:ff 1
packet in 3 00:00:00:00:00:22 ff:ff:ff:ff:ff:ff 1
packet in 4 00:00:00:00:00:22 ff:ff:ff:ff:ff:ff 5
packet in 4 00:00:00:00:00:33 00:00:00:00:00:22 3
packet in 3 00:00:00:00:00:33 00:00:00:00:00:22 2
packet in 2 00:00:00:00:00:33 00:00:00:00:00:22 2
packet in 1 00:00:00:00:00:33 00:00:00:00:00:22 5
packet in 1 00:00:00:00:00:22 00:00:00:00:00:33 2
packet in 2 00:00:00:00:00:22 00:00:00:00:00:33 1
packet in 3 00:00:00:00:00:22 00:00:00:00:00:33 1
packet in 4 00:00:00:00:00:22 00:00:00:00:00:33 5
packet in 1 00:00:00:00:00:22 ff:ff:ff:ff:ff:ff 2
packet in 2 00:00:00:00:00:22 ff:ff:ff:ff:ff:ff 1
packet in 3 00:00:00:00:00:22 ff:ff:ff:ff:ff:ff 1
packet in 4 00:00:00:00:00:22 ff:ff:ff:ff:ff:ff 5
packet in 4 00:00:00:00:00:34 00:00:00:00:00:22 4
packet in 3 00:00:00:00:00:34 00:00:00:00:00:22 2
packet in 2 00:00:00:00:00:34 00:00:00:00:00:22 2
packet in 1 00:00:00:00:00:34 00:00:00:00:00:22 5
packet in 1 00:00:00:00:00:22 00:00:00:00:00:34 2
packet in 2 00:00:00:00:00:22 00:00:00:00:00:34 1
packet in 3 00:00:00:00:00:22 00:00:00:00:00:34 1
packet in 4 00:00:00:00:00:22 00:00:00:00:00:34 5
packet in 1 00:00:00:00:00:23 ff:ff:ff:ff:ff:ff 3
packet in 1 00:00:00:00:00:24 00:00:00:00:00:23 4
packet in 2 00:00:00:00:00:23 ff:ff:ff:ff:ff:ff 1
packet in 1 00:00:00:00:00:23 00:00:00:00:00:24 3
packet in 3 00:00:00:00:00:23 ff:ff:ff:ff:ff:ff 1
packet in 1 00:00:00:00:00:23 ff:ff:ff:ff:ff:ff 3
packet in 4 00:00:00:00:00:23 ff:ff:ff:ff:ff:ff 5
packet in 2 00:00:00:00:00:23 ff:ff:ff:ff:ff:ff 1
packet in 3 00:00:00:00:00:23 ff:ff:ff:ff:ff:ff 1
packet in 4 00:00:00:00:00:23 ff:ff:ff:ff:ff:ff 5
packet in 4 00:00:00:00:00:31 00:00:00:00:00:23 1
packet in 3 00:00:00:00:00:31 00:00:00:00:00:23 2
packet in 2 00:00:00:00:00:31 00:00:00:00:00:23 2
packet in 1 00:00:00:00:00:31 00:00:00:00:00:23 5
packet in 1 00:00:00:00:00:23 00:00:00:00:00:31 3
packet in 2 00:00:00:00:00:23 00:00:00:00:00:31 1
packet in 3 00:00:00:00:00:23 00:00:00:00:00:31 1
packet in 4 00:00:00:00:00:23 00:00:00:00:00:31 5
packet in 1 00:00:00:00:00:23 ff:ff:ff:ff:ff:ff 3
packet in 2 00:00:00:00:00:23 ff:ff:ff:ff:ff:ff 1
packet in 3 00:00:00:00:00:23 ff:ff:ff:ff:ff:ff 1
packet in 4 00:00:00:00:00:23 ff:ff:ff:ff:ff:ff 5
packet in 4 00:00:00:00:00:32 00:00:00:00:00:23 2
packet in 3 00:00:00:00:00:32 00:00:00:00:00:23 2
packet in 2 00:00:00:00:00:32 00:00:00:00:00:23 2
packet in 1 00:00:00:00:00:32 00:00:00:00:00:23 5
packet in 1 00:00:00:00:00:23 00:00:00:00:00:32 3
packet in 2 00:00:00:00:00:23 00:00:00:00:00:32 1
packet in 3 00:00:00:00:00:23 00:00:00:00:00:32 1
packet in 4 00:00:00:00:00:23 00:00:00:00:00:32 5
packet in 1 00:00:00:00:00:23 ff:ff:ff:ff:ff:ff 3
packet in 2 00:00:00:00:00:23 ff:ff:ff:ff:ff:ff 1
packet in 3 00:00:00:00:00:23 ff:ff:ff:ff:ff:ff 1
packet in 4 00:00:00:00:00:23 ff:ff:ff:ff:ff:ff 5
packet in 4 00:00:00:00:00:33 00:00:00:00:00:23 3
packet in 3 00:00:00:00:00:33 00:00:00:00:00:23 2
packet in 2 00:00:00:00:00:33 00:00:00:00:00:23 2
packet in 1 00:00:00:00:00:33 00:00:00:00:00:23 5
packet in 1 00:00:00:00:00:23 00:00:00:00:00:33 3
packet in 2 00:00:00:00:00:23 00:00:00:00:00:33 1
packet in 3 00:00:00:00:00:23 00:00:00:00:00:33 1
packet in 4 00:00:00:00:00:23 00:00:00:00:00:33 5
packet in 1 00:00:00:00:00:23 ff:ff:ff:ff:ff:ff 3
packet in 2 00:00:00:00:00:23 ff:ff:ff:ff:ff:ff 1
packet in 3 00:00:00:00:00:23 ff:ff:ff:ff:ff:ff 1
packet in 4 00:00:00:00:00:23 ff:ff:ff:ff:ff:ff 5
packet in 4 00:00:00:00:00:34 00:00:00:00:00:23 4
packet in 3 00:00:00:00:00:34 00:00:00:00:00:23 2
packet in 2 00:00:00:00:00:34 00:00:00:00:00:23 2
packet in 1 00:00:00:00:00:34 00:00:00:00:00:23 5
packet in 1 00:00:00:00:00:23 00:00:00:00:00:34 3
packet in 2 00:00:00:00:00:23 00:00:00:00:00:34 1
packet in 3 00:00:00:00:00:23 00:00:00:00:00:34 1
packet in 4 00:00:00:00:00:23 00:00:00:00:00:34 5
packet in 1 00:00:00:00:00:24 ff:ff:ff:ff:ff:ff 4
packet in 2 00:00:00:00:00:24 ff:ff:ff:ff:ff:ff 1
packet in 3 00:00:00:00:00:24 ff:ff:ff:ff:ff:ff 1
packet in 4 00:00:00:00:00:24 ff:ff:ff:ff:ff:ff 5
packet in 4 00:00:00:00:00:31 00:00:00:00:00:24 1
packet in 3 00:00:00:00:00:31 00:00:00:00:00:24 2
packet in 2 00:00:00:00:00:31 00:00:00:00:00:24 2
packet in 1 00:00:00:00:00:31 00:00:00:00:00:24 5
packet in 1 00:00:00:00:00:24 00:00:00:00:00:31 4
packet in 2 00:00:00:00:00:24 00:00:00:00:00:31 1
packet in 3 00:00:00:00:00:24 00:00:00:00:00:31 1
packet in 4 00:00:00:00:00:24 00:00:00:00:00:31 5
packet in 1 00:00:00:00:00:24 ff:ff:ff:ff:ff:ff 4
packet in 2 00:00:00:00:00:24 ff:ff:ff:ff:ff:ff 1
packet in 3 00:00:00:00:00:24 ff:ff:ff:ff:ff:ff 1
packet in 4 00:00:00:00:00:24 ff:ff:ff:ff:ff:ff 5
packet in 4 00:00:00:00:00:32 00:00:00:00:00:24 2
packet in 3 00:00:00:00:00:32 00:00:00:00:00:24 2
packet in 2 00:00:00:00:00:32 00:00:00:00:00:24 2
packet in 1 00:00:00:00:00:32 00:00:00:00:00:24 5
packet in 1 00:00:00:00:00:24 00:00:00:00:00:32 4
packet in 2 00:00:00:00:00:24 00:00:00:00:00:32 1
packet in 3 00:00:00:00:00:24 00:00:00:00:00:32 1
packet in 4 00:00:00:00:00:24 00:00:00:00:00:32 5
packet in 1 00:00:00:00:00:24 ff:ff:ff:ff:ff:ff 4
packet in 2 00:00:00:00:00:24 ff:ff:ff:ff:ff:ff 1
packet in 3 00:00:00:00:00:24 ff:ff:ff:ff:ff:ff 1
packet in 4 00:00:00:00:00:24 ff:ff:ff:ff:ff:ff 5
packet in 4 00:00:00:00:00:33 00:00:00:00:00:24 3
packet in 3 00:00:00:00:00:33 00:00:00:00:00:24 2
packet in 2 00:00:00:00:00:33 00:00:00:00:00:24 2
packet in 1 00:00:00:00:00:33 00:00:00:00:00:24 5
packet in 1 00:00:00:00:00:24 00:00:00:00:00:33 4
packet in 2 00:00:00:00:00:24 00:00:00:00:00:33 1
packet in 3 00:00:00:00:00:24 00:00:00:00:00:33 1
packet in 4 00:00:00:00:00:24 00:00:00:00:00:33 5
packet in 1 00:00:00:00:00:24 ff:ff:ff:ff:ff:ff 4
packet in 2 00:00:00:00:00:24 ff:ff:ff:ff:ff:ff 1
packet in 3 00:00:00:00:00:24 ff:ff:ff:ff:ff:ff 1
packet in 4 00:00:00:00:00:24 ff:ff:ff:ff:ff:ff 5
packet in 4 00:00:00:00:00:34 00:00:00:00:00:24 4
packet in 3 00:00:00:00:00:34 00:00:00:00:00:24 2
packet in 2 00:00:00:00:00:34 00:00:00:00:00:24 2
packet in 1 00:00:00:00:00:34 00:00:00:00:00:24 5
packet in 1 00:00:00:00:00:24 00:00:00:00:00:34 4
packet in 2 00:00:00:00:00:24 00:00:00:00:00:34 1
packet in 3 00:00:00:00:00:24 00:00:00:00:00:34 1
packet in 4 00:00:00:00:00:24 00:00:00:00:00:34 5
packet in 4 00:00:00:00:00:31 ff:ff:ff:ff:ff:ff 1
packet in 4 00:00:00:00:00:32 00:00:00:00:00:31 2
packet in 3 00:00:00:00:00:31 ff:ff:ff:ff:ff:ff 2
packet in 4 00:00:00:00:00:31 00:00:00:00:00:32 1
packet in 2 00:00:00:00:00:31 ff:ff:ff:ff:ff:ff 2
packet in 1 00:00:00:00:00:31 ff:ff:ff:ff:ff:ff 5
packet in 4 00:00:00:00:00:31 ff:ff:ff:ff:ff:ff 1
packet in 4 00:00:00:00:00:33 00:00:00:00:00:31 3
packet in 3 00:00:00:00:00:31 ff:ff:ff:ff:ff:ff 2
packet in 4 00:00:00:00:00:31 00:00:00:00:00:33 1
packet in 2 00:00:00:00:00:31 ff:ff:ff:ff:ff:ff 2
packet in 1 00:00:00:00:00:31 ff:ff:ff:ff:ff:ff 5
packet in 4 00:00:00:00:00:31 ff:ff:ff:ff:ff:ff 1
packet in 4 00:00:00:00:00:34 00:00:00:00:00:31 4
packet in 3 00:00:00:00:00:31 ff:ff:ff:ff:ff:ff 2
packet in 4 00:00:00:00:00:31 00:00:00:00:00:34 1
packet in 2 00:00:00:00:00:31 ff:ff:ff:ff:ff:ff 2
packet in 1 00:00:00:00:00:31 ff:ff:ff:ff:ff:ff 5
packet in 4 00:00:00:00:00:32 ff:ff:ff:ff:ff:ff 2
packet in 4 00:00:00:00:00:33 00:00:00:00:00:32 3
packet in 3 00:00:00:00:00:32 ff:ff:ff:ff:ff:ff 2
packet in 4 00:00:00:00:00:32 00:00:00:00:00:33 2
packet in 2 00:00:00:00:00:32 ff:ff:ff:ff:ff:ff 2
packet in 1 00:00:00:00:00:32 ff:ff:ff:ff:ff:ff 5
packet in 4 00:00:00:00:00:32 ff:ff:ff:ff:ff:ff 2
packet in 4 00:00:00:00:00:34 00:00:00:00:00:32 4
packet in 3 00:00:00:00:00:32 ff:ff:ff:ff:ff:ff 2
packet in 4 00:00:00:00:00:32 00:00:00:00:00:34 2
packet in 2 00:00:00:00:00:32 ff:ff:ff:ff:ff:ff 2
packet in 1 00:00:00:00:00:32 ff:ff:ff:ff:ff:ff 5
packet in 4 00:00:00:00:00:33 ff:ff:ff:ff:ff:ff 3
packet in 4 00:00:00:00:00:34 00:00:00:00:00:33 4
packet in 3 00:00:00:00:00:33 ff:ff:ff:ff:ff:ff 2
packet in 4 00:00:00:00:00:33 00:00:00:00:00:34 3
packet in 2 00:00:00:00:00:33 ff:ff:ff:ff:ff:ff 2
packet in 1 00:00:00:00:00:33 ff:ff:ff:ff:ff:ff 5
(14339) accepted ('127.0.0.1', 34574)
127.0.0.1 - - [16/Jun/2025 02:49:09] "POST /stats/meterentry/add HTTP/1.1" 200 139 0.008697
(14339) accepted ('127.0.0.1', 34590)
127.0.0.1 - - [16/Jun/2025 02:49:09] "POST /stats/meterentry/add HTTP/1.1" 200 139 0.000608
(14339) accepted ('127.0.0.1', 34602)
127.0.0.1 - - [16/Jun/2025 02:49:09] "POST /stats/meterentry/add HTTP/1.1" 200 139 0.000586
(14339) accepted ('127.0.0.1', 34608)
127.0.0.1 - - [16/Jun/2025 02:49:09] "POST /stats/meterentry/add HTTP/1.1" 200 139 0.000500
(14339) accepted ('127.0.0.1', 34616)
127.0.0.1 - - [16/Jun/2025 02:49:09] "POST /stats/meterentry/add HTTP/1.1" 200 139 0.000661
(14339) accepted ('127.0.0.1', 34622)
127.0.0.1 - - [16/Jun/2025 02:49:09] "POST /stats/meterentry/add HTTP/1.1" 200 139 0.000766
(14339) accepted ('127.0.0.1', 34626)
127.0.0.1 - - [16/Jun/2025 02:49:09] "POST /stats/meterentry/add HTTP/1.1" 200 139 0.000634
(14339) accepted ('127.0.0.1', 34630)
127.0.0.1 - - [16/Jun/2025 02:49:10] "POST /stats/meterentry/add HTTP/1.1" 200 139 0.000522
(14339) accepted ('127.0.0.1', 34638)
127.0.0.1 - - [16/Jun/2025 02:49:10] "POST /stats/flowentry/add HTTP/1.1" 200 139 0.000572
(14339) accepted ('127.0.0.1', 34652)
127.0.0.1 - - [16/Jun/2025 02:49:10] "POST /stats/flowentry/add HTTP/1.1" 200 139 0.000652
(14339) accepted ('127.0.0.1', 34666)
127.0.0.1 - - [16/Jun/2025 02:49:10] "POST /stats/flowentry/add HTTP/1.1" 200 139 0.000926
(14339) accepted ('127.0.0.1', 34678)
127.0.0.1 - - [16/Jun/2025 02:49:10] "POST /stats/flowentry/add HTTP/1.1" 200 139 0.000699
(14339) accepted ('127.0.0.1', 34686)
127.0.0.1 - - [16/Jun/2025 02:49:10] "POST /stats/flowentry/add HTTP/1.1" 200 139 0.000658
(14339) accepted ('127.0.0.1', 34688)
127.0.0.1 - - [16/Jun/2025 02:49:10] "POST /stats/flowentry/add HTTP/1.1" 200 139 0.000911
(14339) accepted ('127.0.0.1', 34690)
127.0.0.1 - - [16/Jun/2025 02:49:10] "POST /stats/flowentry/add HTTP/1.1" 200 139 0.000613
(14339) accepted ('127.0.0.1', 34702)
127.0.0.1 - - [16/Jun/2025 02:49:10] "POST /stats/flowentry/add HTTP/1.1" 200 139 0.000774
>>> t=2.00 s; Pushed new meters: {1: 50000.0, 2: 30000.0, 3: 15000.0, 4: 5000.0}
>>> t=3.00 s; Pushed new meters: {1: 50000.0, 2: 30000.0, 3: 15000.0, 4: 5000.0}
>>> t=4.00 s; Pushed new meters: {1: 50000.0, 2: 30000.0, 3: 15000.0, 4: 5000.0}
>>> t=5.00 s; Pushed new meters: {1: 50000.0, 2: 30000.0, 3: 15000.0, 4: 5000.0}
>>> t=6.00 s; Pushed new meters: {1: 50000.0, 2: 30000.0, 3: 15000.0, 4: 5000.0}
>>> t=7.00 s; Pushed new meters: {1: 50000.0, 2: 30000.0, 3: 15000.0, 4: 5000.0}
>>> t=8.00 s; Pushed new meters: {1: 50000.0, 2: 30000.0, 3: 15000.0, 4: 5000.0}
>>> t=9.00 s; Pushed new meters: {1: 50000.0, 2: 30000.0, 3: 15000.0, 4: 5000.0}
>>> t=10.00 s; Pushed new meters: {1: 50000.0, 2: 30000.0, 3: 15000.0, 4: 5000.0}
>>> t=11.00 s; Pushed new meters: {1: 50000.0, 2: 30000.0, 3: 15000.0, 4: 5000.0}
>>> t=12.00 s; Pushed new meters: {1: 50000.0, 2: 30000.0, 3: 15000.0, 4: 5000.0}
>>> t=13.00 s; Pushed new meters: {1: 50000.0, 2: 30000.0, 3: 15000.0, 4: 5000.0}
>>> t=14.00 s; Pushed new meters: {1: 50000.0, 2: 30000.0, 3: 15000.0, 4: 5000.0}
>>> t=15.00 s; Pushed new meters: {1: 50000.0, 2: 30000.0, 3: 15000.0, 4: 5000.0}
>>> t=16.00 s; Pushed new meters: {1: 50000.0, 2: 30000.0, 3: 15000.0, 4: 5000.0}
>>> t=17.00 s; Pushed new meters: {1: 50000.0, 2: 30000.0, 3: 15000.0, 4: 5000.0}
>>> t=18.00 s; Pushed new meters: {1: 50000.0, 2: 30000.0, 3: 15000.0, 4: 5000.0}
>>> t=19.00 s; Pushed new meters: {1: 50000.0, 2: 30000.0, 3: 15000.0, 4: 5000.0}
>>> t=20.00 s; Pushed new meters: {1: 50000.0, 2: 30000.0, 3: 15000.0, 4: 5000.0}
>>> t=21.00 s; Pushed new meters: {1: 50000.0, 2: 30000.0, 3: 15000.0, 4: 5000.0}
>>> t=22.00 s; Pushed new meters: {1: 50000.0, 2: 30000.0, 3: 15000.0, 4: 5000.0}
>>> t=23.00 s; Pushed new meters: {1: 50000.0, 2: 30000.0, 3: 15000.0, 4: 5000.0}
>>> t=24.00 s; Pushed new meters: {1: 50000.0, 2: 30000.0, 3: 15000.0, 4: 5000.0}
>>> t=25.00 s; Pushed new meters: {1: 50000.0, 2: 30000.0, 3: 15000.0, 4: 5000.0}
>>> t=26.00 s; Pushed new meters: {1: 50000.0, 2: 30000.0, 3: 15000.0, 4: 5000.0}
>>> t=27.00 s; Pushed new meters: {1: 50000.0, 2: 30000.0, 3: 15000.0, 4: 5000.0}
>>> t=28.00 s; Pushed new meters: {1: 50000.0, 2: 30000.0, 3: 15000.0, 4: 5000.0}
>>> t=29.00 s; Pushed new meters: {1: 50000.0, 2: 30000.0, 3: 15000.0, 4: 5000.0}
>>> t=30.00 s; Pushed new meters: {1: 50000.0, 2: 30000.0, 3: 15000.0, 4: 5000.0}
>>> t=31.00 s; Pushed new meters: {1: 50000.0, 2: 30000.0, 3: 15000.0, 4: 5000.0}
>>> t=32.00 s; Pushed new meters: {1: 50000.0, 2: 30000.0, 3: 15000.0, 4: 5000.0}
>>> t=33.00 s; Pushed new meters: {1: 49010.1944909101, 2: 27569.557454940164, 3: 17750.2485252365, 4: 5669.999528913235}
>>> t=34.00 s; Pushed new meters: {1: 52126.9932309101, 2: 28905.579444940166, 3: 18967.427325236502, 4: 0}
>>> t=35.00 s; Pushed new meters: {1: 49889.615976297224, 2: 27560.35478886882, 3: 18179.380626663704, 4: 4370.648609257017}
>>> t=36.00 s; Pushed new meters: {1: 49889.615976297224, 2: 27560.35478886882, 3: 18179.380626663704, 4: 4370.648609257017}
>>> t=37.00 s; Pushed new meters: {1: 49889.615976297224, 2: 27560.35478886882, 3: 18179.380626663704, 4: 4370.648609257017}
>>> t=38.00 s; Pushed new meters: {1: 49889.615976297224, 2: 27560.35478886882, 3: 18179.380626663704, 4: 4370.648609257017}
>>> t=39.00 s; Pushed new meters: {1: 49889.615976297224, 2: 27560.35478886882, 3: 18179.380626663704, 4: 4370.648609257017}
>>> t=40.00 s; Pushed new meters: {1: 49889.615976297224, 2: 27560.35478886882, 3: 18179.380626663704, 4: 4370.648609257017}
>>> t=41.00 s; Pushed new meters: {1: 49889.615976297224, 2: 27560.35478886882, 3: 18179.380626663704, 4: 4370.648609257017}
>>> t=42.00 s; Pushed new meters: {1: 49889.615976297224, 2: 27560.35478886882, 3: 18179.380626663704, 4: 4370.648609257017}
>>> t=43.00 s; Pushed new meters: {1: 49889.615976297224, 2: 27560.35478886882, 3: 18179.380626663704, 4: 4370.648609257017}
>>> t=44.00 s; Pushed new meters: {1: 49889.615976297224, 2: 27560.35478886882, 3: 18179.380626663704, 4: 4370.648609257017}
>>> t=45.00 s; Pushed new meters: {1: 49889.615976297224, 2: 27560.35478886882, 3: 18179.380626663704, 4: 4370.648609257017}
>>> t=46.00 s; Pushed new meters: {1: 49889.615976297224, 2: 27560.35478886882, 3: 18179.380626663704, 4: 4370.648609257017}
>>> t=47.00 s; Pushed new meters: {1: 49889.615976297224, 2: 27560.35478886882, 3: 18179.380626663704, 4: 4370.648609257017}
>>> t=48.00 s; Pushed new meters: {1: 49889.615976297224, 2: 27560.35478886882, 3: 18179.380626663704, 4: 4370.648609257017}
>>> t=49.00 s; Pushed new meters: {1: 49889.615976297224, 2: 27560.35478886882, 3: 18179.380626663704, 4: 4370.648609257017}
>>> t=50.00 s; Pushed new meters: {1: 49889.615976297224, 2: 27560.35478886882, 3: 18179.380626663704, 4: 4370.648609257017}
>>> t=51.00 s; Pushed new meters: {1: 49889.615976297224, 2: 27560.35478886882, 3: 18179.380626663704, 4: 4370.648609257017}
>>> t=52.00 s; Pushed new meters: {1: 49889.615976297224, 2: 27560.35478886882, 3: 18179.380626663704, 4: 4370.648609257017}
>>> t=53.00 s; Pushed new meters: {1: 49889.615976297224, 2: 27560.35478886882, 3: 18179.380626663704, 4: 4370.648609257017}
>>> t=54.00 s; Pushed new meters: {1: 49889.615976297224, 2: 27560.35478886882, 3: 18179.380626663704, 4: 4370.648609257017}
>>> t=55.00 s; Pushed new meters: {1: 49889.615976297224, 2: 27560.35478886882, 3: 18179.380626663704, 4: 4370.648609257017}
>>> t=56.00 s; Pushed new meters: {1: 49889.615976297224, 2: 27560.35478886882, 3: 18179.380626663704, 4: 4370.648609257017}
>>> t=57.00 s; Pushed new meters: {1: 49889.615976297224, 2: 27560.35478886882, 3: 18179.380626663704, 4: 4370.648609257017}
>>> t=58.00 s; Pushed new meters: {1: 49889.615976297224, 2: 27560.35478886882, 3: 18179.380626663704, 4: 4370.648609257017}
>>> t=59.00 s; Pushed new meters: {1: 49889.615976297224, 2: 27560.35478886882, 3: 18179.380626663704, 4: 4370.648609257017}
>>> t=60.00 s; Pushed new meters: {1: 49889.615976297224, 2: 27560.35478886882, 3: 18179.380626663704, 4: 4370.648609257017}
>>> t=61.00 s; Pushed new meters: {1: 49889.615976297224, 2: 27560.35478886882, 3: 18179.380626663704, 4: 4370.648609257017}
>>> t=62.00 s; Pushed new meters: {1: 49889.615976297224, 2: 27560.35478886882, 3: 18179.380626663704, 4: 4370.648609257017}
>>> t=63.00 s; Pushed new meters: {1: 49889.615976297224, 2: 27560.35478886882, 3: 18179.380626663704, 4: 4370.648609257017}
>>> t=64.00 s; Pushed new meters: {1: 49889.615976297224, 2: 27560.35478886882, 3: 18179.380626663704, 4: 4370.648609257017}
>>> t=65.00 s; Pushed new meters: {1: 49889.615976297224, 2: 27560.35478886882, 3: 18179.380626663704, 4: 4370.648609257017}
>>> t=66.00 s; Pushed new meters: {1: 52110.41426629722, 2: 33620.08573886882, 3: 14269.50000000326, 4: 0}
>>> t=67.00 s; Pushed new meters: {1: 52110.41426629722, 2: 33620.08573886882, 3: 14269.50000000326, 4: 0}
>>> t=68.00 s; Pushed new meters: {1: 50208.74422973708, 2: 32764.77262685321, 3: 13711.10814858066, 4: 3315.3749999983465}
>>> t=69.00 s; Pushed new meters: {1: 50208.74422973708, 2: 32764.77262685321, 3: 13711.10814858066, 4: 3315.3749999983465}
>>> t=70.00 s; Pushed new meters: {1: 50208.74422973708, 2: 32764.77262685321, 3: 13711.10814858066, 4: 3315.3749999983465}
>>> t=71.00 s; Pushed new meters: {1: 50208.74422973708, 2: 32764.77262685321, 3: 13711.10814858066, 4: 3315.3749999983465}
>>> t=72.00 s; Pushed new meters: {1: 50208.74422973708, 2: 32764.77262685321, 3: 13711.10814858066, 4: 3315.3749999983465}
>>> t=73.00 s; Pushed new meters: {1: 50208.74422973708, 2: 32764.77262685321, 3: 13711.10814858066, 4: 3315.3749999983465}
>>> t=74.00 s; Pushed new meters: {1: 50208.74422973708, 2: 32764.77262685321, 3: 13711.10814858066, 4: 3315.3749999983465}
>>> t=75.00 s; Pushed new meters: {1: 50208.74422973708, 2: 32764.77262685321, 3: 13711.10814858066, 4: 3315.3749999983465}
>>> t=76.00 s; Pushed new meters: {1: 50208.74422973708, 2: 32764.77262685321, 3: 13711.10814858066, 4: 3315.3749999983465}
>>> t=77.00 s; Pushed new meters: {1: 50208.74422973708, 2: 32764.77262685321, 3: 13711.10814858066, 4: 3315.3749999983465}
>>> t=78.00 s; Pushed new meters: {1: 50208.74422973708, 2: 32764.77262685321, 3: 13711.10814858066, 4: 3315.3749999983465}
>>> t=79.00 s; Pushed new meters: {1: 50208.74422973708, 2: 32764.77262685321, 3: 13711.10814858066, 4: 3315.3749999983465}
>>> t=80.00 s; Pushed new meters: {1: 50208.74422973708, 2: 32764.77262685321, 3: 13711.10814858066, 4: 3315.3749999983465}
>>> t=81.00 s; Pushed new meters: {1: 50208.74422973708, 2: 32764.77262685321, 3: 13711.10814858066, 4: 3315.3749999983465}
>>> t=82.00 s; Pushed new meters: {1: 50208.74422973708, 2: 32764.77262685321, 3: 13711.10814858066, 4: 3315.3749999983465}
>>> t=83.00 s; Pushed new meters: {1: 50208.74422973708, 2: 32764.77262685321, 3: 13711.10814858066, 4: 3315.3749999983465}
>>> t=84.00 s; Pushed new meters: {1: 50208.74422973708, 2: 32764.77262685321, 3: 13711.10814858066, 4: 3315.3749999983465}
>>> t=85.00 s; Pushed new meters: {1: 50208.74422973708, 2: 32764.77262685321, 3: 13711.10814858066, 4: 3315.3749999983465}
>>> t=86.00 s; Pushed new meters: {1: 50208.74422973708, 2: 32764.77262685321, 3: 13711.10814858066, 4: 3315.3749999983465}
>>> t=87.00 s; Pushed new meters: {1: 50208.74422973708, 2: 32764.77262685321, 3: 13711.10814858066, 4: 3315.3749999983465}
>>> t=88.00 s; Pushed new meters: {1: 50208.74422973708, 2: 32764.77262685321, 3: 13711.10814858066, 4: 3315.3749999983465}
>>> t=89.00 s; Pushed new meters: {1: 50208.74422973708, 2: 32764.77262685321, 3: 13711.10814858066, 4: 3315.3749999983465}
>>> t=90.00 s; Pushed new meters: {1: 50208.74422973708, 2: 32764.77262685321, 3: 13711.10814858066, 4: 3315.3749999983465}
>>> t=91.00 s; Pushed new meters: {1: 50208.74422973708, 2: 32764.77262685321, 3: 13711.10814858066, 4: 3315.3749999983465}
>>> t=92.00 s; Pushed new meters: {1: 50208.74422973708, 2: 32764.77262685321, 3: 13711.10814858066, 4: 3315.3749999983465}
>>> t=93.00 s; Pushed new meters: {1: 50208.74422973708, 2: 32764.77262685321, 3: 13711.10814858066, 4: 3315.3749999983465}
>>> t=94.00 s; Pushed new meters: {1: 50208.74422973708, 2: 32764.77262685321, 3: 13711.10814858066, 4: 3315.3749999983465}
>>> t=95.00 s; Pushed new meters: {1: 50208.74422973708, 2: 32764.77262685321, 3: 13711.10814858066, 4: 3315.3749999983465}
>>> t=96.00 s; Pushed new meters: {1: 50208.74422973708, 2: 32764.77262685321, 3: 13711.10814858066, 4: 3315.3749999983465}
>>> t=97.00 s; Pushed new meters: {1: 50208.74422973708, 2: 32764.77262685321, 3: 13711.10814858066, 4: 3315.3749999983465}
>>> t=98.00 s; Pushed new meters: {1: 50208.74422973708, 2: 32764.77262685321, 3: 13711.10814858066, 4: 3315.3749999983465}
>>> t=99.00 s; Pushed new meters: {1: 46622.090526814245, 2: 30241.159478362766, 3: 17561.24999999313, 4: 5575.499999999156}
>>> t=100.00 s; Pushed new meters: {1: 49148.684106814246, 2: 31803.749108362765, 3: 19047.566789993132, 4: 0}
>>> t=101.00 s; Pushed new meters: {1: 47016.35407266057, 2: 30410.407519751385, 3: 18308.886584972748, 4: 4264.351827785435}
>>> t=102.00 s; Pushed new meters: {1: 47016.35407266057, 2: 30410.407519751385, 3: 18308.886584972748, 4: 4264.351827785435}
>>> t=103.00 s; Pushed new meters: {1: 47016.35407266057, 2: 30410.407519751385, 3: 18308.886584972748, 4: 4264.351827785435}
>>> t=104.00 s; Pushed new meters: {1: 47016.35407266057, 2: 30410.407519751385, 3: 18308.886584972748, 4: 4264.351827785435}
>>> t=105.00 s; Pushed new meters: {1: 47016.35407266057, 2: 30410.407519751385, 3: 18308.886584972748, 4: 4264.351827785435}
>>> t=106.00 s; Pushed new meters: {1: 47016.35407266057, 2: 30410.407519751385, 3: 18308.886584972748, 4: 4264.351827785435}
>>> t=107.00 s; Pushed new meters: {1: 47016.35407266057, 2: 30410.407519751385, 3: 18308.886584972748, 4: 4264.351827785435}
>>> t=108.00 s; Pushed new meters: {1: 47016.35407266057, 2: 30410.407519751385, 3: 18308.886584972748, 4: 4264.351827785435}
>>> t=109.00 s; Pushed new meters: {1: 47016.35407266057, 2: 30410.407519751385, 3: 18308.886584972748, 4: 4264.351827785435}
>>> t=110.00 s; Pushed new meters: {1: 47016.35407266057, 2: 30410.407519751385, 3: 18308.886584972748, 4: 4264.351827785435}
>>> t=111.00 s; Pushed new meters: {1: 47016.35407266057, 2: 30410.407519751385, 3: 18308.886584972748, 4: 4264.351827785435}
>>> t=112.00 s; Pushed new meters: {1: 47016.35407266057, 2: 30410.407519751385, 3: 18308.886584972748, 4: 4264.351827785435}
>>> t=113.00 s; Pushed new meters: {1: 47016.35407266057, 2: 30410.407519751385, 3: 18308.886584972748, 4: 4264.351827785435}
>>> t=114.00 s; Pushed new meters: {1: 47016.35407266057, 2: 30410.407519751385, 3: 18308.886584972748, 4: 4264.351827785435}
>>> t=115.00 s; Pushed new meters: {1: 47016.35407266057, 2: 30410.407519751385, 3: 18308.886584972748, 4: 4264.351827785435}
>>> t=116.00 s; Pushed new meters: {1: 47016.35407266057, 2: 30410.407519751385, 3: 18308.886584972748, 4: 4264.351827785435}
>>> t=117.00 s; Pushed new meters: {1: 47016.35407266057, 2: 30410.407519751385, 3: 18308.886584972748, 4: 4264.351827785435}
>>> t=118.00 s; Pushed new meters: {1: 47016.35407266057, 2: 30410.407519751385, 3: 18308.886584972748, 4: 4264.351827785435}
>>> t=119.00 s; Pushed new meters: {1: 47016.35407266057, 2: 30410.407519751385, 3: 18308.886584972748, 4: 4264.351827785435}
>>> t=120.00 s; Pushed new meters: {1: 47016.35407266057, 2: 30410.407519751385, 3: 18308.886584972748, 4: 4264.351827785435}
>>> t=121.00 s; Pushed new meters: {1: 47016.35407266057, 2: 30410.407519751385, 3: 18308.886584972748, 4: 4264.351827785435}
>>> t=122.00 s; Pushed new meters: {1: 47016.35407266057, 2: 30410.407519751385, 3: 18308.886584972748, 4: 4264.351827785435}
>>> t=123.00 s; Pushed new meters: {1: 47016.35407266057, 2: 30410.407519751385, 3: 18308.886584972748, 4: 4264.351827785435}
>>> t=124.00 s; Pushed new meters: {1: 47016.35407266057, 2: 30410.407519751385, 3: 18308.886584972748, 4: 4264.351827785435}
>>> t=125.00 s; Pushed new meters: {1: 47016.35407266057, 2: 30410.407519751385, 3: 18308.886584972748, 4: 4264.351827785435}
>>> t=126.00 s; Pushed new meters: {1: 47016.35407266057, 2: 30410.407519751385, 3: 18308.886584972748, 4: 4264.351827785435}
>>> t=127.00 s; Pushed new meters: {1: 47016.35407266057, 2: 30410.407519751385, 3: 18308.886584972748, 4: 4264.351827785435}
>>> t=128.00 s; Pushed new meters: {1: 47016.35407266057, 2: 30410.407519751385, 3: 18308.886584972748, 4: 4264.351827785435}
>>> t=129.00 s; Pushed new meters: {1: 47016.35407266057, 2: 30410.407519751385, 3: 18308.886584972748, 4: 4264.351827785435}
>>> t=130.00 s; Pushed new meters: {1: 47016.35407266057, 2: 30410.407519751385, 3: 18308.886584972748, 4: 4264.351827785435}
>>> t=131.00 s; Pushed new meters: {1: 47016.35407266057, 2: 30410.407519751385, 3: 18308.886584972748, 4: 4264.351827785435}
>>> t=132.00 s; Pushed new meters: {1: 53420.240882660575, 2: 33381.263509751385, 3: 13198.495609312318, 4: 0}
>>> t=133.00 s; Pushed new meters: {1: 53420.240882660575, 2: 33381.263509751385, 3: 13198.495609312318, 4: 0}
>>> t=134.00 s; Pushed new meters: {1: 51582.30325388895, 2: 31985.972650610835, 3: 12380.03659720671, 4: 4051.687500017778}
>>> t=135.00 s; Pushed new meters: {1: 51582.30325388895, 2: 31985.972650610835, 3: 12380.03659720671, 4: 4051.687500017778}
>>> t=136.00 s; Pushed new meters: {1: 51582.30325388895, 2: 31985.972650610835, 3: 12380.03659720671, 4: 4051.687500017778}
>>> t=137.00 s; Pushed new meters: {1: 51582.30325388895, 2: 31985.972650610835, 3: 12380.03659720671, 4: 4051.687500017778}
>>> t=138.00 s; Pushed new meters: {1: 51582.30325388895, 2: 31985.972650610835, 3: 12380.03659720671, 4: 4051.687500017778}
>>> t=139.00 s; Pushed new meters: {1: 51582.30325388895, 2: 31985.972650610835, 3: 12380.03659720671, 4: 4051.687500017778}
>>> t=140.00 s; Pushed new meters: {1: 51582.30325388895, 2: 31985.972650610835, 3: 12380.03659720671, 4: 4051.687500017778}
>>> t=141.00 s; Pushed new meters: {1: 51582.30325388895, 2: 31985.972650610835, 3: 12380.03659720671, 4: 4051.687500017778}
>>> t=142.00 s; Pushed new meters: {1: 51582.30325388895, 2: 31985.972650610835, 3: 12380.03659720671, 4: 4051.687500017778}
>>> t=143.00 s; Pushed new meters: {1: 51582.30325388895, 2: 31985.972650610835, 3: 12380.03659720671, 4: 4051.687500017778}
>>> t=144.00 s; Pushed new meters: {1: 51582.30325388895, 2: 31985.972650610835, 3: 12380.03659720671, 4: 4051.687500017778}
>>> t=145.00 s; Pushed new meters: {1: 51582.30325388895, 2: 31985.972650610835, 3: 12380.03659720671, 4: 4051.687500017778}
>>> t=146.00 s; Pushed new meters: {1: 51582.30325388895, 2: 31985.972650610835, 3: 12380.03659720671, 4: 4051.687500017778}
>>> t=147.00 s; Pushed new meters: {1: 51582.30325388895, 2: 31985.972650610835, 3: 12380.03659720671, 4: 4051.687500017778}
>>> t=148.00 s; Pushed new meters: {1: 51582.30325388895, 2: 31985.972650610835, 3: 12380.03659720671, 4: 4051.687500017778}
>>> t=149.00 s; Pushed new meters: {1: 51582.30325388895, 2: 31985.972650610835, 3: 12380.03659720671, 4: 4051.687500017778}
>>> t=150.00 s; Pushed new meters: {1: 51582.30325388895, 2: 31985.972650610835, 3: 12380.03659720671, 4: 4051.687500017778}
>>> t=151.00 s; Pushed new meters: {1: 51582.30325388895, 2: 31985.972650610835, 3: 12380.03659720671, 4: 4051.687500017778}
>>> t=152.00 s; Pushed new meters: {1: 51582.30325388895, 2: 31985.972650610835, 3: 12380.03659720671, 4: 4051.687500017778}
>>> t=153.00 s; Pushed new meters: {1: 51582.30325388895, 2: 31985.972650610835, 3: 12380.03659720671, 4: 4051.687500017778}
>>> t=154.00 s; Pushed new meters: {1: 51582.30325388895, 2: 31985.972650610835, 3: 12380.03659720671, 4: 4051.687500017778}
>>> t=155.00 s; Pushed new meters: {1: 51582.30325388895, 2: 31985.972650610835, 3: 12380.03659720671, 4: 4051.687500017778}
>>> t=156.00 s; Pushed new meters: {1: 51582.30325388895, 2: 31985.972650610835, 3: 12380.03659720671, 4: 4051.687500017778}
>>> t=157.00 s; Pushed new meters: {1: 51582.30325388895, 2: 31985.972650610835, 3: 12380.03659720671, 4: 4051.687500017778}
>>> t=158.00 s; Pushed new meters: {1: 51582.30325388895, 2: 31985.972650610835, 3: 12380.03659720671, 4: 4051.687500017778}
>>> t=159.00 s; Pushed new meters: {1: 51582.30325388895, 2: 31985.972650610835, 3: 12380.03659720671, 4: 4051.687500017778}
>>> t=160.00 s; Pushed new meters: {1: 51582.30325388895, 2: 31985.972650610835, 3: 12380.03659720671, 4: 4051.687500017778}
>>> t=161.00 s; Pushed new meters: {1: 51582.30325388895, 2: 31985.972650610835, 3: 12380.03659720671, 4: 4051.687500017778}
>>> t=162.00 s; Pushed new meters: {1: 51582.30325388895, 2: 31985.972650610835, 3: 12380.03659720671, 4: 4051.687500017778}
>>> t=163.00 s; Pushed new meters: {1: 51582.30325388895, 2: 31985.972650610835, 3: 12380.03659720671, 4: 4051.687500017778}
>>> t=164.00 s; Pushed new meters: {1: 51582.30325388895, 2: 31985.972650610835, 3: 12380.03659720671, 4: 4051.687500017778}
>>> t=165.00 s; Pushed new meters: {1: 44210.23529240396, 2: 31090.48965699249, 3: 20647.58755720671, 4: 4051.687500017778}
>>> t=166.00 s; Pushed new meters: {1: 46212.82235240396, 2: 32521.99136699249, 3: 21265.18628720671, 4: 0}
>>> t=167.00 s; Pushed new meters: {1: 44269.26757622102, 2: 31176.703440029127, 3: 20238.501444906702, 4: 4315.527545446305}
>>> t=168.00 s; Pushed new meters: {1: 44269.26757622102, 2: 31176.703440029127, 3: 20238.501444906702, 4: 4315.527545446305}
>>> t=169.00 s; Pushed new meters: {1: 44269.26757622102, 2: 31176.703440029127, 3: 20238.501444906702, 4: 4315.527545446305}
>>> t=170.00 s; Pushed new meters: {1: 44269.26757622102, 2: 31176.703440029127, 3: 20238.501444906702, 4: 4315.527545446305}
>>> t=171.00 s; Pushed new meters: {1: 44269.26757622102, 2: 31176.703440029127, 3: 20238.501444906702, 4: 4315.527545446305}
>>> t=172.00 s; Pushed new meters: {1: 44269.26757622102, 2: 31176.703440029127, 3: 20238.501444906702, 4: 4315.527545446305}
>>> t=173.00 s; Pushed new meters: {1: 44269.26757622102, 2: 31176.703440029127, 3: 20238.501444906702, 4: 4315.527545446305}
>>> t=174.00 s; Pushed new meters: {1: 44269.26757622102, 2: 31176.703440029127, 3: 20238.501444906702, 4: 4315.527545446305}
>>> t=175.00 s; Pushed new meters: {1: 44269.26757622102, 2: 31176.703440029127, 3: 20238.501444906702, 4: 4315.527545446305}
>>> t=176.00 s; Pushed new meters: {1: 44269.26757622102, 2: 31176.703440029127, 3: 20238.501444906702, 4: 4315.527545446305}
>>> t=177.00 s; Pushed new meters: {1: 44269.26757622102, 2: 31176.703440029127, 3: 20238.501444906702, 4: 4315.527545446305}
>>> t=178.00 s; Pushed new meters: {1: 44269.26757622102, 2: 31176.703440029127, 3: 20238.501444906702, 4: 4315.527545446305}
>>> t=179.00 s; Pushed new meters: {1: 44269.26757622102, 2: 31176.703440029127, 3: 20238.501444906702, 4: 4315.527545446305}
>>> t=180.00 s; Pushed new meters: {1: 44269.26757622102, 2: 31176.703440029127, 3: 20238.501444906702, 4: 4315.527545446305}
>>> t=181.00 s; Pushed new meters: {1: 44269.26757622102, 2: 31176.703440029127, 3: 20238.501444906702, 4: 4315.527545446305}
>>> t=182.00 s; Pushed new meters: {1: 44269.26757622102, 2: 31176.703440029127, 3: 20238.501444906702, 4: 4315.527545446305}
>>> t=183.00 s; Pushed new meters: {1: 44269.26757622102, 2: 31176.703440029127, 3: 20238.501444906702, 4: 4315.527545446305}
>>> t=184.00 s; Pushed new meters: {1: 44269.26757622102, 2: 31176.703440029127, 3: 20238.501444906702, 4: 4315.527545446305}
>>> t=185.00 s; Pushed new meters: {1: 44269.26757622102, 2: 31176.703440029127, 3: 20238.501444906702, 4: 4315.527545446305}
>>> t=186.00 s; Pushed new meters: {1: 44269.26757622102, 2: 31176.703440029127, 3: 20238.501444906702, 4: 4315.527545446305}
>>> t=187.00 s; Pushed new meters: {1: 44269.26757622102, 2: 31176.703440029127, 3: 20238.501444906702, 4: 4315.527545446305}
>>> t=188.00 s; Pushed new meters: {1: 44269.26757622102, 2: 31176.703440029127, 3: 20238.501444906702, 4: 4315.527545446305}
>>> t=189.00 s; Pushed new meters: {1: 44269.26757622102, 2: 31176.703440029127, 3: 20238.501444906702, 4: 4315.527545446305}
>>> t=190.00 s; Pushed new meters: {1: 44269.26757622102, 2: 31176.703440029127, 3: 20238.501444906702, 4: 4315.527545446305}
>>> t=191.00 s; Pushed new meters: {1: 44269.26757622102, 2: 31176.703440029127, 3: 20238.501444906702, 4: 4315.527545446305}
>>> t=192.00 s; Pushed new meters: {1: 44269.26757622102, 2: 31176.703440029127, 3: 20238.501444906702, 4: 4315.527545446305}
>>> t=193.00 s; Pushed new meters: {1: 44269.26757622102, 2: 31176.703440029127, 3: 20238.501444906702, 4: 4315.527545446305}
>>> t=194.00 s; Pushed new meters: {1: 44269.26757622102, 2: 31176.703440029127, 3: 20238.501444906702, 4: 4315.527545446305}
>>> t=195.00 s; Pushed new meters: {1: 44269.26757622102, 2: 31176.703440029127, 3: 20238.501444906702, 4: 4315.527545446305}
>>> t=196.00 s; Pushed new meters: {1: 44269.26757622102, 2: 31176.703440029127, 3: 20238.501444906702, 4: 4315.527545446305}
>>> t=197.00 s; Pushed new meters: {1: 44269.26757622102, 2: 31176.703440029127, 3: 20238.501444906702, 4: 4315.527545446305}
>>> t=198.00 s; Pushed new meters: {1: 56293.75000622102, 2: 30570.75000006752, 3: 13135.50000000291, 4: 0}
>>> t=199.00 s; Pushed new meters: {1: 56293.75000622102, 2: 30570.75000006752, 3: 13135.50000000291, 4: 0}
>>> t=200.00 s; Pushed new meters: {1: 54006.75608679158, 2: 28913.531185381536, 3: 12409.806286492556, 4: 4669.90644762577}
>>> t=201.00 s; Pushed new meters: {1: 54006.75608679158, 2: 28913.531185381536, 3: 12409.806286492556, 4: 4669.90644762577}
>>> t=202.00 s; Pushed new meters: {1: 54006.75608679158, 2: 28913.531185381536, 3: 12409.806286492556, 4: 4669.90644762577}
>>> t=203.00 s; Pushed new meters: {1: 54006.75608679158, 2: 28913.531185381536, 3: 12409.806286492556, 4: 4669.90644762577}
>>> t=204.00 s; Pushed new meters: {1: 54006.75608679158, 2: 28913.531185381536, 3: 12409.806286492556, 4: 4669.90644762577}
>>> t=205.00 s; Pushed new meters: {1: 54006.75608679158, 2: 28913.531185381536, 3: 12409.806286492556, 4: 4669.90644762577}
>>> t=206.00 s; Pushed new meters: {1: 54006.75608679158, 2: 28913.531185381536, 3: 12409.806286492556, 4: 4669.90644762577}
>>> t=207.00 s; Pushed new meters: {1: 54006.75608679158, 2: 28913.531185381536, 3: 12409.806286492556, 4: 4669.90644762577}
>>> t=208.00 s; Pushed new meters: {1: 54006.75608679158, 2: 28913.531185381536, 3: 12409.806286492556, 4: 4669.90644762577}
>>> t=209.00 s; Pushed new meters: {1: 54006.75608679158, 2: 28913.531185381536, 3: 12409.806286492556, 4: 4669.90644762577}
>>> t=210.00 s; Pushed new meters: {1: 54006.75608679158, 2: 28913.531185381536, 3: 12409.806286492556, 4: 4669.90644762577}
>>> t=211.00 s; Pushed new meters: {1: 54006.75608679158, 2: 28913.531185381536, 3: 12409.806286492556, 4: 4669.90644762577}
>>> t=212.00 s; Pushed new meters: {1: 54006.75608679158, 2: 28913.531185381536, 3: 12409.806286492556, 4: 4669.90644762577}
>>> t=213.00 s; Pushed new meters: {1: 54006.75608679158, 2: 28913.531185381536, 3: 12409.806286492556, 4: 4669.90644762577}
>>> t=214.00 s; Pushed new meters: {1: 54006.75608679158, 2: 28913.531185381536, 3: 12409.806286492556, 4: 4669.90644762577}
>>> t=215.00 s; Pushed new meters: {1: 54006.75608679158, 2: 28913.531185381536, 3: 12409.806286492556, 4: 4669.90644762577}
>>> t=216.00 s; Pushed new meters: {1: 54006.75608679158, 2: 28913.531185381536, 3: 12409.806286492556, 4: 4669.90644762577}
>>> t=217.00 s; Pushed new meters: {1: 54006.75608679158, 2: 28913.531185381536, 3: 12409.806286492556, 4: 4669.90644762577}
>>> t=218.00 s; Pushed new meters: {1: 54006.75608679158, 2: 28913.531185381536, 3: 12409.806286492556, 4: 4669.90644762577}
>>> t=219.00 s; Pushed new meters: {1: 54006.75608679158, 2: 28913.531185381536, 3: 12409.806286492556, 4: 4669.90644762577}
>>> t=220.00 s; Pushed new meters: {1: 54006.75608679158, 2: 28913.531185381536, 3: 12409.806286492556, 4: 4669.90644762577}
>>> t=221.00 s; Pushed new meters: {1: 54006.75608679158, 2: 28913.531185381536, 3: 12409.806286492556, 4: 4669.90644762577}
>>> t=222.00 s; Pushed new meters: {1: 54006.75608679158, 2: 28913.531185381536, 3: 12409.806286492556, 4: 4669.90644762577}
>>> t=223.00 s; Pushed new meters: {1: 54006.75608679158, 2: 28913.531185381536, 3: 12409.806286492556, 4: 4669.90644762577}
>>> t=224.00 s; Pushed new meters: {1: 54006.75608679158, 2: 28913.531185381536, 3: 12409.806286492556, 4: 4669.90644762577}
>>> t=225.00 s; Pushed new meters: {1: 54006.75608679158, 2: 28913.531185381536, 3: 12409.806286492556, 4: 4669.90644762577}
>>> t=226.00 s; Pushed new meters: {1: 54006.75608679158, 2: 28913.531185381536, 3: 12409.806286492556, 4: 4669.90644762577}
>>> t=227.00 s; Pushed new meters: {1: 54006.75608679158, 2: 28913.531185381536, 3: 12409.806286492556, 4: 4669.90644762577}
>>> t=228.00 s; Pushed new meters: {1: 54006.75608679158, 2: 28913.531185381536, 3: 12409.806286492556, 4: 4669.90644762577}
>>> t=229.00 s; Pushed new meters: {1: 54006.75608679158, 2: 28913.531185381536, 3: 12409.806286492556, 4: 4669.90644762577}
>>> t=230.00 s; Pushed new meters: {1: 54006.75608679158, 2: 28913.531185381536, 3: 12409.806286492556, 4: 4669.90644762577}
>>> t=231.00 s; Pushed new meters: {1: 44178.74999974575, 2: 34901.99999994133, 3: 19860.74999992759, 4: 1058.49999762577}
>>> t=232.00 s; Pushed new meters: {1: 44651.12678974575, 2: 35275.22709994132, 3: 20073.64609992759, 4: 0}
>>> t=233.00 s; Pushed new meters: {1: 42970.21355739889, 2: 33946.40464846387, 3: 19323.06928375434, 4: 3760.312499997569}
>>> t=234.00 s; Pushed new meters: {1: 42970.21355739889, 2: 33946.40464846387, 3: 19323.06928375434, 4: 3760.312499997569}
>>> t=235.00 s; Pushed new meters: {1: 42970.21355739889, 2: 33946.40464846387, 3: 19323.06928375434, 4: 3760.312499997569}
>>> t=236.00 s; Pushed new meters: {1: 42970.21355739889, 2: 33946.40464846387, 3: 19323.06928375434, 4: 3760.312499997569}
>>> t=237.00 s; Pushed new meters: {1: 42970.21355739889, 2: 33946.40464846387, 3: 19323.06928375434, 4: 3760.312499997569}
>>> t=238.00 s; Pushed new meters: {1: 42970.21355739889, 2: 33946.40464846387, 3: 19323.06928375434, 4: 3760.312499997569}
>>> t=239.00 s; Pushed new meters: {1: 42970.21355739889, 2: 33946.40464846387, 3: 19323.06928375434, 4: 3760.312499997569}
>>> t=240.00 s; Pushed new meters: {1: 42970.21355739889, 2: 33946.40464846387, 3: 19323.06928375434, 4: 3760.312499997569}
>>> t=241.00 s; Pushed new meters: {1: 42970.21355739889, 2: 33946.40464846387, 3: 19323.06928375434, 4: 3760.312499997569}
>>> t=242.00 s; Pushed new meters: {1: 42970.21355739889, 2: 33946.40464846387, 3: 19323.06928375434, 4: 3760.312499997569}
>>> t=243.00 s; Pushed new meters: {1: 42970.21355739889, 2: 33946.40464846387, 3: 19323.06928375434, 4: 3760.312499997569}
>>> t=244.00 s; Pushed new meters: {1: 42970.21355739889, 2: 33946.40464846387, 3: 19323.06928375434, 4: 3760.312499997569}
>>> t=245.00 s; Pushed new meters: {1: 42970.21355739889, 2: 33946.40464846387, 3: 19323.06928375434, 4: 3760.312499997569}
>>> t=246.00 s; Pushed new meters: {1: 42970.21355739889, 2: 33946.40464846387, 3: 19323.06928375434, 4: 3760.312499997569}
>>> t=247.00 s; Pushed new meters: {1: 42970.21355739889, 2: 33946.40464846387, 3: 19323.06928375434, 4: 3760.312499997569}
>>> t=248.00 s; Pushed new meters: {1: 42970.21355739889, 2: 33946.40464846387, 3: 19323.06928375434, 4: 3760.312499997569}
>>> t=249.00 s; Pushed new meters: {1: 42970.21355739889, 2: 33946.40464846387, 3: 19323.06928375434, 4: 3760.312499997569}
>>> t=250.00 s; Pushed new meters: {1: 42970.21355739889, 2: 33946.40464846387, 3: 19323.06928375434, 4: 3760.312499997569}
>>> t=251.00 s; Pushed new meters: {1: 42970.21355739889, 2: 33946.40464846387, 3: 19323.06928375434, 4: 3760.312499997569}
>>> t=252.00 s; Pushed new meters: {1: 42970.21355739889, 2: 33946.40464846387, 3: 19323.06928375434, 4: 3760.312499997569}
>>> t=253.00 s; Pushed new meters: {1: 42970.21355739889, 2: 33946.40464846387, 3: 19323.06928375434, 4: 3760.312499997569}
>>> t=254.00 s; Pushed new meters: {1: 42970.21355739889, 2: 33946.40464846387, 3: 19323.06928375434, 4: 3760.312499997569}
>>> t=255.00 s; Pushed new meters: {1: 42970.21355739889, 2: 33946.40464846387, 3: 19323.06928375434, 4: 3760.312499997569}
>>> t=256.00 s; Pushed new meters: {1: 42970.21355739889, 2: 33946.40464846387, 3: 19323.06928375434, 4: 3760.312499997569}
>>> t=257.00 s; Pushed new meters: {1: 42970.21355739889, 2: 33946.40464846387, 3: 19323.06928375434, 4: 3760.312499997569}
>>> t=258.00 s; Pushed new meters: {1: 42970.21355739889, 2: 33946.40464846387, 3: 19323.06928375434, 4: 3760.312499997569}
>>> t=259.00 s; Pushed new meters: {1: 42970.21355739889, 2: 33946.40464846387, 3: 19323.06928375434, 4: 3760.312499997569}
>>> t=260.00 s; Pushed new meters: {1: 42970.21355739889, 2: 33946.40464846387, 3: 19323.06928375434, 4: 3760.312499997569}
>>> t=261.00 s; Pushed new meters: {1: 42970.21355739889, 2: 33946.40464846387, 3: 19323.06928375434, 4: 3760.312499997569}
>>> t=262.00 s; Pushed new meters: {1: 42970.21355739889, 2: 33946.40464846387, 3: 19323.06928375434, 4: 3760.312499997569}
>>> t=263.00 s; Pushed new meters: {1: 42970.21355739889, 2: 33946.40464846387, 3: 19323.06928375434, 4: 3760.312499997569}
>>> t=264.00 s; Pushed new meters: {1: 56659.93748739889, 2: 24538.50000061281, 3: 15041.250000335742, 4: 3760.3125012672235}
>>> t=265.00 s; Pushed new meters: {1: 58784.28842739889, 2: 25547.84308061281, 3: 15667.868480335741, 4: 0}
>>> t=266.00 s; Pushed new meters: {1: 55722.043239497085, 2: 24279.10169430511, 3: 14899.690315910946, 4: 5099.164738634296}
>>> t=267.00 s; Pushed new meters: {1: 55722.043239497085, 2: 24279.10169430511, 3: 14899.690315910946, 4: 5099.164738634296}
>>> t=268.00 s; Pushed new meters: {1: 55722.043239497085, 2: 24279.10169430511, 3: 14899.690315910946, 4: 5099.164738634296}
>>> t=269.00 s; Pushed new meters: {1: 55722.043239497085, 2: 24279.10169430511, 3: 14899.690315910946, 4: 5099.164738634296}
>>> t=270.00 s; Pushed new meters: {1: 55722.043239497085, 2: 24279.10169430511, 3: 14899.690315910946, 4: 5099.164738634296}
>>> t=271.00 s; Pushed new meters: {1: 55722.043239497085, 2: 24279.10169430511, 3: 14899.690315910946, 4: 5099.164738634296}
>>> t=272.00 s; Pushed new meters: {1: 55722.043239497085, 2: 24279.10169430511, 3: 14899.690315910946, 4: 5099.164738634296}
>>> t=273.00 s; Pushed new meters: {1: 55722.043239497085, 2: 24279.10169430511, 3: 14899.690315910946, 4: 5099.164738634296}
>>> t=274.00 s; Pushed new meters: {1: 55722.043239497085, 2: 24279.10169430511, 3: 14899.690315910946, 4: 5099.164738634296}
>>> t=275.00 s; Pushed new meters: {1: 55722.043239497085, 2: 24279.10169430511, 3: 14899.690315910946, 4: 5099.164738634296}
>>> t=276.00 s; Pushed new meters: {1: 55722.043239497085, 2: 24279.10169430511, 3: 14899.690315910946, 4: 5099.164738634296}
>>> t=277.00 s; Pushed new meters: {1: 55722.043239497085, 2: 24279.10169430511, 3: 14899.690315910946, 4: 5099.164738634296}
>>> t=278.00 s; Pushed new meters: {1: 55722.043239497085, 2: 24279.10169430511, 3: 14899.690315910946, 4: 5099.164738634296}
>>> t=279.00 s; Pushed new meters: {1: 55722.043239497085, 2: 24279.10169430511, 3: 14899.690315910946, 4: 5099.164738634296}
>>> t=280.00 s; Pushed new meters: {1: 55722.043239497085, 2: 24279.10169430511, 3: 14899.690315910946, 4: 5099.164738634296}
>>> t=281.00 s; Pushed new meters: {1: 55722.043239497085, 2: 24279.10169430511, 3: 14899.690315910946, 4: 5099.164738634296}
>>> t=282.00 s; Pushed new meters: {1: 55722.043239497085, 2: 24279.10169430511, 3: 14899.690315910946, 4: 5099.164738634296}
>>> t=283.00 s; Pushed new meters: {1: 55722.043239497085, 2: 24279.10169430511, 3: 14899.690315910946, 4: 5099.164738634296}
>>> t=284.00 s; Pushed new meters: {1: 55722.043239497085, 2: 24279.10169430511, 3: 14899.690315910946, 4: 5099.164738634296}
>>> t=285.00 s; Pushed new meters: {1: 55722.043239497085, 2: 24279.10169430511, 3: 14899.690315910946, 4: 5099.164738634296}
>>> t=286.00 s; Pushed new meters: {1: 55722.043239497085, 2: 24279.10169430511, 3: 14899.690315910946, 4: 5099.164738634296}
>>> t=287.00 s; Pushed new meters: {1: 55722.043239497085, 2: 24279.10169430511, 3: 14899.690315910946, 4: 5099.164738634296}
>>> t=288.00 s; Pushed new meters: {1: 55722.043239497085, 2: 24279.10169430511, 3: 14899.690315910946, 4: 5099.164738634296}
>>> t=289.00 s; Pushed new meters: {1: 55722.043239497085, 2: 24279.10169430511, 3: 14899.690315910946, 4: 5099.164738634296}
>>> t=290.00 s; Pushed new meters: {1: 55722.043239497085, 2: 24279.10169430511, 3: 14899.690315910946, 4: 5099.164738634296}
>>> t=291.00 s; Pushed new meters: {1: 55722.043239497085, 2: 24279.10169430511, 3: 14899.690315910946, 4: 5099.164738634296}
>>> t=292.00 s; Pushed new meters: {1: 55722.043239497085, 2: 24279.10169430511, 3: 14899.690315910946, 4: 5099.164738634296}
>>> t=293.00 s; Pushed new meters: {1: 55722.043239497085, 2: 24279.10169430511, 3: 14899.690315910946, 4: 5099.164738634296}
>>> t=294.00 s; Pushed new meters: {1: 55722.043239497085, 2: 24279.10169430511, 3: 14899.690315910946, 4: 5099.164738634296}
>>> t=295.00 s; Pushed new meters: {1: 55722.043239497085, 2: 24279.10169430511, 3: 14899.690315910946, 4: 5099.164738634296}
>>> t=296.00 s; Pushed new meters: {1: 55722.043239497085, 2: 24279.10169430511, 3: 14899.690315910946, 4: 5099.164738634296}
>>> t=297.00 s; Pushed new meters: {1: 47958.765515209176, 2: 34783.887030652724, 3: 16222.541806444293, 4: 1034.8056375308643}
>>> t=299.00 s; Pushed new meters: {1: 48457.666005209176, 2: 35146.72093065272, 3: 16395.613046444294, 4: 0}
>>> t=300.00 s; Pushed new meters: {1: 46744.33212486851, 2: 33911.24168109717, 3: 15832.176176239549, 4: 3512.2500001009594}
>>> t=301.00 s; Pushed new meters: {1: 46744.33212486851, 2: 33911.24168109717, 3: 15832.176176239549, 4: 3512.2500001009594}
>>> t=302.00 s; Pushed new meters: {1: 46744.33212486851, 2: 33911.24168109717, 3: 15832.176176239549, 4: 3512.2500001009594}
>>> t=303.00 s; Pushed new meters: {1: 46744.33212486851, 2: 33911.24168109717, 3: 15832.176176239549, 4: 3512.2500001009594}
>>> t=304.00 s; Pushed new meters: {1: 46744.33212486851, 2: 33911.24168109717, 3: 15832.176176239549, 4: 3512.2500001009594}
>>> t=305.00 s; Pushed new meters: {1: 46744.33212486851, 2: 33911.24168109717, 3: 15832.176176239549, 4: 3512.2500001009594}
>>> t=306.00 s; Pushed new meters: {1: 46744.33212486851, 2: 33911.24168109717, 3: 15832.176176239549, 4: 3512.2500001009594}
>>> t=307.00 s; Pushed new meters: {1: 46744.33212486851, 2: 33911.24168109717, 3: 15832.176176239549, 4: 3512.2500001009594}
>>> t=308.00 s; Pushed new meters: {1: 46744.33212486851, 2: 33911.24168109717, 3: 15832.176176239549, 4: 3512.2500001009594}
>>> t=309.00 s; Pushed new meters: {1: 46744.33212486851, 2: 33911.24168109717, 3: 15832.176176239549, 4: 3512.2500001009594}
>>> t=310.00 s; Pushed new meters: {1: 46744.33212486851, 2: 33911.24168109717, 3: 15832.176176239549, 4: 3512.2500001009594}
>>> t=311.00 s; Pushed new meters: {1: 46744.33212486851, 2: 33911.24168109717, 3: 15832.176176239549, 4: 3512.2500001009594}
>>> t=312.00 s; Pushed new meters: {1: 46744.33212486851, 2: 33911.24168109717, 3: 15832.176176239549, 4: 3512.2500001009594}
>>> t=313.00 s; Pushed new meters: {1: 46744.33212486851, 2: 33911.24168109717, 3: 15832.176176239549, 4: 3512.2500001009594}
>>> t=314.00 s; Pushed new meters: {1: 46744.33212486851, 2: 33911.24168109717, 3: 15832.176176239549, 4: 3512.2500001009594}
>>> t=315.00 s; Pushed new meters: {1: 46744.33212486851, 2: 33911.24168109717, 3: 15832.176176239549, 4: 3512.2500001009594}
>>> t=316.00 s; Pushed new meters: {1: 46744.33212486851, 2: 33911.24168109717, 3: 15832.176176239549, 4: 3512.2500001009594}
>>> t=317.00 s; Pushed new meters: {1: 46744.33212486851, 2: 33911.24168109717, 3: 15832.176176239549, 4: 3512.2500001009594}
>>> t=318.00 s; Pushed new meters: {1: 46744.33212486851, 2: 33911.24168109717, 3: 15832.176176239549, 4: 3512.2500001009594}
>>> t=319.00 s; Pushed new meters: {1: 46744.33212486851, 2: 33911.24168109717, 3: 15832.176176239549, 4: 3512.2500001009594}
>>> t=320.00 s; Pushed new meters: {1: 46744.33212486851, 2: 33911.24168109717, 3: 15832.176176239549, 4: 3512.2500001009594}
>>> t=321.00 s; Pushed new meters: {1: 46744.33212486851, 2: 33911.24168109717, 3: 15832.176176239549, 4: 3512.2500001009594}
>>> t=322.00 s; Pushed new meters: {1: 46744.33212486851, 2: 33911.24168109717, 3: 15832.176176239549, 4: 3512.2500001009594}
>>> t=323.00 s; Pushed new meters: {1: 46744.33212486851, 2: 33911.24168109717, 3: 15832.176176239549, 4: 3512.2500001009594}
>>> t=324.00 s; Pushed new meters: {1: 46744.33212486851, 2: 33911.24168109717, 3: 15832.176176239549, 4: 3512.2500001009594}
>>> t=325.00 s; Pushed new meters: {1: 46744.33212486851, 2: 33911.24168109717, 3: 15832.176176239549, 4: 3512.2500001009594}
>>> t=326.00 s; Pushed new meters: {1: 46744.33212486851, 2: 33911.24168109717, 3: 15832.176176239549, 4: 3512.2500001009594}
>>> t=327.00 s; Pushed new meters: {1: 46744.33212486851, 2: 33911.24168109717, 3: 15832.176176239549, 4: 3512.2500001009594}
>>> t=328.00 s; Pushed new meters: {1: 46744.33212486851, 2: 33911.24168109717, 3: 15832.176176239549, 4: 3512.2500001009594}
>>> t=329.00 s; Pushed new meters: {1: 46744.33212486851, 2: 33911.24168109717, 3: 15832.176176239549, 4: 3512.2500001009594}
>>> t=330.00 s; Pushed new meters: {1: 46744.33212486851, 2: 33911.24168109717, 3: 15832.176176239549, 4: 3512.2500001009594}
