loading app allocation_app.py
loading app ryu.app.ofctl_rest
loading app ryu.controller.ofp_handler
instantiating app None of DPSet
creating context dpset
creating context wsgi
instantiating app allocation_app.py of SimpleMonitor13
instantiating app ryu.app.ofctl_rest of RestStatsApi
instantiating app ryu.controller.ofp_handler of OFPHandler
(18533) wsgi starting up on http://0.0.0.0:8080
packet in 1 00:00:00:00:00:21 ff:ff:ff:ff:ff:ff 1
packet in 1 00:00:00:00:00:22 00:00:00:00:00:21 2
packet in 2 00:00:00:00:00:21 ff:ff:ff:ff:ff:ff 1
packet in 1 00:00:00:00:00:21 00:00:00:00:00:22 1
packet in 3 00:00:00:00:00:21 ff:ff:ff:ff:ff:ff 1
packet in 4 00:00:00:00:00:21 ff:ff:ff:ff:ff:ff 5
packet in 1 00:00:00:00:00:21 ff:ff:ff:ff:ff:ff 1
packet in 1 00:00:00:00:00:23 00:00:00:00:00:21 3
packet in 2 00:00:00:00:00:21 ff:ff:ff:ff:ff:ff 1
packet in 1 00:00:00:00:00:21 00:00:00:00:00:23 1
packet in 3 00:00:00:00:00:21 ff:ff:ff:ff:ff:ff 1
packet in 4 00:00:00:00:00:21 ff:ff:ff:ff:ff:ff 5
packet in 1 00:00:00:00:00:21 ff:ff:ff:ff:ff:ff 1
packet in 1 00:00:00:00:00:24 00:00:00:00:00:21 4
packet in 2 00:00:00:00:00:21 ff:ff:ff:ff:ff:ff 1
packet in 1 00:00:00:00:00:21 00:00:00:00:00:24 1
packet in 3 00:00:00:00:00:21 ff:ff:ff:ff:ff:ff 1
packet in 4 00:00:00:00:00:21 ff:ff:ff:ff:ff:ff 5
packet in 1 00:00:00:00:00:21 ff:ff:ff:ff:ff:ff 1
packet in 2 00:00:00:00:00:21 ff:ff:ff:ff:ff:ff 1
packet in 3 00:00:00:00:00:21 ff:ff:ff:ff:ff:ff 1
packet in 4 00:00:00:00:00:21 ff:ff:ff:ff:ff:ff 5
packet in 4 00:00:00:00:00:31 00:00:00:00:00:21 1
packet in 3 00:00:00:00:00:31 00:00:00:00:00:21 2
packet in 2 00:00:00:00:00:31 00:00:00:00:00:21 2
packet in 1 00:00:00:00:00:31 00:00:00:00:00:21 5
packet in 1 00:00:00:00:00:21 00:00:00:00:00:31 1
packet in 2 00:00:00:00:00:21 00:00:00:00:00:31 1
packet in 3 00:00:00:00:00:21 00:00:00:00:00:31 1
packet in 4 00:00:00:00:00:21 00:00:00:00:00:31 5
packet in 1 00:00:00:00:00:21 ff:ff:ff:ff:ff:ff 1
packet in 2 00:00:00:00:00:21 ff:ff:ff:ff:ff:ff 1
packet in 3 00:00:00:00:00:21 ff:ff:ff:ff:ff:ff 1
packet in 4 00:00:00:00:00:21 ff:ff:ff:ff:ff:ff 5
packet in 4 00:00:00:00:00:32 00:00:00:00:00:21 2
packet in 3 00:00:00:00:00:32 00:00:00:00:00:21 2
packet in 2 00:00:00:00:00:32 00:00:00:00:00:21 2
packet in 1 00:00:00:00:00:32 00:00:00:00:00:21 5
packet in 1 00:00:00:00:00:21 00:00:00:00:00:32 1
packet in 2 00:00:00:00:00:21 00:00:00:00:00:32 1
packet in 3 00:00:00:00:00:21 00:00:00:00:00:32 1
packet in 4 00:00:00:00:00:21 00:00:00:00:00:32 5
packet in 1 00:00:00:00:00:21 ff:ff:ff:ff:ff:ff 1
packet in 2 00:00:00:00:00:21 ff:ff:ff:ff:ff:ff 1
packet in 3 00:00:00:00:00:21 ff:ff:ff:ff:ff:ff 1
packet in 4 00:00:00:00:00:21 ff:ff:ff:ff:ff:ff 5
packet in 4 00:00:00:00:00:33 00:00:00:00:00:21 3
packet in 3 00:00:00:00:00:33 00:00:00:00:00:21 2
packet in 2 00:00:00:00:00:33 00:00:00:00:00:21 2
packet in 1 00:00:00:00:00:33 00:00:00:00:00:21 5
packet in 1 00:00:00:00:00:21 00:00:00:00:00:33 1
packet in 2 00:00:00:00:00:21 00:00:00:00:00:33 1
packet in 3 00:00:00:00:00:21 00:00:00:00:00:33 1
packet in 4 00:00:00:00:00:21 00:00:00:00:00:33 5
packet in 1 00:00:00:00:00:21 ff:ff:ff:ff:ff:ff 1
packet in 2 00:00:00:00:00:21 ff:ff:ff:ff:ff:ff 1
packet in 3 00:00:00:00:00:21 ff:ff:ff:ff:ff:ff 1
packet in 4 00:00:00:00:00:21 ff:ff:ff:ff:ff:ff 5
packet in 4 00:00:00:00:00:34 00:00:00:00:00:21 4
packet in 3 00:00:00:00:00:34 00:00:00:00:00:21 2
packet in 2 00:00:00:00:00:34 00:00:00:00:00:21 2
packet in 1 00:00:00:00:00:34 00:00:00:00:00:21 5
packet in 1 00:00:00:00:00:21 00:00:00:00:00:34 1
packet in 2 00:00:00:00:00:21 00:00:00:00:00:34 1
packet in 3 00:00:00:00:00:21 00:00:00:00:00:34 1
packet in 4 00:00:00:00:00:21 00:00:00:00:00:34 5
packet in 1 00:00:00:00:00:22 ff:ff:ff:ff:ff:ff 2
packet in 1 00:00:00:00:00:23 00:00:00:00:00:22 3
packet in 2 00:00:00:00:00:22 ff:ff:ff:ff:ff:ff 1
packet in 1 00:00:00:00:00:22 00:00:00:00:00:23 2
packet in 3 00:00:00:00:00:22 ff:ff:ff:ff:ff:ff 1
packet in 4 00:00:00:00:00:22 ff:ff:ff:ff:ff:ff 5
packet in 1 00:00:00:00:00:22 ff:ff:ff:ff:ff:ff 2
packet in 1 00:00:00:00:00:24 00:00:00:00:00:22 4
packet in 2 00:00:00:00:00:22 ff:ff:ff:ff:ff:ff 1
packet in 1 00:00:00:00:00:22 00:00:00:00:00:24 2
packet in 3 00:00:00:00:00:22 ff:ff:ff:ff:ff:ff 1
packet in 4 00:00:00:00:00:22 ff:ff:ff:ff:ff:ff 5
packet in 1 00:00:00:00:00:22 ff:ff:ff:ff:ff:ff 2
packet in 2 00:00:00:00:00:22 ff:ff:ff:ff:ff:ff 1
packet in 3 00:00:00:00:00:22 ff:ff:ff:ff:ff:ff 1
packet in 4 00:00:00:00:00:22 ff:ff:ff:ff:ff:ff 5
packet in 4 00:00:00:00:00:31 00:00:00:00:00:22 1
packet in 3 00:00:00:00:00:31 00:00:00:00:00:22 2
packet in 2 00:00:00:00:00:31 00:00:00:00:00:22 2
packet in 1 00:00:00:00:00:31 00:00:00:00:00:22 5
packet in 1 00:00:00:00:00:22 00:00:00:00:00:31 2
packet in 2 00:00:00:00:00:22 00:00:00:00:00:31 1
packet in 3 00:00:00:00:00:22 00:00:00:00:00:31 1
packet in 4 00:00:00:00:00:22 00:00:00:00:00:31 5
packet in 1 00:00:00:00:00:22 ff:ff:ff:ff:ff:ff 2
packet in 2 00:00:00:00:00:22 ff:ff:ff:ff:ff:ff 1
packet in 3 00:00:00:00:00:22 ff:ff:ff:ff:ff:ff 1
packet in 4 00:00:00:00:00:22 ff:ff:ff:ff:ff:ff 5
packet in 4 00:00:00:00:00:32 00:00:00:00:00:22 2
packet in 3 00:00:00:00:00:32 00:00:00:00:00:22 2
packet in 2 00:00:00:00:00:32 00:00:00:00:00:22 2
packet in 1 00:00:00:00:00:32 00:00:00:00:00:22 5
packet in 1 00:00:00:00:00:22 00:00:00:00:00:32 2
packet in 2 00:00:00:00:00:22 00:00:00:00:00:32 1
packet in 3 00:00:00:00:00:22 00:00:00:00:00:32 1
packet in 4 00:00:00:00:00:22 00:00:00:00:00:32 5
packet in 1 00:00:00:00:00:22 ff:ff:ff:ff:ff:ff 2
packet in 2 00:00:00:00:00:22 ff:ff:ff:ff:ff:ff 1
packet in 3 00:00:00:00:00:22 ff:ff:ff:ff:ff:ff 1
packet in 4 00:00:00:00:00:22 ff:ff:ff:ff:ff:ff 5
packet in 4 00:00:00:00:00:33 00:00:00:00:00:22 3
packet in 3 00:00:00:00:00:33 00:00:00:00:00:22 2
packet in 2 00:00:00:00:00:33 00:00:00:00:00:22 2
packet in 1 00:00:00:00:00:33 00:00:00:00:00:22 5
packet in 1 00:00:00:00:00:22 00:00:00:00:00:33 2
packet in 2 00:00:00:00:00:22 00:00:00:00:00:33 1
packet in 3 00:00:00:00:00:22 00:00:00:00:00:33 1
packet in 4 00:00:00:00:00:22 00:00:00:00:00:33 5
packet in 1 00:00:00:00:00:22 ff:ff:ff:ff:ff:ff 2
packet in 2 00:00:00:00:00:22 ff:ff:ff:ff:ff:ff 1
packet in 3 00:00:00:00:00:22 ff:ff:ff:ff:ff:ff 1
packet in 4 00:00:00:00:00:22 ff:ff:ff:ff:ff:ff 5
packet in 4 00:00:00:00:00:34 00:00:00:00:00:22 4
packet in 3 00:00:00:00:00:34 00:00:00:00:00:22 2
packet in 2 00:00:00:00:00:34 00:00:00:00:00:22 2
packet in 1 00:00:00:00:00:34 00:00:00:00:00:22 5
packet in 1 00:00:00:00:00:22 00:00:00:00:00:34 2
packet in 2 00:00:00:00:00:22 00:00:00:00:00:34 1
packet in 3 00:00:00:00:00:22 00:00:00:00:00:34 1
packet in 4 00:00:00:00:00:22 00:00:00:00:00:34 5
packet in 1 00:00:00:00:00:23 ff:ff:ff:ff:ff:ff 3
packet in 1 00:00:00:00:00:24 00:00:00:00:00:23 4
packet in 2 00:00:00:00:00:23 ff:ff:ff:ff:ff:ff 1
packet in 1 00:00:00:00:00:23 00:00:00:00:00:24 3
packet in 3 00:00:00:00:00:23 ff:ff:ff:ff:ff:ff 1
packet in 4 00:00:00:00:00:23 ff:ff:ff:ff:ff:ff 5
packet in 1 00:00:00:00:00:23 ff:ff:ff:ff:ff:ff 3
packet in 2 00:00:00:00:00:23 ff:ff:ff:ff:ff:ff 1
packet in 3 00:00:00:00:00:23 ff:ff:ff:ff:ff:ff 1
packet in 4 00:00:00:00:00:23 ff:ff:ff:ff:ff:ff 5
packet in 4 00:00:00:00:00:31 00:00:00:00:00:23 1
packet in 3 00:00:00:00:00:31 00:00:00:00:00:23 2
packet in 2 00:00:00:00:00:31 00:00:00:00:00:23 2
packet in 1 00:00:00:00:00:31 00:00:00:00:00:23 5
packet in 1 00:00:00:00:00:23 00:00:00:00:00:31 3
packet in 2 00:00:00:00:00:23 00:00:00:00:00:31 1
packet in 3 00:00:00:00:00:23 00:00:00:00:00:31 1
packet in 4 00:00:00:00:00:23 00:00:00:00:00:31 5
packet in 1 00:00:00:00:00:23 ff:ff:ff:ff:ff:ff 3
packet in 2 00:00:00:00:00:23 ff:ff:ff:ff:ff:ff 1
packet in 3 00:00:00:00:00:23 ff:ff:ff:ff:ff:ff 1
packet in 4 00:00:00:00:00:23 ff:ff:ff:ff:ff:ff 5
packet in 4 00:00:00:00:00:32 00:00:00:00:00:23 2
packet in 3 00:00:00:00:00:32 00:00:00:00:00:23 2
packet in 2 00:00:00:00:00:32 00:00:00:00:00:23 2
packet in 1 00:00:00:00:00:32 00:00:00:00:00:23 5
packet in 1 00:00:00:00:00:23 00:00:00:00:00:32 3
packet in 2 00:00:00:00:00:23 00:00:00:00:00:32 1
packet in 3 00:00:00:00:00:23 00:00:00:00:00:32 1
packet in 4 00:00:00:00:00:23 00:00:00:00:00:32 5
packet in 1 00:00:00:00:00:23 ff:ff:ff:ff:ff:ff 3
packet in 2 00:00:00:00:00:23 ff:ff:ff:ff:ff:ff 1
packet in 3 00:00:00:00:00:23 ff:ff:ff:ff:ff:ff 1
packet in 4 00:00:00:00:00:23 ff:ff:ff:ff:ff:ff 5
packet in 4 00:00:00:00:00:33 00:00:00:00:00:23 3
packet in 3 00:00:00:00:00:33 00:00:00:00:00:23 2
packet in 2 00:00:00:00:00:33 00:00:00:00:00:23 2
packet in 1 00:00:00:00:00:33 00:00:00:00:00:23 5
packet in 1 00:00:00:00:00:23 00:00:00:00:00:33 3
packet in 2 00:00:00:00:00:23 00:00:00:00:00:33 1
packet in 3 00:00:00:00:00:23 00:00:00:00:00:33 1
packet in 4 00:00:00:00:00:23 00:00:00:00:00:33 5
packet in 1 00:00:00:00:00:23 ff:ff:ff:ff:ff:ff 3
packet in 2 00:00:00:00:00:23 ff:ff:ff:ff:ff:ff 1
packet in 3 00:00:00:00:00:23 ff:ff:ff:ff:ff:ff 1
packet in 4 00:00:00:00:00:23 ff:ff:ff:ff:ff:ff 5
packet in 4 00:00:00:00:00:34 00:00:00:00:00:23 4
packet in 3 00:00:00:00:00:34 00:00:00:00:00:23 2
packet in 2 00:00:00:00:00:34 00:00:00:00:00:23 2
packet in 1 00:00:00:00:00:34 00:00:00:00:00:23 5
packet in 1 00:00:00:00:00:23 00:00:00:00:00:34 3
packet in 2 00:00:00:00:00:23 00:00:00:00:00:34 1
packet in 3 00:00:00:00:00:23 00:00:00:00:00:34 1
packet in 4 00:00:00:00:00:23 00:00:00:00:00:34 5
packet in 1 00:00:00:00:00:24 ff:ff:ff:ff:ff:ff 4
packet in 2 00:00:00:00:00:24 ff:ff:ff:ff:ff:ff 1
packet in 3 00:00:00:00:00:24 ff:ff:ff:ff:ff:ff 1
packet in 4 00:00:00:00:00:24 ff:ff:ff:ff:ff:ff 5
packet in 4 00:00:00:00:00:31 00:00:00:00:00:24 1
packet in 3 00:00:00:00:00:31 00:00:00:00:00:24 2
packet in 2 00:00:00:00:00:31 00:00:00:00:00:24 2
packet in 1 00:00:00:00:00:31 00:00:00:00:00:24 5
packet in 1 00:00:00:00:00:24 00:00:00:00:00:31 4
packet in 2 00:00:00:00:00:24 00:00:00:00:00:31 1
packet in 3 00:00:00:00:00:24 00:00:00:00:00:31 1
packet in 4 00:00:00:00:00:24 00:00:00:00:00:31 5
packet in 1 00:00:00:00:00:24 ff:ff:ff:ff:ff:ff 4
packet in 2 00:00:00:00:00:24 ff:ff:ff:ff:ff:ff 1
packet in 3 00:00:00:00:00:24 ff:ff:ff:ff:ff:ff 1
packet in 4 00:00:00:00:00:24 ff:ff:ff:ff:ff:ff 5
packet in 4 00:00:00:00:00:32 00:00:00:00:00:24 2
packet in 3 00:00:00:00:00:32 00:00:00:00:00:24 2
packet in 2 00:00:00:00:00:32 00:00:00:00:00:24 2
packet in 1 00:00:00:00:00:32 00:00:00:00:00:24 5
packet in 1 00:00:00:00:00:24 00:00:00:00:00:32 4
packet in 2 00:00:00:00:00:24 00:00:00:00:00:32 1
packet in 3 00:00:00:00:00:24 00:00:00:00:00:32 1
packet in 4 00:00:00:00:00:24 00:00:00:00:00:32 5
packet in 1 00:00:00:00:00:24 ff:ff:ff:ff:ff:ff 4
packet in 2 00:00:00:00:00:24 ff:ff:ff:ff:ff:ff 1
packet in 3 00:00:00:00:00:24 ff:ff:ff:ff:ff:ff 1
packet in 4 00:00:00:00:00:24 ff:ff:ff:ff:ff:ff 5
packet in 4 00:00:00:00:00:33 00:00:00:00:00:24 3
packet in 3 00:00:00:00:00:33 00:00:00:00:00:24 2
packet in 2 00:00:00:00:00:33 00:00:00:00:00:24 2
packet in 1 00:00:00:00:00:33 00:00:00:00:00:24 5
packet in 1 00:00:00:00:00:24 00:00:00:00:00:33 4
packet in 2 00:00:00:00:00:24 00:00:00:00:00:33 1
packet in 3 00:00:00:00:00:24 00:00:00:00:00:33 1
packet in 4 00:00:00:00:00:24 00:00:00:00:00:33 5
packet in 1 00:00:00:00:00:24 ff:ff:ff:ff:ff:ff 4
packet in 2 00:00:00:00:00:24 ff:ff:ff:ff:ff:ff 1
packet in 3 00:00:00:00:00:24 ff:ff:ff:ff:ff:ff 1
packet in 4 00:00:00:00:00:24 ff:ff:ff:ff:ff:ff 5
packet in 4 00:00:00:00:00:34 00:00:00:00:00:24 4
packet in 3 00:00:00:00:00:34 00:00:00:00:00:24 2
packet in 2 00:00:00:00:00:34 00:00:00:00:00:24 2
packet in 1 00:00:00:00:00:34 00:00:00:00:00:24 5
packet in 1 00:00:00:00:00:24 00:00:00:00:00:34 4
packet in 2 00:00:00:00:00:24 00:00:00:00:00:34 1
packet in 3 00:00:00:00:00:24 00:00:00:00:00:34 1
packet in 4 00:00:00:00:00:24 00:00:00:00:00:34 5
packet in 4 00:00:00:00:00:31 ff:ff:ff:ff:ff:ff 1
packet in 4 00:00:00:00:00:32 00:00:00:00:00:31 2
packet in 3 00:00:00:00:00:31 ff:ff:ff:ff:ff:ff 2
packet in 4 00:00:00:00:00:31 00:00:00:00:00:32 1
packet in 2 00:00:00:00:00:31 ff:ff:ff:ff:ff:ff 2
packet in 1 00:00:00:00:00:31 ff:ff:ff:ff:ff:ff 5
packet in 4 00:00:00:00:00:31 ff:ff:ff:ff:ff:ff 1
packet in 4 00:00:00:00:00:33 00:00:00:00:00:31 3
packet in 3 00:00:00:00:00:31 ff:ff:ff:ff:ff:ff 2
packet in 4 00:00:00:00:00:31 00:00:00:00:00:33 1
packet in 2 00:00:00:00:00:31 ff:ff:ff:ff:ff:ff 2
packet in 4 00:00:00:00:00:31 ff:ff:ff:ff:ff:ff 1
packet in 1 00:00:00:00:00:31 ff:ff:ff:ff:ff:ff 5
packet in 4 00:00:00:00:00:34 00:00:00:00:00:31 4
packet in 3 00:00:00:00:00:31 ff:ff:ff:ff:ff:ff 2
packet in 4 00:00:00:00:00:31 00:00:00:00:00:34 1
packet in 2 00:00:00:00:00:31 ff:ff:ff:ff:ff:ff 2
packet in 1 00:00:00:00:00:31 ff:ff:ff:ff:ff:ff 5
packet in 4 00:00:00:00:00:32 ff:ff:ff:ff:ff:ff 2
packet in 4 00:00:00:00:00:33 00:00:00:00:00:32 3
packet in 3 00:00:00:00:00:32 ff:ff:ff:ff:ff:ff 2
packet in 4 00:00:00:00:00:32 00:00:00:00:00:33 2
packet in 2 00:00:00:00:00:32 ff:ff:ff:ff:ff:ff 2
packet in 1 00:00:00:00:00:32 ff:ff:ff:ff:ff:ff 5
packet in 4 00:00:00:00:00:32 ff:ff:ff:ff:ff:ff 2
packet in 4 00:00:00:00:00:34 00:00:00:00:00:32 4
packet in 3 00:00:00:00:00:32 ff:ff:ff:ff:ff:ff 2
packet in 4 00:00:00:00:00:32 00:00:00:00:00:34 2
packet in 2 00:00:00:00:00:32 ff:ff:ff:ff:ff:ff 2
packet in 1 00:00:00:00:00:32 ff:ff:ff:ff:ff:ff 5
packet in 4 00:00:00:00:00:33 ff:ff:ff:ff:ff:ff 3
packet in 4 00:00:00:00:00:34 00:00:00:00:00:33 4
packet in 3 00:00:00:00:00:33 ff:ff:ff:ff:ff:ff 2
packet in 4 00:00:00:00:00:33 00:00:00:00:00:34 3
packet in 2 00:00:00:00:00:33 ff:ff:ff:ff:ff:ff 2
packet in 1 00:00:00:00:00:33 ff:ff:ff:ff:ff:ff 5
(18533) accepted ('127.0.0.1', 46964)
127.0.0.1 - - [16/Jun/2025 03:18:33] "POST /stats/meterentry/add HTTP/1.1" 200 139 0.006215
(18533) accepted ('127.0.0.1', 46980)
127.0.0.1 - - [16/Jun/2025 03:18:33] "POST /stats/meterentry/add HTTP/1.1" 200 139 0.000626
(18533) accepted ('127.0.0.1', 46990)
127.0.0.1 - - [16/Jun/2025 03:18:33] "POST /stats/meterentry/add HTTP/1.1" 200 139 0.002387
(18533) accepted ('127.0.0.1', 47004)
127.0.0.1 - - [16/Jun/2025 03:18:33] "POST /stats/meterentry/add HTTP/1.1" 200 139 0.000756
(18533) accepted ('127.0.0.1', 47020)
127.0.0.1 - - [16/Jun/2025 03:18:33] "POST /stats/meterentry/add HTTP/1.1" 200 139 0.000465
(18533) accepted ('127.0.0.1', 47034)
127.0.0.1 - - [16/Jun/2025 03:18:33] "POST /stats/meterentry/add HTTP/1.1" 200 139 0.000677
(18533) accepted ('127.0.0.1', 47048)
127.0.0.1 - - [16/Jun/2025 03:18:33] "POST /stats/meterentry/add HTTP/1.1" 200 139 0.000637
(18533) accepted ('127.0.0.1', 47064)
127.0.0.1 - - [16/Jun/2025 03:18:33] "POST /stats/meterentry/add HTTP/1.1" 200 139 0.000483
(18533) accepted ('127.0.0.1', 47078)
127.0.0.1 - - [16/Jun/2025 03:18:33] "POST /stats/flowentry/add HTTP/1.1" 200 139 0.000710
(18533) accepted ('127.0.0.1', 47094)
127.0.0.1 - - [16/Jun/2025 03:18:33] "POST /stats/flowentry/add HTTP/1.1" 200 139 0.000944
(18533) accepted ('127.0.0.1', 47108)
127.0.0.1 - - [16/Jun/2025 03:18:33] "POST /stats/flowentry/add HTTP/1.1" 200 139 0.000909
(18533) accepted ('127.0.0.1', 47118)
127.0.0.1 - - [16/Jun/2025 03:18:33] "POST /stats/flowentry/add HTTP/1.1" 200 139 0.001021
(18533) accepted ('127.0.0.1', 47120)
127.0.0.1 - - [16/Jun/2025 03:18:33] "POST /stats/flowentry/add HTTP/1.1" 200 139 0.001561
(18533) accepted ('127.0.0.1', 47132)
127.0.0.1 - - [16/Jun/2025 03:18:33] "POST /stats/flowentry/add HTTP/1.1" 200 139 0.000744
(18533) accepted ('127.0.0.1', 47134)
127.0.0.1 - - [16/Jun/2025 03:18:33] "POST /stats/flowentry/add HTTP/1.1" 200 139 0.000941
(18533) accepted ('127.0.0.1', 47136)
127.0.0.1 - - [16/Jun/2025 03:18:33] "POST /stats/flowentry/add HTTP/1.1" 200 139 0.000811
>>> t=3.00 s; Pushed new meters: {1: 46292.70504258492, 2: 36209.20280376132, 3: 13899.449002550156, 4: 3598.6431511036044}
>>> t=4.00 s; Pushed new meters: {1: 45934.88959091734, 2: 36206.176265318405, 3: 14289.171723865236, 4: 3569.7624198990243}
>>> t=5.00 s; Pushed new meters: {1: 45500.212280560605, 2: 36807.69882832206, 3: 14201.804184788702, 4: 3490.2847063286313}
>>> t=6.00 s; Pushed new meters: {1: 45500.212280560605, 2: 36807.69882832206, 3: 14201.804184788702, 4: 3490.2847063286313}
>>> t=7.00 s; Pushed new meters: {1: 45500.212280560605, 2: 36807.69882832206, 3: 14201.804184788702, 4: 3490.2847063286313}
>>> t=8.00 s; Pushed new meters: {1: 45500.212280560605, 2: 36807.69882832206, 3: 14201.804184788702, 4: 3490.2847063286313}
>>> t=9.00 s; Pushed new meters: {1: 45631.62844156264, 2: 36746.71327436601, 3: 14150.610709045257, 4: 3471.0475750260894}
>>> t=10.00 s; Pushed new meters: {1: 45631.62844156264, 2: 36746.71327436601, 3: 14150.610709045257, 4: 3471.0475750260894}
>>> t=11.00 s; Pushed new meters: {1: 45631.62844156264, 2: 36746.71327436601, 3: 14150.610709045257, 4: 3471.0475750260894}
>>> t=12.00 s; Pushed new meters: {1: 45631.62844156264, 2: 36746.71327436601, 3: 14150.610709045257, 4: 3471.0475750260894}
>>> t=13.00 s; Pushed new meters: {1: 45954.14177995309, 2: 36639.74022602014, 3: 14028.122548029749, 4: 3377.9954459970227}
>>> t=14.00 s; Pushed new meters: {1: 45954.14177995309, 2: 36639.74022602014, 3: 14028.122548029749, 4: 3377.9954459970227}
>>> t=15.00 s; Pushed new meters: {1: 45934.05194072541, 2: 36611.85835954265, 3: 14020.589699731958, 4: 3433.4999999999845}
>>> t=16.00 s; Pushed new meters: {1: 45934.05194072541, 2: 36611.85835954265, 3: 14020.589699731958, 4: 3433.4999999999845}
>>> t=17.00 s; Pushed new meters: {1: 45934.05194072541, 2: 36611.85835954265, 3: 14020.589699731958, 4: 3433.4999999999845}
>>> t=18.00 s; Pushed new meters: {1: 45934.05194072541, 2: 36611.85835954265, 3: 14020.589699731958, 4: 3433.4999999999845}
>>> t=19.00 s; Pushed new meters: {1: 46088.437499999716, 2: 36527.99809957313, 3: 13977.19081455468, 4: 3406.373585872478}
>>> t=20.00 s; Pushed new meters: {1: 46088.437499999716, 2: 36527.99809957313, 3: 13977.19081455468, 4: 3406.373585872478}
>>> t=21.00 s; Pushed new meters: {1: 46088.437499999716, 2: 36527.99809957313, 3: 13977.19081455468, 4: 3406.373585872478}
>>> t=22.00 s; Pushed new meters: {1: 46088.437499999716, 2: 36527.99809957313, 3: 13977.19081455468, 4: 3406.373585872478}
>>> t=23.00 s; Pushed new meters: {1: 46088.437499999716, 2: 36527.99809957313, 3: 13977.19081455468, 4: 3406.373585872478}
>>> t=24.00 s; Pushed new meters: {1: 46088.437499999716, 2: 36527.99809957313, 3: 13977.19081455468, 4: 3406.373585872478}
>>> t=25.00 s; Pushed new meters: {1: 45680.67176005054, 2: 37083.36700567773, 3: 13948.190266334914, 4: 3287.7709679368204}
>>> t=26.00 s; Pushed new meters: {1: 45680.67176005054, 2: 37083.36700567773, 3: 13948.190266334914, 4: 3287.7709679368204}
>>> t=27.00 s; Pushed new meters: {1: 46249.56002750752, 2: 36673.58748401516, 3: 13837.905003009608, 4: 3238.9474854677146}
>>> t=28.00 s; Pushed new meters: {1: 46245.20021099842, 2: 36664.810277123, 3: 13852.030552697368, 4: 3237.9589591812232}
>>> t=29.00 s; Pushed new meters: {1: 46245.20021099842, 2: 36664.810277123, 3: 13852.030552697368, 4: 3237.9589591812232}
>>> t=30.00 s; Pushed new meters: {1: 46245.20021099842, 2: 36664.810277123, 3: 13852.030552697368, 4: 3237.9589591812232}
packet in 4 00:00:00:00:00:33 ff:ff:ff:ff:ff:ff 3
packet in 4 00:00:00:00:00:34 ff:ff:ff:ff:ff:ff 4
packet in 3 00:00:00:00:00:33 ff:ff:ff:ff:ff:ff 2
packet in 3 00:00:00:00:00:34 ff:ff:ff:ff:ff:ff 2
packet in 2 00:00:00:00:00:33 ff:ff:ff:ff:ff:ff 2
packet in 2 00:00:00:00:00:34 ff:ff:ff:ff:ff:ff 2
packet in 1 00:00:00:00:00:33 ff:ff:ff:ff:ff:ff 5
packet in 1 00:00:00:00:00:34 ff:ff:ff:ff:ff:ff 5
>>> t=31.00 s; Pushed new meters: {1: 46245.20021099842, 2: 36664.810277123, 3: 13852.030552697368, 4: 3237.9589591812232}
>>> t=32.00 s; Pushed new meters: {1: 46245.20021099842, 2: 36664.810277123, 3: 13852.030552697368, 4: 3237.9589591812232}
>>> t=33.00 s; Pushed new meters: {1: 46245.20021099842, 2: 36664.810277123, 3: 13852.030552697368, 4: 3237.9589591812232}
>>> t=34.00 s; Pushed new meters: {1: 48421.07625099842, 2: 36755.473127123, 3: 14823.483002697369, 4: 0}
>>> t=35.00 s; Pushed new meters: {1: 50243.29712099842, 2: 34201.12499998583, 3: 15555.610262697368, 4: 0}
>>> t=36.00 s; Pushed new meters: {1: 50608.99442689694, 2: 27557.82083215398, 3: 16706.584237832863, 4: 5126.632886797831}
>>> t=37.00 s; Pushed new meters: {1: 50453.236910684354, 2: 27272.580123671327, 3: 17186.951438940454, 4: 5087.26391038548}
>>> t=38.00 s; Pushed new meters: {1: 50367.73259497884, 2: 27208.96773944491, 3: 17182.61402817634, 4: 5240.71802108152}
>>> t=39.00 s; Pushed new meters: {1: 50325.72460906754, 2: 27155.051150418585, 3: 17285.589409496915, 4: 5233.667214698575}
>>> t=40.00 s; Pushed new meters: {1: 51122.83772436872, 2: 26224.675144155466, 3: 17482.68850480064, 4: 5169.8310103567865}
>>> t=41.00 s; Pushed new meters: {1: 51122.83772436872, 2: 26224.675144155466, 3: 17482.68850480064, 4: 5169.8310103567865}
>>> t=42.00 s; Pushed new meters: {1: 51122.83772436872, 2: 26224.675144155466, 3: 17482.68850480064, 4: 5169.8310103567865}
>>> t=43.00 s; Pushed new meters: {1: 51122.83772436872, 2: 26224.675144155466, 3: 17482.68850480064, 4: 5169.8310103567865}
>>> t=44.00 s; Pushed new meters: {1: 51121.840600920295, 2: 26223.069806534044, 3: 17481.246976225113, 4: 5173.875000002162}
>>> t=45.00 s; Pushed new meters: {1: 51024.28110096873, 2: 26201.27472513347, 3: 17439.164057580685, 4: 5335.312499998733}
>>> t=46.00 s; Pushed new meters: {1: 51024.28110096873, 2: 26201.27472513347, 3: 17439.164057580685, 4: 5335.312499998733}
>>> t=47.00 s; Pushed new meters: {1: 51024.28110096873, 2: 26201.27472513347, 3: 17439.164057580685, 4: 5335.312499998733}
>>> t=48.00 s; Pushed new meters: {1: 50897.952099736074, 2: 26091.393472499884, 3: 17612.390171455525, 4: 5398.296639990131}
>>> t=49.00 s; Pushed new meters: {1: 50897.952099736074, 2: 26091.393472499884, 3: 17612.390171455525, 4: 5398.296639990131}
>>> t=50.00 s; Pushed new meters: {1: 50897.952099736074, 2: 26091.393472499884, 3: 17612.390171455525, 4: 5398.296639990131}
>>> t=51.00 s; Pushed new meters: {1: 50839.98691482628, 2: 26027.95691344016, 3: 17568.408953953156, 4: 5563.679601462014}
>>> t=52.00 s; Pushed new meters: {1: 50839.98691482628, 2: 26027.95691344016, 3: 17568.408953953156, 4: 5563.679601462014}
>>> t=53.00 s; Pushed new meters: {1: 50839.98691482628, 2: 26027.95691344016, 3: 17568.408953953156, 4: 5563.679601462014}
>>> t=54.00 s; Pushed new meters: {1: 50839.98691482628, 2: 26027.95691344016, 3: 17568.408953953156, 4: 5563.679601462014}
>>> t=55.00 s; Pushed new meters: {1: 50839.98691482628, 2: 26027.95691344016, 3: 17568.408953953156, 4: 5563.679601462014}
>>> t=56.00 s; Pushed new meters: {1: 50839.98691482628, 2: 26027.95691344016, 3: 17568.408953953156, 4: 5563.679601462014}
>>> t=57.00 s; Pushed new meters: {1: 50839.98691482628, 2: 26027.95691344016, 3: 17568.408953953156, 4: 5563.679601462014}
>>> t=58.00 s; Pushed new meters: {1: 50839.98691482628, 2: 26027.95691344016, 3: 17568.408953953156, 4: 5563.679601462014}
>>> t=59.00 s; Pushed new meters: {1: 50839.98691482628, 2: 26027.95691344016, 3: 17568.408953953156, 4: 5563.679601462014}
>>> t=60.00 s; Pushed new meters: {1: 50839.98691482628, 2: 26027.95691344016, 3: 17568.408953953156, 4: 5563.679601462014}
>>> t=61.00 s; Pushed new meters: {1: 50839.98691482628, 2: 26027.95691344016, 3: 17568.408953953156, 4: 5563.679601462014}
>>> t=62.00 s; Pushed new meters: {1: 50839.98691482628, 2: 26027.95691344016, 3: 17568.408953953156, 4: 5563.679601462014}
>>> t=63.00 s; Pushed new meters: {1: 50839.98691482628, 2: 26027.95691344016, 3: 17568.408953953156, 4: 5563.679601462014}
>>> t=64.00 s; Pushed new meters: {1: 50839.98691482628, 2: 26027.95691344016, 3: 17568.408953953156, 4: 5563.679601462014}
>>> t=65.00 s; Pushed new meters: {1: 50839.98691482628, 2: 26027.95691344016, 3: 17568.408953953156, 4: 5563.679601462014}
>>> t=66.00 s; Pushed new meters: {1: 50839.98691482628, 2: 26027.95691344016, 3: 17568.408953953156, 4: 5563.679601462014}
>>> t=67.00 s; Pushed new meters: {1: 55746.71703482628, 2: 29820.02324344016, 3: 14433.292109799979, 4: 0}
>>> t=68.00 s; Pushed new meters: {1: 56774.40277482628, 2: 30690.25753344016, 3: 12535.372075896274, 4: 0}
>>> t=69.00 s; Pushed new meters: {1: 54393.39261111135, 2: 31921.54071227712, 3: 10263.293603594753, 4: 3421.805457179491}
>>> t=70.00 s; Pushed new meters: {1: 54393.39261111135, 2: 31921.54071227712, 3: 10263.293603594753, 4: 3421.805457179491}
>>> t=71.00 s; Pushed new meters: {1: 54375.82839628078, 2: 31921.50407505676, 3: 10257.387412823535, 4: 3445.3125000016353}
>>> t=72.00 s; Pushed new meters: {1: 54375.82839628078, 2: 31921.50407505676, 3: 10257.387412823535, 4: 3445.3125000016353}
>>> t=73.00 s; Pushed new meters: {1: 54164.941273465876, 2: 32252.231496744665, 3: 10168.105048338895, 4: 3414.754565613277}
>>> t=74.00 s; Pushed new meters: {1: 54113.6359722164, 2: 32245.463301730328, 3: 10148.413878115764, 4: 3492.519232100225}
>>> t=75.00 s; Pushed new meters: {1: 54107.74283340006, 2: 32240.77309454988, 3: 10147.141456217929, 4: 3504.374999994845}
>>> t=76.00 s; Pushed new meters: {1: 54107.74283340006, 2: 32240.77309454988, 3: 10147.141456217929, 4: 3504.374999994845}
>>> t=77.00 s; Pushed new meters: {1: 53942.75125491708, 2: 32204.66166596231, 3: 10076.568805933091, 4: 3776.0506573502335}
>>> t=78.00 s; Pushed new meters: {1: 53942.75125491708, 2: 32204.66166596231, 3: 10076.568805933091, 4: 3776.0506573502335}
>>> t=79.00 s; Pushed new meters: {1: 53942.75125491708, 2: 32204.66166596231, 3: 10076.568805933091, 4: 3776.0506573502335}
>>> t=80.00 s; Pushed new meters: {1: 53942.75125491708, 2: 32204.66166596231, 3: 10076.568805933091, 4: 3776.0506573502335}
>>> t=81.00 s; Pushed new meters: {1: 53942.75125491708, 2: 32204.66166596231, 3: 10076.568805933091, 4: 3776.0506573502335}
>>> t=82.00 s; Pushed new meters: {1: 53940.57584170596, 2: 32209.03700242598, 3: 10075.221932243792, 4: 3775.1976077869845}
>>> t=83.00 s; Pushed new meters: {1: 53940.57584170596, 2: 32209.03700242598, 3: 10075.221932243792, 4: 3775.1976077869845}
>>> t=84.00 s; Pushed new meters: {1: 53685.61370403461, 2: 32535.515197549852, 3: 10024.15963560966, 4: 3754.743846968597}
>>> t=85.00 s; Pushed new meters: {1: 53685.61370403461, 2: 32535.515197549852, 3: 10024.15963560966, 4: 3754.743846968597}
>>> t=86.00 s; Pushed new meters: {1: 53943.750000054824, 2: 32361.946981121695, 3: 9957.27112087461, 4: 3737.0642821115894}
>>> t=87.00 s; Pushed new meters: {1: 53943.750000054824, 2: 32361.946981121695, 3: 9957.27112087461, 4: 3737.0642821115894}
>>> t=88.00 s; Pushed new meters: {1: 53943.750000054824, 2: 32361.946981121695, 3: 9957.27112087461, 4: 3737.0642821115894}
>>> t=89.00 s; Pushed new meters: {1: 53943.750000054824, 2: 32361.946981121695, 3: 9957.27112087461, 4: 3737.0642821115894}
>>> t=90.00 s; Pushed new meters: {1: 54815.97045236976, 2: 32912.29534453814, 3: 10114.8788106311, 4: 2156.887769841538}
>>> t=91.00 s; Pushed new meters: {1: 54195.480743448774, 2: 32570.14019998943, 3: 9840.439789343201, 4: 3393.9716445991307}
>>> t=92.00 s; Pushed new meters: {1: 53955.91697804735, 2: 32378.856189324684, 3: 9802.571710014847, 4: 3862.6874999936517}
>>> t=93.00 s; Pushed new meters: {1: 53955.91697804735, 2: 32378.856189324684, 3: 9802.571710014847, 4: 3862.6874999936517}
>>> t=94.00 s; Pushed new meters: {1: 53955.91697804735, 2: 32378.856189324684, 3: 9802.571710014847, 4: 3862.6874999936517}
>>> t=95.00 s; Pushed new meters: {1: 53955.91697804735, 2: 32378.856189324684, 3: 9802.571710014847, 4: 3862.6874999936517}
>>> t=96.00 s; Pushed new meters: {1: 53955.91697804735, 2: 32378.856189324684, 3: 9802.571710014847, 4: 3862.6874999936517}
>>> t=97.00 s; Pushed new meters: {1: 53955.91697804735, 2: 32378.856189324684, 3: 9802.571710014847, 4: 3862.6874999936517}
>>> t=98.00 s; Pushed new meters: {1: 53955.91697804735, 2: 32378.856189324684, 3: 9802.571710014847, 4: 3862.6874999936517}
>>> t=99.00 s; Pushed new meters: {1: 53955.91697804735, 2: 32378.856189324684, 3: 9802.571710014847, 4: 3862.6874999936517}
>>> t=100.00 s; Pushed new meters: {1: 54775.154368047355, 2: 33537.35341932468, 3: 11687.485960014847, 4: 0}
>>> t=101.00 s; Pushed new meters: {1: 54775.154368047355, 2: 33537.35341932468, 3: 11687.485960014847, 4: 0}
>>> t=102.00 s; Pushed new meters: {1: 44589.392450045845, 2: 30049.16379733947, 3: 19514.250000000804, 4: 5847.18750000076}
>>> t=103.00 s; Pushed new meters: {1: 44582.901490053206, 2: 30046.31941106972, 3: 19511.77284627579, 4: 5858.999999988162}
>>> t=104.00 s; Pushed new meters: {1: 44469.3766918601, 2: 30034.693428908267, 3: 19503.048627943386, 4: 5992.874998675119}
>>> t=105.00 s; Pushed new meters: {1: 44469.3766918601, 2: 30034.693428908267, 3: 19503.048627943386, 4: 5992.874998675119}
>>> t=106.00 s; Pushed new meters: {1: 44453.049734752225, 2: 30034.055457086994, 3: 19500.31819626969, 4: 6012.570359277971}
>>> t=107.00 s; Pushed new meters: {1: 44245.00166949386, 2: 30062.832140333478, 3: 19569.331720296534, 4: 6122.828217263009}
>>> t=108.00 s; Pushed new meters: {1: 44245.00166949386, 2: 30062.832140333478, 3: 19569.331720296534, 4: 6122.828217263009}
>>> t=109.00 s; Pushed new meters: {1: 44245.00166949386, 2: 30062.832140333478, 3: 19569.331720296534, 4: 6122.828217263009}
>>> t=110.00 s; Pushed new meters: {1: 43739.99560334423, 2: 30498.773318858366, 3: 20494.160001427845, 4: 5267.064817263009}
>>> t=111.00 s; Pushed new meters: {1: 43373.710213008395, 2: 30307.70944782289, 3: 20313.929830943984, 4: 6004.644249118179}
>>> t=112.00 s; Pushed new meters: {1: 43373.710213008395, 2: 30307.70944782289, 3: 20313.929830943984, 4: 6004.644249118179}
>>> t=113.00 s; Pushed new meters: {1: 43373.710213008395, 2: 30307.70944782289, 3: 20313.929830943984, 4: 6004.644249118179}
>>> t=114.00 s; Pushed new meters: {1: 43299.5165775685, 2: 30281.34958182983, 3: 20276.584343680923, 4: 6142.543237814193}
>>> t=115.00 s; Pushed new meters: {1: 43299.5165775685, 2: 30281.34958182983, 3: 20276.584343680923, 4: 6142.543237814193}
>>> t=116.00 s; Pushed new meters: {1: 43299.5165775685, 2: 30281.34958182983, 3: 20276.584343680923, 4: 6142.543237814193}
>>> t=117.00 s; Pushed new meters: {1: 43299.5165775685, 2: 30281.34958182983, 3: 20276.584343680923, 4: 6142.543237814193}
>>> t=118.00 s; Pushed new meters: {1: 43299.5165775685, 2: 30281.34958182983, 3: 20276.584343680923, 4: 6142.543237814193}
>>> t=119.00 s; Pushed new meters: {1: 43299.5165775685, 2: 30281.34958182983, 3: 20276.584343680923, 4: 6142.543237814193}
>>> t=120.00 s; Pushed new meters: {1: 43299.5165775685, 2: 30281.34958182983, 3: 20276.584343680923, 4: 6142.543237814193}
>>> t=121.00 s; Pushed new meters: {1: 43299.5165775685, 2: 30281.34958182983, 3: 20276.584343680923, 4: 6142.543237814193}
>>> t=122.00 s; Pushed new meters: {1: 43299.5165775685, 2: 30281.34958182983, 3: 20276.584343680923, 4: 6142.543237814193}
>>> t=123.00 s; Pushed new meters: {1: 43299.5165775685, 2: 30281.34958182983, 3: 20276.584343680923, 4: 6142.543237814193}
>>> t=124.00 s; Pushed new meters: {1: 43299.5165775685, 2: 30281.34958182983, 3: 20276.584343680923, 4: 6142.543237814193}
>>> t=125.00 s; Pushed new meters: {1: 43299.5165775685, 2: 30281.34958182983, 3: 20276.584343680923, 4: 6142.543237814193}
>>> t=126.00 s; Pushed new meters: {1: 43299.5165775685, 2: 30281.34958182983, 3: 20276.584343680923, 4: 6142.543237814193}
>>> t=127.00 s; Pushed new meters: {1: 43163.464103960025, 2: 30236.6308390084, 3: 20232.961297935126, 4: 6366.937499989892}
>>> t=128.00 s; Pushed new meters: {1: 43862.880936141766, 2: 31522.9093162597, 3: 19923.321427312556, 4: 4690.8820551668605}
>>> t=129.00 s; Pushed new meters: {1: 43418.368218666605, 2: 30909.134402003103, 3: 19719.1169725536, 4: 5953.374141657576}
>>> t=130.00 s; Pushed new meters: {1: 43418.368218666605, 2: 30909.134402003103, 3: 19719.1169725536, 4: 5953.374141657576}
>>> t=131.00 s; Pushed new meters: {1: 43418.368218666605, 2: 30909.134402003103, 3: 19719.1169725536, 4: 5953.374141657576}
>>> t=132.00 s; Pushed new meters: {1: 43418.368218666605, 2: 30909.134402003103, 3: 19719.1169725536, 4: 5953.374141657576}
>>> t=133.00 s; Pushed new meters: {1: 50161.2317686666, 2: 33025.636962003104, 3: 16813.125000024098, 4: 0}
>>> t=134.00 s; Pushed new meters: {1: 51818.919388666596, 2: 33421.3981520031, 3: 14759.676193281193, 4: 0}
>>> t=135.00 s; Pushed new meters: {1: 53884.68749990117, 2: 30846.659317651694, 3: 11835.146916413414, 4: 3433.4999999846095}
>>> t=136.00 s; Pushed new meters: {1: 53881.09663606795, 2: 30807.627854478615, 3: 11822.715084306728, 4: 3488.5541590975936}
>>> t=137.00 s; Pushed new meters: {1: 54861.128388956335, 2: 30067.692395493646, 3: 11584.889569455312, 4: 3486.2833800455933}
>>> t=138.00 s; Pushed new meters: {1: 55656.76705443306, 2: 29623.41043348782, 3: 11254.573918819036, 4: 3465.242327210967}
>>> t=139.00 s; Pushed new meters: {1: 55656.76705443306, 2: 29623.41043348782, 3: 11254.573918819036, 4: 3465.242327210967}
>>> t=140.00 s; Pushed new meters: {1: 55385.70587580416, 2: 29604.537858163585, 3: 11332.124999986514, 4: 3677.624999996625}
>>> t=141.00 s; Pushed new meters: {1: 55252.73894399993, 2: 29492.878412468443, 3: 11301.000608187194, 4: 3953.3757692953186}
>>> t=142.00 s; Pushed new meters: {1: 55252.73894399993, 2: 29492.878412468443, 3: 11301.000608187194, 4: 3953.3757692953186}
>>> t=143.00 s; Pushed new meters: {1: 55252.73894399993, 2: 29492.878412468443, 3: 11301.000608187194, 4: 3953.3757692953186}
>>> t=144.00 s; Pushed new meters: {1: 55252.73894399993, 2: 29492.878412468443, 3: 11301.000608187194, 4: 3953.3757692953186}
>>> t=145.00 s; Pushed new meters: {1: 55220.03766820652, 2: 29473.606023016913, 3: 11294.037542728505, 4: 4012.312499998945}
>>> t=146.00 s; Pushed new meters: {1: 55628.99999980611, 2: 30456.562500160886, 3: 10922.62500001063, 4: 2991.8062300026077}
>>> t=147.00 s; Pushed new meters: {1: 55322.20921769552, 2: 30258.006908777596, 3: 10824.840103510338, 4: 3594.937499996785}
>>> t=148.00 s; Pushed new meters: {1: 55322.20921769552, 2: 30258.006908777596, 3: 10824.840103510338, 4: 3594.937499996785}
>>> t=149.00 s; Pushed new meters: {1: 55180.53231597267, 2: 29806.56368912154, 3: 11485.687499966887, 4: 3527.21022491914}
>>> t=150.00 s; Pushed new meters: {1: 55134.57260179984, 2: 29707.975347401712, 3: 11436.508280782158, 4: 3720.9374999965275}
>>> t=151.00 s; Pushed new meters: {1: 55113.66796368289, 2: 29537.86836329456, 3: 11387.332403021297, 4: 3961.1249999814863}
>>> t=152.00 s; Pushed new meters: {1: 55113.66796368289, 2: 29537.86836329456, 3: 11387.332403021297, 4: 3961.1249999814863}
>>> t=153.00 s; Pushed new meters: {1: 55113.66796368289, 2: 29537.86836329456, 3: 11387.332403021297, 4: 3961.1249999814863}
>>> t=154.00 s; Pushed new meters: {1: 55113.66796368289, 2: 29537.86836329456, 3: 11387.332403021297, 4: 3961.1249999814863}
>>> t=155.00 s; Pushed new meters: {1: 55113.66796368289, 2: 29537.86836329456, 3: 11387.332403021297, 4: 3961.1249999814863}
>>> t=156.00 s; Pushed new meters: {1: 55101.60719229534, 2: 29529.984254490668, 3: 11379.750231161324, 4: 3988.652052032903}
>>> t=157.00 s; Pushed new meters: {1: 55101.60719229534, 2: 29529.984254490668, 3: 11379.750231161324, 4: 3988.652052032903}
>>> t=158.00 s; Pushed new meters: {1: 55101.60719229534, 2: 29529.984254490668, 3: 11379.750231161324, 4: 3988.652052032903}
>>> t=159.00 s; Pushed new meters: {1: 55101.60719229534, 2: 29529.984254490668, 3: 11379.750231161324, 4: 3988.652052032903}
>>> t=160.00 s; Pushed new meters: {1: 55101.60719229534, 2: 29529.984254490668, 3: 11379.750231161324, 4: 3988.652052032903}
>>> t=161.00 s; Pushed new meters: {1: 55101.60719229534, 2: 29529.984254490668, 3: 11379.750231161324, 4: 3988.652052032903}
>>> t=162.00 s; Pushed new meters: {1: 55101.60719229534, 2: 29529.984254490668, 3: 11379.750231161324, 4: 3988.652052032903}
>>> t=163.00 s; Pushed new meters: {1: 55101.60719229534, 2: 29529.984254490668, 3: 11379.750231161324, 4: 3988.652052032903}
>>> t=164.00 s; Pushed new meters: {1: 55101.60719229534, 2: 29529.984254490668, 3: 11379.750231161324, 4: 3988.652052032903}
>>> t=165.00 s; Pushed new meters: {1: 55101.60719229534, 2: 29529.984254490668, 3: 11379.750231161324, 4: 3988.652052032903}
>>> t=166.00 s; Pushed new meters: {1: 55333.347872295344, 2: 31155.67905449067, 3: 13511.006681161325, 4: 0}
>>> t=167.00 s; Pushed new meters: {1: 54539.76727793808, 2: 31480.74553449067, 3: 13979.520791161325, 4: 0}
>>> t=168.00 s; Pushed new meters: {1: 43155.00000006228, 2: 31901.07114449067, 3: 24943.962461161325, 4: 0}
>>> t=169.00 s; Pushed new meters: {1: 42197.42374495369, 2: 31171.48869081933, 3: 22414.04292781917, 4: 4217.0782421220865}
>>> t=170.00 s; Pushed new meters: {1: 42170.2388234856, 2: 31232.407216957792, 3: 22372.52871562267, 4: 4224.858849648217}
>>> t=171.00 s; Pushed new meters: {1: 42067.80709223568, 2: 31221.423419773626, 3: 22261.43204171252, 4: 4449.371051992455}
>>> t=172.00 s; Pushed new meters: {1: 42067.80709223568, 2: 31221.423419773626, 3: 22261.43204171252, 4: 4449.371051992455}
>>> t=173.00 s; Pushed new meters: {1: 42067.80709223568, 2: 31221.423419773626, 3: 22261.43204171252, 4: 4449.371051992455}
>>> t=174.00 s; Pushed new meters: {1: 42067.80709223568, 2: 31221.423419773626, 3: 22261.43204171252, 4: 4449.371051992455}
>>> t=175.00 s; Pushed new meters: {1: 42067.80709223568, 2: 31221.423419773626, 3: 22261.43204171252, 4: 4449.371051992455}
>>> t=176.00 s; Pushed new meters: {1: 42026.40213644362, 2: 31204.365069637206, 3: 22213.578899628825, 4: 4555.687500004631}
>>> t=177.00 s; Pushed new meters: {1: 42026.40213644362, 2: 31204.365069637206, 3: 22213.578899628825, 4: 4555.687500004631}
>>> t=178.00 s; Pushed new meters: {1: 42026.40213644362, 2: 31204.365069637206, 3: 22213.578899628825, 4: 4555.687500004631}
>>> t=179.00 s; Pushed new meters: {1: 41993.32652260819, 2: 31267.55760208149, 3: 22187.371304522592, 4: 4551.778176502005}
>>> t=180.00 s; Pushed new meters: {1: 41993.32652260819, 2: 31267.55760208149, 3: 22187.371304522592, 4: 4551.778176502005}
>>> t=181.00 s; Pushed new meters: {1: 41907.61597486824, 2: 31220.584170239687, 3: 22123.22815596059, 4: 4748.605304645764}
>>> t=182.00 s; Pushed new meters: {1: 41907.61597486824, 2: 31220.584170239687, 3: 22123.22815596059, 4: 4748.605304645764}
>>> t=183.00 s; Pushed new meters: {1: 41907.61597486824, 2: 31220.584170239687, 3: 22123.22815596059, 4: 4748.605304645764}
>>> t=184.00 s; Pushed new meters: {1: 41907.61597486824, 2: 31220.584170239687, 3: 22123.22815596059, 4: 4748.605304645764}
>>> t=185.00 s; Pushed new meters: {1: 41907.61597486824, 2: 31220.584170239687, 3: 22123.22815596059, 4: 4748.605304645764}
>>> t=186.00 s; Pushed new meters: {1: 41907.61597486824, 2: 31220.584170239687, 3: 22123.22815596059, 4: 4748.605304645764}
>>> t=187.00 s; Pushed new meters: {1: 41878.43797551718, 2: 31209.33555377797, 3: 22080.94757640834, 4: 4831.31250001079}
>>> t=188.00 s; Pushed new meters: {1: 41973.75000010202, 2: 31881.937500111948, 3: 21798.000000113738, 4: 4346.346110024709}
>>> t=189.00 s; Pushed new meters: {1: 41973.75000010202, 2: 31881.937500111948, 3: 21798.000000113738, 4: 4346.346110024709}
>>> t=190.00 s; Pushed new meters: {1: 41973.75000010202, 2: 31881.937500111948, 3: 21798.000000113738, 4: 4346.346110024709}
>>> t=191.00 s; Pushed new meters: {1: 41913.63723531313, 2: 31830.625775479075, 3: 21786.708099544365, 4: 4469.062500015843}
>>> t=192.00 s; Pushed new meters: {1: 41913.63723531313, 2: 31830.625775479075, 3: 21786.708099544365, 4: 4469.062500015843}
>>> t=193.00 s; Pushed new meters: {1: 41913.63723531313, 2: 31830.625775479075, 3: 21786.708099544365, 4: 4469.062500015843}
>>> t=194.00 s; Pushed new meters: {1: 41873.91396456613, 2: 31736.255596322266, 3: 21719.989049462736, 4: 4669.875000001284}
>>> t=195.00 s; Pushed new meters: {1: 41873.91396456613, 2: 31736.255596322266, 3: 21719.989049462736, 4: 4669.875000001284}
>>> t=196.00 s; Pushed new meters: {1: 41873.91396456613, 2: 31736.255596322266, 3: 21719.989049462736, 4: 4669.875000001284}
>>> t=197.00 s; Pushed new meters: {1: 41873.91396456613, 2: 31736.255596322266, 3: 21719.989049462736, 4: 4669.875000001284}
>>> t=198.00 s; Pushed new meters: {1: 41873.91396456613, 2: 31736.255596322266, 3: 21719.989049462736, 4: 4669.875000001284}
>>> t=199.00 s; Pushed new meters: {1: 52242.988754566126, 2: 33472.470616322265, 3: 14284.574238782283, 4: 0}
>>> t=200.00 s; Pushed new meters: {1: 54198.19545456613, 2: 33671.92785632227, 3: 12129.910293321183, 4: 0}
>>> t=201.00 s; Pushed new meters: {1: 58499.437500827444, 2: 27772.03502495979, 3: 10121.81107840423, 4: 3606.7500000181144}
>>> t=202.00 s; Pushed new meters: {1: 58378.398407821034, 2: 27504.781110685883, 3: 10112.41658570925, 4: 4004.437499993408}
>>> t=203.00 s; Pushed new meters: {1: 58378.398407821034, 2: 27504.781110685883, 3: 10112.41658570925, 4: 4004.437499993408}
>>> t=204.00 s; Pushed new meters: {1: 58378.398407821034, 2: 27504.781110685883, 3: 10112.41658570925, 4: 4004.437499993408}
>>> t=205.00 s; Pushed new meters: {1: 58378.398407821034, 2: 27504.781110685883, 3: 10112.41658570925, 4: 4004.437499993408}
>>> t=206.00 s; Pushed new meters: {1: 58378.398407821034, 2: 27504.781110685883, 3: 10112.41658570925, 4: 4004.437499993408}
>>> t=207.00 s; Pushed new meters: {1: 58376.50149246007, 2: 27486.21993575901, 3: 10105.017441420372, 4: 4032.2947345701214}
packet in 1 00:00:00:00:00:22 ff:ff:ff:ff:ff:ff 2
packet in 2 00:00:00:00:00:22 ff:ff:ff:ff:ff:ff 1
packet in 3 00:00:00:00:00:22 ff:ff:ff:ff:ff:ff 1
packet in 4 00:00:00:00:00:22 ff:ff:ff:ff:ff:ff 5
>>> t=208.00 s; Pushed new meters: {1: 59298.74999956916, 2: 26925.854930485308, 3: 9907.408725226784, 4: 3868.01994892832}
>>> t=209.00 s; Pushed new meters: {1: 59298.74999956916, 2: 26925.854930485308, 3: 9907.408725226784, 4: 3868.01994892832}
>>> t=210.00 s; Pushed new meters: {1: 58980.35788872017, 2: 26730.590534044284, 3: 10048.488145541924, 4: 4240.597035903193}
>>> t=211.00 s; Pushed new meters: {1: 57456.26732942133, 2: 30076.197318984545, 3: 9836.047991768122, 4: 2631.5209659031925}
>>> t=212.00 s; Pushed new meters: {1: 57648.93749997525, 2: 29079.90677631828, 3: 9762.876829791392, 4: 3508.312499992273}
>>> t=213.00 s; Pushed new meters: {1: 58109.42444575666, 2: 28663.791070129606, 3: 9728.478680766166, 4: 3498.339409424759}
>>> t=214.00 s; Pushed new meters: {1: 58032.42159356887, 2: 28176.761679904437, 3: 9703.67031760985, 4: 4087.180014994032}
>>> t=215.00 s; Pushed new meters: {1: 57874.19606499431, 2: 27946.763018795365, 3: 10162.742556704237, 4: 4016.331965583279}
>>> t=216.00 s; Pushed new meters: {1: 57874.19606499431, 2: 27946.763018795365, 3: 10162.742556704237, 4: 4016.331965583279}
>>> t=217.00 s; Pushed new meters: {1: 58211.779794297676, 2: 27762.809515778383, 3: 10049.061676225463, 4: 3976.382619775668}
>>> t=218.00 s; Pushed new meters: {1: 58349.80852024973, 2: 27671.609054685305, 3: 10019.677809840843, 4: 3958.938221301312}
>>> t=219.00 s; Pushed new meters: {1: 58349.80852024973, 2: 27671.609054685305, 3: 10019.677809840843, 4: 3958.938221301312}
>>> t=220.00 s; Pushed new meters: {1: 58349.80852024973, 2: 27671.609054685305, 3: 10019.677809840843, 4: 3958.938221301312}
>>> t=221.00 s; Pushed new meters: {1: 58349.80852024973, 2: 27671.609054685305, 3: 10019.677809840843, 4: 3958.938221301312}
>>> t=222.00 s; Pushed new meters: {1: 58349.80852024973, 2: 27671.609054685305, 3: 10019.677809840843, 4: 3958.938221301312}
>>> t=223.00 s; Pushed new meters: {1: 58404.937500460524, 2: 27635.677063993808, 3: 10007.127290051925, 4: 3952.291751570933}
>>> t=224.00 s; Pushed new meters: {1: 58487.62499956179, 2: 27519.943989003248, 3: 9991.96461750224, 4: 4000.50000000991}
>>> t=225.00 s; Pushed new meters: {1: 58487.62499956179, 2: 27519.943989003248, 3: 9991.96461750224, 4: 4000.50000000991}
>>> t=226.00 s; Pushed new meters: {1: 58487.62499956179, 2: 27519.943989003248, 3: 9991.96461750224, 4: 4000.50000000991}
>>> t=227.00 s; Pushed new meters: {1: 58487.62499956179, 2: 27519.943989003248, 3: 9991.96461750224, 4: 4000.50000000991}
>>> t=228.00 s; Pushed new meters: {1: 59444.43750028449, 2: 26944.0083048848, 3: 9676.635329906649, 4: 3934.952471001251}
packet in 4 00:00:00:00:00:31 ff:ff:ff:ff:ff:ff 1
packet in 3 00:00:00:00:00:31 ff:ff:ff:ff:ff:ff 2
packet in 2 00:00:00:00:00:31 ff:ff:ff:ff:ff:ff 2
packet in 1 00:00:00:00:00:31 ff:ff:ff:ff:ff:ff 5
>>> t=229.00 s; Pushed new meters: {1: 59444.43750028449, 2: 26944.0083048848, 3: 9676.635329906649, 4: 3934.952471001251}
>>> t=230.00 s; Pushed new meters: {1: 59444.43750028449, 2: 26944.0083048848, 3: 9676.635329906649, 4: 3934.952471001251}
>>> t=231.00 s; Pushed new meters: {1: 59444.43750028449, 2: 26944.0083048848, 3: 9676.635329906649, 4: 3934.952471001251}
>>> t=232.00 s; Pushed new meters: {1: 59751.87534028449, 2: 29188.3871448848, 3: 11059.731769906648, 4: 0}
>>> t=233.00 s; Pushed new meters: {1: 57141.482820975594, 2: 30823.1454648848, 3: 12035.365969906648, 4: 0}
>>> t=234.00 s; Pushed new meters: {1: 45634.876636281086, 2: 34457.251299348914, 3: 16277.593578436681, 4: 3630.272741700366}
>>> t=235.00 s; Pushed new meters: {1: 45504.1532130302, 2: 34440.617932992536, 3: 16263.410609741653, 4: 3791.8125000026557}
>>> t=236.00 s; Pushed new meters: {1: 45138.55767147607, 2: 34606.687499690226, 3: 16580.812499629847, 4: 3673.9365849709066}
>>> t=237.00 s; Pushed new meters: {1: 44562.565370623975, 2: 34567.120833663175, 3: 17254.124999859458, 4: 3616.1830516204404}
>>> t=238.00 s; Pushed new meters: {1: 44481.9873224181, 2: 34744.499999833926, 3: 17178.49034146463, 4: 3595.016592050392}
>>> t=239.00 s; Pushed new meters: {1: 44236.682462332, 2: 35161.87499971902, 3: 17067.8819775946, 4: 3533.554816121429}
>>> t=240.00 s; Pushed new meters: {1: 44236.682462332, 2: 35161.87499971902, 3: 17067.8819775946, 4: 3533.554816121429}
>>> t=241.00 s; Pushed new meters: {1: 44236.682462332, 2: 35161.87499971902, 3: 17067.8819775946, 4: 3533.554816121429}
>>> t=242.00 s; Pushed new meters: {1: 44217.84153321551, 2: 35131.81524432832, 3: 17059.337478234636, 4: 3590.9999999885804}
>>> t=243.00 s; Pushed new meters: {1: 44217.8415331849, 2: 35131.81524431862, 3: 17059.33747823099, 4: 3591.000000032531}
>>> t=244.00 s; Pushed new meters: {1: 44217.8415331849, 2: 35131.81524431862, 3: 17059.33747823099, 4: 3591.000000032531}
packet in 1 00:00:00:00:00:22 ff:ff:ff:ff:ff:ff 2
packet in 2 00:00:00:00:00:22 ff:ff:ff:ff:ff:ff 1
packet in 3 00:00:00:00:00:22 ff:ff:ff:ff:ff:ff 1
packet in 4 00:00:00:00:00:22 ff:ff:ff:ff:ff:ff 5
>>> t=245.00 s; Pushed new meters: {1: 44217.8415331849, 2: 35131.81524431862, 3: 17059.33747823099, 4: 3591.000000032531}
>>> t=246.00 s; Pushed new meters: {1: 46571.8051273466, 2: 32077.98232997628, 3: 18856.211124429537, 4: 2493.995670032531}
>>> t=247.00 s; Pushed new meters: {1: 45018.09638430583, 2: 33523.87499983183, 3: 17922.14786766337, 4: 3535.8749999839156}
>>> t=248.00 s; Pushed new meters: {1: 43309.158519553, 2: 36928.762574709835, 3: 16348.848683033346, 4: 3413.2244744887657}
>>> t=249.00 s; Pushed new meters: {1: 43056.76641728063, 2: 36590.46363131541, 3: 16915.20865689644, 4: 3437.55554629246}
>>> t=250.00 s; Pushed new meters: {1: 43056.76641728063, 2: 36590.46363131541, 3: 16915.20865689644, 4: 3437.55554629246}
>>> t=251.00 s; Pushed new meters: {1: 43391.24999935965, 2: 36361.679282491736, 3: 16797.814970008192, 4: 3449.249999925366}
>>> t=252.00 s; Pushed new meters: {1: 43379.030398316514, 2: 36301.3693659386, 3: 16795.531987514078, 4: 3524.0625000157597}
>>> t=253.00 s; Pushed new meters: {1: 43377.61600287271, 2: 36297.13694878496, 3: 16801.17881645946, 4: 3524.0624836678176}
>>> t=254.00 s; Pushed new meters: {1: 43363.78089613726, 2: 36264.19732764415, 3: 16788.86745541626, 4: 3583.14857258728}
>>> t=255.00 s; Pushed new meters: {1: 43363.78089613726, 2: 36264.19732764415, 3: 16788.86745541626, 4: 3583.14857258728}
>>> t=256.00 s; Pushed new meters: {1: 43363.78089613726, 2: 36264.19732764415, 3: 16788.86745541626, 4: 3583.14857258728}
>>> t=257.00 s; Pushed new meters: {1: 43485.48626000043, 2: 36168.08684732678, 3: 16769.876085326017, 4: 3576.545059131723}
>>> t=258.00 s; Pushed new meters: {1: 43254.799649558096, 2: 35777.85567290924, 3: 17427.37499987762, 4: 3539.9639294399954}
>>> t=259.00 s; Pushed new meters: {1: 43254.799649558096, 2: 35777.85567290924, 3: 17427.37499987762, 4: 3539.9639294399954}
>>> t=260.00 s; Pushed new meters: {1: 43320.17427046201, 2: 35750.93200520221, 3: 17397.8297275962, 4: 3531.058248524529}
>>> t=261.00 s; Pushed new meters: {1: 43320.17427046201, 2: 35750.93200520221, 3: 17397.8297275962, 4: 3531.058248524529}
>>> t=262.00 s; Pushed new meters: {1: 43320.17427046201, 2: 35750.93200520221, 3: 17397.8297275962, 4: 3531.058248524529}
>>> t=263.00 s; Pushed new meters: {1: 43320.17427046201, 2: 35750.93200520221, 3: 17397.8297275962, 4: 3531.058248524529}
>>> t=264.00 s; Pushed new meters: {1: 43320.17427046201, 2: 35750.93200520221, 3: 17397.8297275962, 4: 3531.058248524529}
>>> t=265.00 s; Pushed new meters: {1: 46636.40293046201, 2: 35844.22256520221, 3: 17519.3687475962, 4: 0}
>>> t=266.00 s; Pushed new meters: {1: 52388.95724046201, 2: 31665.84865429206, 3: 15945.18834664533, 4: 0}
>>> t=267.00 s; Pushed new meters: {1: 53354.533631065235, 2: 27195.27982754813, 3: 13917.894901648702, 4: 5532.2858811373335}
>>> t=268.00 s; Pushed new meters: {1: 57479.62500036007, 2: 26058.375000217085, 3: 12777.187500125001, 4: 3684.8067411373336}
>>> t=269.00 s; Pushed new meters: {1: 56214.823636177425, 2: 25624.475452368217, 3: 12612.694754283877, 4: 5548.000399009973}
>>> t=270.00 s; Pushed new meters: {1: 56201.49917006815, 2: 25612.221045950562, 3: 12639.46148742193, 4: 5546.812538398849}
>>> t=271.00 s; Pushed new meters: {1: 56201.49917006815, 2: 25612.221045950562, 3: 12639.46148742193, 4: 5546.812538398849}
>>> t=272.00 s; Pushed new meters: {1: 56201.49917006815, 2: 25612.221045950562, 3: 12639.46148742193, 4: 5546.812538398849}
>>> t=273.00 s; Pushed new meters: {1: 56201.49917006815, 2: 25612.221045950562, 3: 12639.46148742193, 4: 5546.812538398849}
>>> t=274.00 s; Pushed new meters: {1: 56146.46295295927, 2: 25577.029625745225, 3: 12618.314163071522, 4: 5658.187500063475}
>>> t=275.00 s; Pushed new meters: {1: 56146.46295295927, 2: 25577.029625745225, 3: 12618.314163071522, 4: 5658.187500063475}
>>> t=276.00 s; Pushed new meters: {1: 56145.6029092223, 2: 25576.699536155524, 3: 12619.687499861695, 4: 5658.004296599975}
>>> t=277.00 s; Pushed new meters: {1: 56145.6029092223, 2: 25576.699536155524, 3: 12619.687499861695, 4: 5658.004296599975}
>>> t=278.00 s; Pushed new meters: {1: 56145.6029092223, 2: 25576.699536155524, 3: 12619.687499861695, 4: 5658.004296599975}
>>> t=279.00 s; Pushed new meters: {1: 56145.6029092223, 2: 25576.699536155524, 3: 12619.687499861695, 4: 5658.004296599975}
>>> t=280.00 s; Pushed new meters: {1: 56145.6029092223, 2: 25576.699536155524, 3: 12619.687499861695, 4: 5658.004296599975}
>>> t=281.00 s; Pushed new meters: {1: 56145.6029092223, 2: 25576.699536155524, 3: 12619.687499861695, 4: 5658.004296599975}
>>> t=282.00 s; Pushed new meters: {1: 56145.6029092223, 2: 25576.699536155524, 3: 12619.687499861695, 4: 5658.004296599975}
>>> t=283.00 s; Pushed new meters: {1: 56145.6029092223, 2: 25576.699536155524, 3: 12619.687499861695, 4: 5658.004296599975}
>>> t=284.00 s; Pushed new meters: {1: 56145.6029092223, 2: 25576.699536155524, 3: 12619.687499861695, 4: 5658.004296599975}
>>> t=285.00 s; Pushed new meters: {1: 56137.08783845167, 2: 25570.271526078162, 3: 12618.697377379647, 4: 5673.937499930022}
>>> t=286.00 s; Pushed new meters: {1: 56137.08783845167, 2: 25570.271526078162, 3: 12618.697377379647, 4: 5673.937499930022}
>>> t=287.00 s; Pushed new meters: {1: 56137.08783845167, 2: 25570.271526078162, 3: 12618.697377379647, 4: 5673.937499930022}
>>> t=288.00 s; Pushed new meters: {1: 58026.93749825808, 2: 25857.562499535677, 3: 12812.62499986148, 4: 3302.870219868043}
>>> t=289.00 s; Pushed new meters: {1: 56666.6609979429, 2: 25293.200689748497, 3: 12566.953496550383, 4: 5473.180033281503}
>>> t=290.00 s; Pushed new meters: {1: 56448.19489845381, 2: 25218.71386295934, 3: 12726.031420216728, 4: 5607.055035893407}
>>> t=291.00 s; Pushed new meters: {1: 56423.76485607509, 2: 25211.00823007206, 3: 12718.855014224417, 4: 5646.367117151717}
>>> t=292.00 s; Pushed new meters: {1: 56423.76485607509, 2: 25211.00823007206, 3: 12718.855014224417, 4: 5646.367117151717}
>>> t=293.00 s; Pushed new meters: {1: 56418.54742970729, 2: 25209.330601940303, 3: 12725.99999964831, 4: 5646.117186227381}
>>> t=294.00 s; Pushed new meters: {1: 56398.388853765435, 2: 25208.812886349355, 3: 12722.793477423644, 4: 5669.999999984844}
>>> t=295.00 s; Pushed new meters: {1: 56398.388853765435, 2: 25208.812886349355, 3: 12722.793477423644, 4: 5669.999999984844}
>>> t=296.00 s; Pushed new meters: {1: 56398.388853765435, 2: 25208.812886349355, 3: 12722.793477423644, 4: 5669.999999984844}
>>> t=297.00 s; Pushed new meters: {1: 56398.388853765435, 2: 25208.812886349355, 3: 12722.793477423644, 4: 5669.999999984844}
>>> t=298.00 s; Pushed new meters: {1: 58215.567153765434, 2: 28033.720286349355, 3: 13750.764477423643, 4: 0}
>>> t=299.00 s; Pushed new meters: {1: 58215.567153765434, 2: 28033.720286349355, 3: 13750.764477423643, 4: 0}
>>> t=300.00 s; Pushed new meters: {1: 54967.58288580354, 2: 30653.544396349356, 3: 14378.924637423643, 4: 0}
>>> t=301.00 s; Pushed new meters: {1: 53667.86825172346, 2: 30077.162166206675, 3: 14056.905080422142, 4: 2198.1164212242584}
>>> t=302.00 s; Pushed new meters: {1: 51284.69561683303, 2: 31354.895339851457, 3: 13950.546590507316, 4: 3409.914372384737}
>>> t=303.00 s; Pushed new meters: {1: 50151.45137495767, 2: 32173.23384231008, 3: 14135.566005569144, 4: 3539.8006967396395}
>>> t=304.00 s; Pushed new meters: {1: 50151.45137495767, 2: 32173.23384231008, 3: 14135.566005569144, 4: 3539.8006967396395}
>>> t=305.00 s; Pushed new meters: {1: 49882.140731322055, 2: 32508.102045050946, 3: 14094.176409536549, 4: 3515.6327336669838}
>>> t=306.00 s; Pushed new meters: {1: 49882.140731322055, 2: 32508.102045050946, 3: 14094.176409536549, 4: 3515.6327336669838}
>>> t=307.00 s; Pushed new meters: {1: 49882.140731322055, 2: 32508.102045050946, 3: 14094.176409536549, 4: 3515.6327336669838}
>>> t=308.00 s; Pushed new meters: {1: 50718.937500130734, 2: 33539.624999600346, 3: 14572.68749987545, 4: 1168.8019200244946}
>>> t=309.00 s; Pushed new meters: {1: 49642.08044247656, 2: 32920.10472047996, 3: 14260.312119838629, 4: 3177.554636835879}
>>> t=310.00 s; Pushed new meters: {1: 49450.075731705605, 2: 32748.365862202656, 3: 14344.446071207989, 4: 3457.164254514777}
>>> t=311.00 s; Pushed new meters: {1: 49402.00584752556, 2: 32675.68993817431, 3: 14466.53618345363, 4: 3455.819950477532}
>>> t=312.00 s; Pushed new meters: {1: 49584.9375001256, 2: 32616.13610028822, 3: 14361.926444521858, 4: 3437.051874695358}
>>> t=313.00 s; Pushed new meters: {1: 49584.9375001256, 2: 32616.13610028822, 3: 14361.926444521858, 4: 3437.051874695358}
>>> t=314.00 s; Pushed new meters: {1: 49584.9375001256, 2: 32616.13610028822, 3: 14361.926444521858, 4: 3437.051874695358}
>>> t=315.00 s; Pushed new meters: {1: 49569.99483800201, 2: 32614.89757658924, 3: 14358.042398462498, 4: 3457.117106577287}
>>> t=316.00 s; Pushed new meters: {1: 49501.74595452123, 2: 32598.171588591114, 3: 14356.455227782892, 4: 3543.6791487357914}
>>> t=317.00 s; Pushed new meters: {1: 49460.76829590011, 2: 32581.470697373523, 3: 14335.312926222407, 4: 3622.500000134991}
>>> t=318.00 s; Pushed new meters: {1: 49460.76829590011, 2: 32581.470697373523, 3: 14335.312926222407, 4: 3622.500000134991}
>>> t=319.00 s; Pushed new meters: {1: 49460.76829590011, 2: 32581.470697373523, 3: 14335.312926222407, 4: 3622.500000134991}
>>> t=320.00 s; Pushed new meters: {1: 49460.76829590011, 2: 32581.470697373523, 3: 14335.312926222407, 4: 3622.500000134991}
>>> t=321.00 s; Pushed new meters: {1: 49449.51451181545, 2: 32598.56249949425, 3: 14332.27866693036, 4: 3619.696241390978}
>>> t=322.00 s; Pushed new meters: {1: 49449.51451181545, 2: 32598.56249949425, 3: 14332.27866693036, 4: 3619.696241390978}
>>> t=323.00 s; Pushed new meters: {1: 49449.51451181545, 2: 32598.56249949425, 3: 14332.27866693036, 4: 3619.696241390978}
>>> t=324.00 s; Pushed new meters: {1: 49449.51451181545, 2: 32598.56249949425, 3: 14332.27866693036, 4: 3619.696241390978}
>>> t=325.00 s; Pushed new meters: {1: 49449.51451181545, 2: 32598.56249949425, 3: 14332.27866693036, 4: 3619.696241390978}
>>> t=326.00 s; Pushed new meters: {1: 49449.51451181545, 2: 32598.56249949425, 3: 14332.27866693036, 4: 3619.696241390978}
>>> t=327.00 s; Pushed new meters: {1: 49449.51451181545, 2: 32598.56249949425, 3: 14332.27866693036, 4: 3619.696241390978}
>>> t=328.00 s; Pushed new meters: {1: 49449.51451181545, 2: 32598.56249949425, 3: 14332.27866693036, 4: 3619.696241390978}
>>> t=329.00 s; Pushed new meters: {1: 49449.51451181545, 2: 32598.56249949425, 3: 14332.27866693036, 4: 3619.696241390978}
